###############################################################################
#
# IAR ELF Linker V7.40.1.8447/W32 for ARM                 14/Nov/2015  18:07:00
# Copyright 2007-2015 IAR Systems AB.
#
#    Output file  =  
#        D:\git\lcd\SPL_Projects\Project\lcd_ILI9341\EWARM\Debug\Exe\Project.out
#    Map file     =  
#        D:\git\lcd\SPL_Projects\Project\lcd_ILI9341\EWARM\Debug\List\Project.map
#    Command line =  
#        D:\git\lcd\SPL_Projects\Project\lcd_ILI9341\EWARM\Debug\Obj\main.o
#        D:\git\lcd\SPL_Projects\Project\lcd_ILI9341\EWARM\Debug\Obj\misc.o
#        D:\git\lcd\SPL_Projects\Project\lcd_ILI9341\EWARM\Debug\Obj\startup_stm32f40_41xxx.o
#        D:\git\lcd\SPL_Projects\Project\lcd_ILI9341\EWARM\Debug\Obj\stm324xg_eval.o
#        D:\git\lcd\SPL_Projects\Project\lcd_ILI9341\EWARM\Debug\Obj\stm324xg_eval_lcd.o
#        D:\git\lcd\SPL_Projects\Project\lcd_ILI9341\EWARM\Debug\Obj\stm32f4xx_exti.o
#        D:\git\lcd\SPL_Projects\Project\lcd_ILI9341\EWARM\Debug\Obj\stm32f4xx_fsmc.o
#        D:\git\lcd\SPL_Projects\Project\lcd_ILI9341\EWARM\Debug\Obj\stm32f4xx_gpio.o
#        D:\git\lcd\SPL_Projects\Project\lcd_ILI9341\EWARM\Debug\Obj\stm32f4xx_it.o
#        D:\git\lcd\SPL_Projects\Project\lcd_ILI9341\EWARM\Debug\Obj\stm32f4xx_rcc.o
#        D:\git\lcd\SPL_Projects\Project\lcd_ILI9341\EWARM\Debug\Obj\stm32f4xx_sdio.o
#        D:\git\lcd\SPL_Projects\Project\lcd_ILI9341\EWARM\Debug\Obj\stm32f4xx_tim.o
#        D:\git\lcd\SPL_Projects\Project\lcd_ILI9341\EWARM\Debug\Obj\stm32f4xx_usart.o
#        D:\git\lcd\SPL_Projects\Project\lcd_ILI9341\EWARM\Debug\Obj\system_stm32f4xx.o
#        --redirect _Printf=_PrintfSmall --redirect _Scanf=_ScanfSmall -o
#        D:\git\lcd\SPL_Projects\Project\lcd_ILI9341\EWARM\Debug\Exe\Project.out
#        --map
#        D:\git\lcd\SPL_Projects\Project\lcd_ILI9341\EWARM\Debug\List\Project.map
#        --config
#        D:\git\lcd\SPL_Projects\Project\lcd_ILI9341\EWARM\stm32f4xx_flash.icf
#        --semihosting --entry __iar_program_start --vfe
#
###############################################################################

*******************************************************************************
*** RUNTIME MODEL ATTRIBUTES
***

CppFlavor       = *
__SystemLibrary = DLib


*******************************************************************************
*** PLACEMENT SUMMARY
***

"A1":  place at 0x08000000 { ro section .intvec };
"P1":  place in [from 0x08000000 to 0x081fffff] { ro };
"P2":  place in [from 0x20000000 to 0x2002ffff] { rw, block CSTACK, block HEAP };

  Section            Kind        Address     Size  Object
  -------            ----        -------     ----  ------
"A1":                                       0x188
  .intvec            ro code  0x08000000    0x188  startup_stm32f40_41xxx.o [1]
                            - 0x08000188    0x188

"P1":                                     0x27f00
  .rodata            const    0x08000188  0x25800  main.o [1]
  .rodata            const    0x08025988   0x11d0  stm324xg_eval_lcd.o [1]
  .text              ro code  0x08026b58    0x978  stm324xg_eval_lcd.o [1]
  .text              ro code  0x080274d0    0x10c  stm32f4xx_gpio.o [1]
  .text              ro code  0x080275dc    0x194  stm32f4xx_rcc.o [1]
  .text              ro code  0x08027770    0x164  stm32f4xx_fsmc.o [1]
  .text              ro code  0x080278d4    0x27c  main.o [1]
  .text              ro code  0x08027b50    0x14e  stm32f4xx_tim.o [1]
  .text              ro code  0x08027ca0    0x150  system_stm32f4xx.o [1]
  .text              ro code  0x08027df0     0x2c  copy_init3.o [5]
  .text              ro code  0x08027e1c     0x28  data_init.o [5]
  .text              ro code  0x08027e44     0x22  fpinit_M.o [4]
  .iar.init_table    const    0x08027e68     0x14  - Linker created -
  .text              ro code  0x08027e7c     0x1a  cmain.o [5]
  .text              ro code  0x08027e96      0x4  low_level_init.o [3]
  .text              ro code  0x08027e9a      0x4  exit.o [3]
  .text              ro code  0x08027ea0      0xa  cexit.o [5]
  .text              ro code  0x08027eac     0x14  exit.o [6]
  .text              ro code  0x08027ec0     0x18  stm32f4xx_it.o [1]
  .text              ro code  0x08027ed8     0x10  startup_stm32f40_41xxx.o [1]
  .text              ro code  0x08027ee8      0xc  cstartup_M.o [5]
  .text              ro code  0x08027ef4      0x4  startup_stm32f40_41xxx.o [1]
  .text              ro code  0x08027ef8      0x4  startup_stm32f40_41xxx.o [1]
  .text              ro code  0x08027efc      0x4  startup_stm32f40_41xxx.o [1]
  .text              ro code  0x08027f00      0x4  startup_stm32f40_41xxx.o [1]
  .text              ro code  0x08027f04      0x4  startup_stm32f40_41xxx.o [1]
  .text              ro code  0x08027f08      0x4  startup_stm32f40_41xxx.o [1]
  .text              ro code  0x08027f0c      0x4  startup_stm32f40_41xxx.o [1]
  .text              ro code  0x08027f10      0x4  startup_stm32f40_41xxx.o [1]
  .text              ro code  0x08027f14      0x4  startup_stm32f40_41xxx.o [1]
  .text              ro code  0x08027f18      0x4  startup_stm32f40_41xxx.o [1]
  .text              ro code  0x08027f1c      0x4  startup_stm32f40_41xxx.o [1]
  .text              ro code  0x08027f20      0x4  startup_stm32f40_41xxx.o [1]
  .text              ro code  0x08027f24      0x4  startup_stm32f40_41xxx.o [1]
  .text              ro code  0x08027f28      0x4  startup_stm32f40_41xxx.o [1]
  .text              ro code  0x08027f2c      0x4  startup_stm32f40_41xxx.o [1]
  .text              ro code  0x08027f30      0x4  startup_stm32f40_41xxx.o [1]
  .text              ro code  0x08027f34      0x4  startup_stm32f40_41xxx.o [1]
  .text              ro code  0x08027f38      0x4  startup_stm32f40_41xxx.o [1]
  .text              ro code  0x08027f3c      0x4  startup_stm32f40_41xxx.o [1]
  .text              ro code  0x08027f40      0x4  startup_stm32f40_41xxx.o [1]
  .text              ro code  0x08027f44      0x4  startup_stm32f40_41xxx.o [1]
  .text              ro code  0x08027f48      0x4  startup_stm32f40_41xxx.o [1]
  .text              ro code  0x08027f4c      0x4  startup_stm32f40_41xxx.o [1]
  .text              ro code  0x08027f50      0x4  startup_stm32f40_41xxx.o [1]
  .text              ro code  0x08027f54      0x4  startup_stm32f40_41xxx.o [1]
  .text              ro code  0x08027f58      0x4  startup_stm32f40_41xxx.o [1]
  .text              ro code  0x08027f5c      0x4  startup_stm32f40_41xxx.o [1]
  .text              ro code  0x08027f60      0x4  startup_stm32f40_41xxx.o [1]
  .text              ro code  0x08027f64      0x4  startup_stm32f40_41xxx.o [1]
  .text              ro code  0x08027f68      0x4  startup_stm32f40_41xxx.o [1]
  .text              ro code  0x08027f6c      0x4  startup_stm32f40_41xxx.o [1]
  .text              ro code  0x08027f70      0x4  startup_stm32f40_41xxx.o [1]
  .text              ro code  0x08027f74      0x4  startup_stm32f40_41xxx.o [1]
  .text              ro code  0x08027f78      0x4  startup_stm32f40_41xxx.o [1]
  .text              ro code  0x08027f7c      0x4  startup_stm32f40_41xxx.o [1]
  .text              ro code  0x08027f80      0x4  startup_stm32f40_41xxx.o [1]
  .text              ro code  0x08027f84      0x4  startup_stm32f40_41xxx.o [1]
  .text              ro code  0x08027f88      0x4  startup_stm32f40_41xxx.o [1]
  .text              ro code  0x08027f8c      0x4  startup_stm32f40_41xxx.o [1]
  .text              ro code  0x08027f90      0x4  startup_stm32f40_41xxx.o [1]
  .text              ro code  0x08027f94      0x4  startup_stm32f40_41xxx.o [1]
  .text              ro code  0x08027f98      0x4  startup_stm32f40_41xxx.o [1]
  .text              ro code  0x08027f9c      0x4  startup_stm32f40_41xxx.o [1]
  .text              ro code  0x08027fa0      0x4  startup_stm32f40_41xxx.o [1]
  .text              ro code  0x08027fa4      0x4  startup_stm32f40_41xxx.o [1]
  .text              ro code  0x08027fa8      0x4  startup_stm32f40_41xxx.o [1]
  .text              ro code  0x08027fac      0x4  startup_stm32f40_41xxx.o [1]
  .text              ro code  0x08027fb0      0x4  startup_stm32f40_41xxx.o [1]
  .text              ro code  0x08027fb4      0x4  startup_stm32f40_41xxx.o [1]
  .text              ro code  0x08027fb8      0x4  startup_stm32f40_41xxx.o [1]
  .text              ro code  0x08027fbc      0x4  startup_stm32f40_41xxx.o [1]
  .text              ro code  0x08027fc0      0x4  startup_stm32f40_41xxx.o [1]
  .text              ro code  0x08027fc4      0x4  startup_stm32f40_41xxx.o [1]
  .text              ro code  0x08027fc8      0x4  startup_stm32f40_41xxx.o [1]
  .text              ro code  0x08027fcc      0x4  startup_stm32f40_41xxx.o [1]
  .text              ro code  0x08027fd0      0x4  startup_stm32f40_41xxx.o [1]
  .text              ro code  0x08027fd4      0x4  startup_stm32f40_41xxx.o [1]
  .text              ro code  0x08027fd8      0x4  startup_stm32f40_41xxx.o [1]
  .text              ro code  0x08027fdc      0x4  startup_stm32f40_41xxx.o [1]
  .text              ro code  0x08027fe0      0x4  startup_stm32f40_41xxx.o [1]
  .text              ro code  0x08027fe4      0x4  startup_stm32f40_41xxx.o [1]
  .text              ro code  0x08027fe8      0x4  startup_stm32f40_41xxx.o [1]
  .text              ro code  0x08027fec      0x4  startup_stm32f40_41xxx.o [1]
  .text              ro code  0x08027ff0      0x4  startup_stm32f40_41xxx.o [1]
  .text              ro code  0x08027ff4      0x4  startup_stm32f40_41xxx.o [1]
  .text              ro code  0x08027ff8      0x4  startup_stm32f40_41xxx.o [1]
  .text              ro code  0x08027ffc      0x4  startup_stm32f40_41xxx.o [1]
  .text              ro code  0x08028000      0x4  startup_stm32f40_41xxx.o [1]
  .text              ro code  0x08028004      0x4  startup_stm32f40_41xxx.o [1]
  .text              ro code  0x08028008      0x4  startup_stm32f40_41xxx.o [1]
  .text              ro code  0x0802800c      0x4  startup_stm32f40_41xxx.o [1]
  .text              ro code  0x08028010      0x4  startup_stm32f40_41xxx.o [1]
  .text              ro code  0x08028014      0x4  startup_stm32f40_41xxx.o [1]
  .text              ro code  0x08028018      0x4  startup_stm32f40_41xxx.o [1]
  .text              ro code  0x0802801c      0x4  startup_stm32f40_41xxx.o [1]
  .text              ro code  0x08028020      0x4  startup_stm32f40_41xxx.o [1]
  .text              ro code  0x08028024      0x4  startup_stm32f40_41xxx.o [1]
  .text              ro code  0x08028028      0x4  startup_stm32f40_41xxx.o [1]
  .text              ro code  0x0802802c      0x4  startup_stm32f40_41xxx.o [1]
  .text              ro code  0x08028030      0x4  startup_stm32f40_41xxx.o [1]
  .text              ro code  0x08028034      0x4  startup_stm32f40_41xxx.o [1]
  .text              ro code  0x08028038      0x4  startup_stm32f40_41xxx.o [1]
  .rodata            const    0x0802803c      0x0  copy_init3.o [5]
  Initializer bytes  const    0x0802803c     0x4c  <for P2 s0>
                            - 0x08028088  0x27f00

"P2":                                       0x450
  P2 s0                       0x20000000     0x4c  <Init block>
    .data            inited   0x20000000     0x14  main.o [1]
    .data            inited   0x20000014     0x10  stm32f4xx_rcc.o [1]
    .bss             inited   0x20000024     0x10  main.o [1]
    .data            inited   0x20000034      0x8  stm324xg_eval_lcd.o [1]
    .data            inited   0x2000003c      0x4  system_stm32f4xx.o [1]
    .bss             inited   0x20000040      0x4  main.o [1]
    .bss             inited   0x20000044      0x4  stm324xg_eval_lcd.o [1]
    .data            inited   0x20000048      0x2  stm324xg_eval_lcd.o [1]
    .bss             inited   0x2000004a      0x2  stm324xg_eval_lcd.o [1]
  CSTACK                      0x20000050    0x400  <Block>
    CSTACK           uninit   0x20000050    0x400  <Block tail>
                            - 0x20000450    0x450


*******************************************************************************
*** INIT TABLE
***

          Address     Size
          -------     ----
Copy (__iar_copy_init3)
    1 source range, total size 0x4c:
          0x0802803c  0x4c
    1 destination range, total size 0x4c:
          0x20000000  0x4c



*******************************************************************************
*** MODULE SUMMARY
***

    Module                    ro code  ro data  rw data
    ------                    -------  -------  -------
D:\git\lcd\SPL_Projects\Project\lcd_ILI9341\EWARM\Debug\Obj: [1]
    main.o                        636  153 640       40
    startup_stm32f40_41xxx.o      736
    stm324xg_eval_lcd.o         2 424    4 576       16
    stm32f4xx_fsmc.o              356
    stm32f4xx_gpio.o              268
    stm32f4xx_it.o                 24
    stm32f4xx_rcc.o               404       16       16
    stm32f4xx_tim.o               334
    system_stm32f4xx.o            336        4        4
    ---------------------------------------------------
    Total:                      5 518  158 236       76

command line: [2]
    ---------------------------------------------------
    Total:

dl7M_tln.a: [3]
    exit.o                          4
    low_level_init.o                4
    ---------------------------------------------------
    Total:                          8

m7M_tls.a: [4]
    fpinit_M.o                     34
    ---------------------------------------------------
    Total:                         34

rt7M_tl.a: [5]
    cexit.o                        10
    cmain.o                        26
    copy_init3.o                   44
    cstartup_M.o                   12
    data_init.o                    40
    ---------------------------------------------------
    Total:                        132

shb_l.a: [6]
    exit.o                         20
    ---------------------------------------------------
    Total:                         20

    Gaps                            6        2
    Linker created                          20    1 024
-------------------------------------------------------
    Grand Total:                5 718  158 258    1 100


*******************************************************************************
*** ENTRY LIST
***

Entry                      Address     Size  Type      Object
-----                      -------     ----  ----      ------
.iar.init_table$$Base   0x08027e68            --   Gb  - Linker created -
.iar.init_table$$Limit  0x08027e7c            --   Gb  - Linker created -
?main                   0x08027e7d           Code  Gb  cmain.o [5]
APBAHBPrescTable        0x20000014     0x10  Data  Lc  stm32f4xx_rcc.o [1]
ASCII16x24_Table        0x08025988   0x11d0  Data  Gb  stm324xg_eval_lcd.o [1]
BackColor               0x20000048      0x2  Data  Gb  stm324xg_eval_lcd.o [1]
BusFault_Handler        0x08027ec7      0x2  Code  Gb  stm32f4xx_it.o [1]
COLOR                   0x20000000     0x14  Data  Lc  main.o [1]
CSTACK$$Base            0x20000050            --   Gb  - Linker created -
CSTACK$$Limit           0x20000450            --   Gb  - Linker created -
DebugMon_Handler        0x08027ecd      0x2  Code  Gb  stm32f4xx_it.o [1]
Delay                   0x08027aeb     0x14  Code  Lc  main.o [1]
FSMC_NORSRAMCmd         0x08027893     0x34  Code  Gb  stm32f4xx_fsmc.o [1]
FSMC_NORSRAMInit        0x08027771    0x122  Code  Gb  stm32f4xx_fsmc.o [1]
Font16x24               0x20000034      0x8  Data  Gb  stm324xg_eval_lcd.o [1]
GPIO_Init               0x080274d1     0xaa  Code  Gb  stm32f4xx_gpio.o [1]
GPIO_PinAFConfig        0x08027583     0x5a  Code  Gb  stm32f4xx_gpio.o [1]
GPIO_ResetBits          0x0802757f      0x4  Code  Gb  stm32f4xx_gpio.o [1]
GPIO_SetBits            0x0802757b      0x4  Code  Gb  stm32f4xx_gpio.o [1]
HardFault_Handler       0x08027ec3      0x2  Code  Gb  stm32f4xx_it.o [1]
LCD_Clear               0x08026cab     0x28  Code  Gb  stm324xg_eval_lcd.o [1]
LCD_CtrlLinesConfig     0x080272c5    0x124  Code  Gb  stm324xg_eval_lcd.o [1]
LCD_Currentfonts        0x20000044      0x4  Data  Lc  stm324xg_eval_lcd.o [1]
LCD_DrawChar            0x08026d03     0xc4  Code  Gb  stm324xg_eval_lcd.o [1]
LCD_DrawCircle          0x08026e93    0x138  Code  Gb  stm324xg_eval_lcd.o [1]
LCD_DrawFullCircle      0x08027035     0xde  Code  Gb  stm324xg_eval_lcd.o [1]
LCD_DrawFullRect        0x08026ff7     0x3e  Code  Gb  stm324xg_eval_lcd.o [1]
LCD_DrawLine            0x08026dc7     0x70  Code  Gb  stm324xg_eval_lcd.o [1]
LCD_DrawRect            0x08026e37     0x5c  Code  Gb  stm324xg_eval_lcd.o [1]
LCD_DrawUniLine         0x08027115    0x18a  Code  Gb  stm324xg_eval_lcd.o [1]
LCD_FSMCConfig          0x080273ed     0x78  Code  Gb  stm324xg_eval_lcd.o [1]
LCD_Init                0x08026b59    0x12a  Code  Gb  stm324xg_eval_lcd.o [1]
LCD_SetBackColor        0x08026c93     0x10  Code  Gb  stm324xg_eval_lcd.o [1]
LCD_SetCursor           0x08026cd3     0x30  Code  Gb  stm324xg_eval_lcd.o [1]
LCD_SetFont             0x08026ca3      0x8  Code  Gb  stm324xg_eval_lcd.o [1]
LCD_SetTextColor        0x08026c83     0x10  Code  Gb  stm324xg_eval_lcd.o [1]
LCD_WriteBMP            0x08026fcb     0x2c  Code  Gb  stm324xg_eval_lcd.o [1]
LCD_WriteCommand        0x0802729f      0x8  Code  Lc  stm324xg_eval_lcd.o [1]
LCD_WriteRAM            0x080272af      0x6  Code  Gb  stm324xg_eval_lcd.o [1]
LCD_WriteRAM_Prepare    0x080272a7      0x8  Code  Gb  stm324xg_eval_lcd.o [1]
MemManage_Handler       0x08027ec5      0x2  Code  Gb  stm32f4xx_it.o [1]
NMI_Handler             0x08027ec1      0x2  Code  Gb  stm32f4xx_it.o [1]
NVIC_SetPriority        0x080278d5     0x26  Code  Lc  main.o [1]
PendSV_Handler          0x08027ecf      0x2  Code  Gb  stm32f4xx_it.o [1]
PutPixel                0x08027465     0x34  Code  Lc  stm324xg_eval_lcd.o [1]
RCC_AHB1PeriphClockCmd  0x080276f1     0x22  Code  Gb  stm32f4xx_rcc.o [1]
RCC_AHB3PeriphClockCmd  0x08027713     0x1e  Code  Gb  stm32f4xx_rcc.o [1]
RCC_APB1PeriphClockCmd  0x08027731     0x1e  Code  Gb  stm32f4xx_rcc.o [1]
RCC_Clocks              0x20000024     0x10  Data  Gb  main.o [1]
RCC_GetClocksFreq       0x080275dd    0x114  Code  Gb  stm32f4xx_rcc.o [1]
Region$$Table$$Base     0x08027e68            --   Gb  - Linker created -
Region$$Table$$Limit    0x08027e7c            --   Gb  - Linker created -
SVC_Handler             0x08027ecb      0x2  Code  Gb  stm32f4xx_it.o [1]
SetSysClock             0x08027cf3     0xce  Code  Lc  system_stm32f4xx.o [1]
SysTick_Config          0x080278fb     0x30  Code  Lc  main.o [1]
SysTick_Handler         0x08027ed1      0x8  Code  Gb  stm32f4xx_it.o [1]
SystemCoreClock         0x2000003c      0x4  Data  Gb  system_stm32f4xx.o [1]
SystemInit              0x08027ca1     0x52  Code  Gb  system_stm32f4xx.o [1]
TIM_ARRPreloadConfig    0x08027bbb     0x1c  Code  Gb  stm32f4xx_tim.o [1]
TIM_Cmd                 0x08027bd7     0x1c  Code  Gb  stm32f4xx_tim.o [1]
TIM_OC1Init             0x08027bf3     0x7e  Code  Gb  stm32f4xx_tim.o [1]
TIM_OC1PreloadConfig    0x08027c8d     0x12  Code  Gb  stm32f4xx_tim.o [1]
TIM_TimeBaseInit        0x08027b51     0x6a  Code  Gb  stm32f4xx_tim.o [1]
TextColor               0x2000004a      0x2  Data  Gb  stm324xg_eval_lcd.o [1]
TimingDelay_Decrement   0x08027aff     0x14  Code  Gb  main.o [1]
UsageFault_Handler      0x08027ec9      0x2  Code  Gb  stm32f4xx_it.o [1]
__cmain                 0x08027e7d           Code  Gb  cmain.o [5]
__exit                  0x08027ead     0x14  Code  Gb  exit.o [6]
__iar_copy_init3        0x08027df1     0x2c  Code  Gb  copy_init3.o [5]
__iar_data_init3        0x08027e1d     0x28  Code  Gb  data_init.o [5]
__iar_init_vfp          0x08027e45           Code  Gb  fpinit_M.o [4]
__iar_program_start     0x08027ee9           Code  Gb  cstartup_M.o [5]
__low_level_init        0x08027e97      0x4  Code  Gb  low_level_init.o [3]
__vector_table          0x08000000           Data  Gb  startup_stm32f40_41xxx.o [1]
_call_main              0x08027e89           Code  Gb  cmain.o [5]
_exit                   0x08027ea1           Code  Gb  cexit.o [5]
_main                   0x08027e93           Code  Gb  cmain.o [5]
delay                   0x08027499     0x22  Code  Lc  stm324xg_eval_lcd.o [1]
exit                    0x08027e9b      0x4  Code  Gb  exit.o [3]
image_data_Tulips       0x08000188  0x25800  Data  Lc  main.o [1]
main                    0x08027a0b     0xe0  Code  Gb  main.o [1]
uwTimingDelay           0x20000040      0x4  Data  Lc  main.o [1]
xGPIO_Init              0x0802799f     0x6c  Code  Gb  main.o [1]
xTIM_Init               0x0802792b     0x74  Code  Gb  main.o [1]


[1] = D:\git\lcd\SPL_Projects\Project\lcd_ILI9341\EWARM\Debug\Obj
[2] = command line
[3] = dl7M_tln.a
[4] = m7M_tls.a
[5] = rt7M_tl.a
[6] = shb_l.a

    5 718 bytes of readonly  code memory
  158 258 bytes of readonly  data memory
    1 100 bytes of readwrite data memory

Errors: none
Warnings: none
