###############################################################################
#
# IAR ELF Linker V7.40.1.8447/W32 for ARM                 18/Nov/2015  22:59:24
# Copyright 2007-2015 IAR Systems AB.
#
#    Output file  =  
#        D:\git\lcd\SPL_Projects\Project\lcd_ILI9341\EWARM\Debug\Exe\Project.out
#    Map file     =  
#        D:\git\lcd\SPL_Projects\Project\lcd_ILI9341\EWARM\Debug\List\Project.map
#    Command line =  
#        D:\git\lcd\SPL_Projects\Project\lcd_ILI9341\EWARM\Debug\Obj\cmsis_os.o
#        D:\git\lcd\SPL_Projects\Project\lcd_ILI9341\EWARM\Debug\Obj\croutine.o
#        D:\git\lcd\SPL_Projects\Project\lcd_ILI9341\EWARM\Debug\Obj\event_groups.o
#        D:\git\lcd\SPL_Projects\Project\lcd_ILI9341\EWARM\Debug\Obj\freertos.o
#        D:\git\lcd\SPL_Projects\Project\lcd_ILI9341\EWARM\Debug\Obj\functions.o
#        D:\git\lcd\SPL_Projects\Project\lcd_ILI9341\EWARM\Debug\Obj\heap_4.o
#        D:\git\lcd\SPL_Projects\Project\lcd_ILI9341\EWARM\Debug\Obj\list.o
#        D:\git\lcd\SPL_Projects\Project\lcd_ILI9341\EWARM\Debug\Obj\main.o
#        D:\git\lcd\SPL_Projects\Project\lcd_ILI9341\EWARM\Debug\Obj\misc.o
#        D:\git\lcd\SPL_Projects\Project\lcd_ILI9341\EWARM\Debug\Obj\port.o
#        D:\git\lcd\SPL_Projects\Project\lcd_ILI9341\EWARM\Debug\Obj\portasm.o
#        D:\git\lcd\SPL_Projects\Project\lcd_ILI9341\EWARM\Debug\Obj\queue.o
#        D:\git\lcd\SPL_Projects\Project\lcd_ILI9341\EWARM\Debug\Obj\startup_stm32f40_41xxx.o
#        D:\git\lcd\SPL_Projects\Project\lcd_ILI9341\EWARM\Debug\Obj\stm324xg_eval.o
#        D:\git\lcd\SPL_Projects\Project\lcd_ILI9341\EWARM\Debug\Obj\stm324xg_eval_lcd.o
#        D:\git\lcd\SPL_Projects\Project\lcd_ILI9341\EWARM\Debug\Obj\stm32f4xx_exti.o
#        D:\git\lcd\SPL_Projects\Project\lcd_ILI9341\EWARM\Debug\Obj\stm32f4xx_fsmc.o
#        D:\git\lcd\SPL_Projects\Project\lcd_ILI9341\EWARM\Debug\Obj\stm32f4xx_gpio.o
#        D:\git\lcd\SPL_Projects\Project\lcd_ILI9341\EWARM\Debug\Obj\stm32f4xx_it.o
#        D:\git\lcd\SPL_Projects\Project\lcd_ILI9341\EWARM\Debug\Obj\stm32f4xx_rcc.o
#        D:\git\lcd\SPL_Projects\Project\lcd_ILI9341\EWARM\Debug\Obj\stm32f4xx_sdio.o
#        D:\git\lcd\SPL_Projects\Project\lcd_ILI9341\EWARM\Debug\Obj\stm32f4xx_spi.o
#        D:\git\lcd\SPL_Projects\Project\lcd_ILI9341\EWARM\Debug\Obj\stm32f4xx_syscfg.o
#        D:\git\lcd\SPL_Projects\Project\lcd_ILI9341\EWARM\Debug\Obj\stm32f4xx_tim.o
#        D:\git\lcd\SPL_Projects\Project\lcd_ILI9341\EWARM\Debug\Obj\stm32f4xx_usart.o
#        D:\git\lcd\SPL_Projects\Project\lcd_ILI9341\EWARM\Debug\Obj\system_stm32f4xx.o
#        D:\git\lcd\SPL_Projects\Project\lcd_ILI9341\EWARM\Debug\Obj\tasks.o
#        D:\git\lcd\SPL_Projects\Project\lcd_ILI9341\EWARM\Debug\Obj\timers.o
#        D:\git\lcd\SPL_Projects\Project\lcd_ILI9341\EWARM\Debug\Obj\XPT2046.o
#        --redirect _Printf=_PrintfSmall --redirect _Scanf=_ScanfSmall -o
#        D:\git\lcd\SPL_Projects\Project\lcd_ILI9341\EWARM\Debug\Exe\Project.out
#        --map
#        D:\git\lcd\SPL_Projects\Project\lcd_ILI9341\EWARM\Debug\List\Project.map
#        --config
#        D:\git\lcd\SPL_Projects\Project\lcd_ILI9341\EWARM\stm32f4xx_flash.icf
#        --semihosting --entry __iar_program_start --vfe
#
###############################################################################

*******************************************************************************
*** RUNTIME MODEL ATTRIBUTES
***

CppFlavor       = *
__SystemLibrary = DLib


*******************************************************************************
*** PLACEMENT SUMMARY
***

"A1":  place at 0x08000000 { ro section .intvec };
"P1":  place in [from 0x08000000 to 0x081fffff] { ro };
"P2":  place in [from 0x20000000 to 0x2002ffff] { rw, block CSTACK, block HEAP };

  Section            Kind        Address     Size  Object
  -------            ----        -------     ----  ------
"A1":                                       0x188
  .intvec            ro code  0x08000000    0x188  startup_stm32f40_41xxx.o [1]
                            - 0x08000188    0x188

"P1":                                     0x2a588
  .rodata            const    0x08000188  0x25800  main.o [1]
  .rodata            const    0x08025988   0x11d0  stm324xg_eval_lcd.o [1]
  .text              ro code  0x08026b58    0x9f8  stm324xg_eval_lcd.o [1]
  .text              ro code  0x08027550    0x126  stm32f4xx_gpio.o [1]
  .text              ro code  0x08027676     0x22  zero_init3.o [5]
  .text              ro code  0x08027698    0x1b4  stm32f4xx_rcc.o [1]
  .text              ro code  0x0802784c    0x164  stm32f4xx_fsmc.o [1]
  .text              ro code  0x080279b0    0x7f4  tasks.o [1]
  .text              ro code  0x080281a4    0x200  port.o [1]
  .text              ro code  0x080283a4     0x9e  list.o [1]
  .text              ro code  0x08028444    0x280  heap_4.o [1]
  .text              ro code  0x080286c4     0x66  ABImemset.o [5]
  CODE               ro code  0x0802872c     0xa8  portasm.o [1]
  .rodata            const    0x080287d4    0x600  stm324xg_eval_lcd.o [1]
  .text              ro code  0x08028dd4    0x48a  XPT2046.o [1]
  .text              ro code  0x08029260     0x54  stm32f4xx_syscfg.o [1]
  .text              ro code  0x080292b4     0x98  stm32f4xx_exti.o [1]
  .text              ro code  0x0802934c     0x80  misc.o [1]
  .text              ro code  0x080293cc     0x7c  stm32f4xx_spi.o [1]
  .text              ro code  0x08029448      0x6  ABImemclr4.o [5]
  .text              ro code  0x08029450     0x32  ABImemset48.o [5]
  .text              ro code  0x08029484    0x37c  main.o [1]
  .text              ro code  0x08029800    0x1d2  stm32f4xx_tim.o [1]
  .text              ro code  0x080299d4    0x210  system_stm32f4xx.o [1]
  .text              ro code  0x08029be4    0x180  stm324xg_eval.o [1]
  .text              ro code  0x08029d64     0x56  ABImemcpy_unaligned.o [5]
  .text              ro code  0x08029dbc     0x82  cmsis_os.o [1]
  .text              ro code  0x08029e3e     0x50  functions.o [1]
  .text              ro code  0x08029e90     0x1c  I32ToDbl.o [4]
  .text              ro code  0x08029eac    0x256  DblDiv.o [4]
  .text              ro code  0x0802a104     0xe8  DblAdd.o [4]
  .text              ro code  0x0802a1ec     0x4c  DblToI32.o [4]
  .text              ro code  0x0802a238    0x16c  DblSub.o [4]
  .text              ro code  0x0802a3a4     0x40  stm32f4xx_it.o [1]
  .text              ro code  0x0802a3e4     0x2c  copy_init3.o [5]
  .text              ro code  0x0802a410     0x28  data_init.o [5]
  .text              ro code  0x0802a438     0x22  fpinit_M.o [4]
  .iar.init_table    const    0x0802a45c     0x24  - Linker created -
  .text              ro code  0x0802a480     0x1a  cmain.o [5]
  .text              ro code  0x0802a49a      0x4  low_level_init.o [3]
  .text              ro code  0x0802a49e      0x4  exit.o [3]
  .text              ro code  0x0802a4a4      0xa  cexit.o [5]
  .text              ro code  0x0802a4b0     0x14  exit.o [6]
  .rodata            const    0x0802a4c4     0x14  main.o [1]
  .rodata            const    0x0802a4d8     0x10  stm324xg_eval.o [1]
  .text              ro code  0x0802a4e8     0x10  startup_stm32f40_41xxx.o [1]
  .rodata            const    0x0802a4f8      0xc  main.o [1]
  .rodata            const    0x0802a504      0xc  stm324xg_eval.o [1]
  .text              ro code  0x0802a510      0xc  cstartup_M.o [5]
  .rodata            const    0x0802a51c      0x8  stm324xg_eval.o [1]
  .rodata            const    0x0802a524      0x8  stm324xg_eval.o [1]
  .rodata            const    0x0802a52c      0x8  stm324xg_eval.o [1]
  .rodata            const    0x0802a534      0x8  stm324xg_eval.o [1]
  .rodata            const    0x0802a53c      0x8  stm324xg_eval.o [1]
  .rodata            const    0x0802a544      0x8  stm324xg_eval.o [1]
  .rodata            const    0x0802a54c      0x8  tasks.o [1]
  .rodata            const    0x0802a554      0x4  heap_4.o [1]
  .text              ro code  0x0802a558      0x4  startup_stm32f40_41xxx.o [1]
  .text              ro code  0x0802a55c      0x4  startup_stm32f40_41xxx.o [1]
  .text              ro code  0x0802a560      0x4  startup_stm32f40_41xxx.o [1]
  .text              ro code  0x0802a564      0x4  startup_stm32f40_41xxx.o [1]
  .text              ro code  0x0802a568      0x4  startup_stm32f40_41xxx.o [1]
  .text              ro code  0x0802a56c      0x4  startup_stm32f40_41xxx.o [1]
  .text              ro code  0x0802a570      0x4  startup_stm32f40_41xxx.o [1]
  .text              ro code  0x0802a574      0x4  startup_stm32f40_41xxx.o [1]
  .text              ro code  0x0802a578      0x4  startup_stm32f40_41xxx.o [1]
  .text              ro code  0x0802a57c      0x4  startup_stm32f40_41xxx.o [1]
  .text              ro code  0x0802a580      0x4  startup_stm32f40_41xxx.o [1]
  .text              ro code  0x0802a584      0x4  startup_stm32f40_41xxx.o [1]
  .text              ro code  0x0802a588      0x4  startup_stm32f40_41xxx.o [1]
  .text              ro code  0x0802a58c      0x4  startup_stm32f40_41xxx.o [1]
  .text              ro code  0x0802a590      0x4  startup_stm32f40_41xxx.o [1]
  .text              ro code  0x0802a594      0x4  startup_stm32f40_41xxx.o [1]
  .text              ro code  0x0802a598      0x4  startup_stm32f40_41xxx.o [1]
  .text              ro code  0x0802a59c      0x4  startup_stm32f40_41xxx.o [1]
  .text              ro code  0x0802a5a0      0x4  startup_stm32f40_41xxx.o [1]
  .text              ro code  0x0802a5a4      0x4  startup_stm32f40_41xxx.o [1]
  .text              ro code  0x0802a5a8      0x4  startup_stm32f40_41xxx.o [1]
  .text              ro code  0x0802a5ac      0x4  startup_stm32f40_41xxx.o [1]
  .text              ro code  0x0802a5b0      0x4  startup_stm32f40_41xxx.o [1]
  .text              ro code  0x0802a5b4      0x4  startup_stm32f40_41xxx.o [1]
  .text              ro code  0x0802a5b8      0x4  startup_stm32f40_41xxx.o [1]
  .text              ro code  0x0802a5bc      0x4  startup_stm32f40_41xxx.o [1]
  .text              ro code  0x0802a5c0      0x4  startup_stm32f40_41xxx.o [1]
  .text              ro code  0x0802a5c4      0x4  startup_stm32f40_41xxx.o [1]
  .text              ro code  0x0802a5c8      0x4  startup_stm32f40_41xxx.o [1]
  .text              ro code  0x0802a5cc      0x4  startup_stm32f40_41xxx.o [1]
  .text              ro code  0x0802a5d0      0x4  startup_stm32f40_41xxx.o [1]
  .text              ro code  0x0802a5d4      0x4  startup_stm32f40_41xxx.o [1]
  .text              ro code  0x0802a5d8      0x4  startup_stm32f40_41xxx.o [1]
  .text              ro code  0x0802a5dc      0x4  startup_stm32f40_41xxx.o [1]
  .text              ro code  0x0802a5e0      0x4  startup_stm32f40_41xxx.o [1]
  .text              ro code  0x0802a5e4      0x4  startup_stm32f40_41xxx.o [1]
  .text              ro code  0x0802a5e8      0x4  startup_stm32f40_41xxx.o [1]
  .text              ro code  0x0802a5ec      0x4  startup_stm32f40_41xxx.o [1]
  .text              ro code  0x0802a5f0      0x4  startup_stm32f40_41xxx.o [1]
  .text              ro code  0x0802a5f4      0x4  startup_stm32f40_41xxx.o [1]
  .text              ro code  0x0802a5f8      0x4  startup_stm32f40_41xxx.o [1]
  .text              ro code  0x0802a5fc      0x4  startup_stm32f40_41xxx.o [1]
  .text              ro code  0x0802a600      0x4  startup_stm32f40_41xxx.o [1]
  .text              ro code  0x0802a604      0x4  startup_stm32f40_41xxx.o [1]
  .text              ro code  0x0802a608      0x4  startup_stm32f40_41xxx.o [1]
  .text              ro code  0x0802a60c      0x4  startup_stm32f40_41xxx.o [1]
  .text              ro code  0x0802a610      0x4  startup_stm32f40_41xxx.o [1]
  .text              ro code  0x0802a614      0x4  startup_stm32f40_41xxx.o [1]
  .text              ro code  0x0802a618      0x4  startup_stm32f40_41xxx.o [1]
  .text              ro code  0x0802a61c      0x4  startup_stm32f40_41xxx.o [1]
  .text              ro code  0x0802a620      0x4  startup_stm32f40_41xxx.o [1]
  .text              ro code  0x0802a624      0x4  startup_stm32f40_41xxx.o [1]
  .text              ro code  0x0802a628      0x4  startup_stm32f40_41xxx.o [1]
  .text              ro code  0x0802a62c      0x4  startup_stm32f40_41xxx.o [1]
  .text              ro code  0x0802a630      0x4  startup_stm32f40_41xxx.o [1]
  .text              ro code  0x0802a634      0x4  startup_stm32f40_41xxx.o [1]
  .text              ro code  0x0802a638      0x4  startup_stm32f40_41xxx.o [1]
  .text              ro code  0x0802a63c      0x4  startup_stm32f40_41xxx.o [1]
  .text              ro code  0x0802a640      0x4  startup_stm32f40_41xxx.o [1]
  .text              ro code  0x0802a644      0x4  startup_stm32f40_41xxx.o [1]
  .text              ro code  0x0802a648      0x4  startup_stm32f40_41xxx.o [1]
  .text              ro code  0x0802a64c      0x4  startup_stm32f40_41xxx.o [1]
  .text              ro code  0x0802a650      0x4  startup_stm32f40_41xxx.o [1]
  .text              ro code  0x0802a654      0x4  startup_stm32f40_41xxx.o [1]
  .text              ro code  0x0802a658      0x4  startup_stm32f40_41xxx.o [1]
  .text              ro code  0x0802a65c      0x4  startup_stm32f40_41xxx.o [1]
  .text              ro code  0x0802a660      0x4  startup_stm32f40_41xxx.o [1]
  .text              ro code  0x0802a664      0x4  startup_stm32f40_41xxx.o [1]
  .text              ro code  0x0802a668      0x4  startup_stm32f40_41xxx.o [1]
  .text              ro code  0x0802a66c      0x4  startup_stm32f40_41xxx.o [1]
  .text              ro code  0x0802a670      0x4  startup_stm32f40_41xxx.o [1]
  .text              ro code  0x0802a674      0x4  startup_stm32f40_41xxx.o [1]
  .text              ro code  0x0802a678      0x4  startup_stm32f40_41xxx.o [1]
  .text              ro code  0x0802a67c      0x4  startup_stm32f40_41xxx.o [1]
  .text              ro code  0x0802a680      0x4  startup_stm32f40_41xxx.o [1]
  .text              ro code  0x0802a684      0x4  startup_stm32f40_41xxx.o [1]
  .text              ro code  0x0802a688      0x4  startup_stm32f40_41xxx.o [1]
  .text              ro code  0x0802a68c      0x4  startup_stm32f40_41xxx.o [1]
  .text              ro code  0x0802a690      0x4  startup_stm32f40_41xxx.o [1]
  .text              ro code  0x0802a694      0x4  startup_stm32f40_41xxx.o [1]
  .text              ro code  0x0802a698      0x4  startup_stm32f40_41xxx.o [1]
  .text              ro code  0x0802a69c      0x4  startup_stm32f40_41xxx.o [1]
  .rodata            const    0x0802a6a0      0x0  zero_init3.o [5]
  .rodata            const    0x0802a6a0      0x0  copy_init3.o [5]
  Initializer bytes  const    0x0802a6a0     0x70  <for P2 s0>
                            - 0x0802a710  0x2a588

"P2":                                      0x41d8
  P2 s0                       0x20000000     0x70  <Init block>
    .data            inited   0x20000000     0x14  main.o [1]
    .data            inited   0x20000014     0x10  stm324xg_eval.o [1]
    .data            inited   0x20000024     0x10  stm32f4xx_rcc.o [1]
    .data            inited   0x20000034     0x10  system_stm32f4xx.o [1]
    .data            inited   0x20000044      0xc  stm324xg_eval.o [1]
    .data            inited   0x20000050      0x8  stm324xg_eval_lcd.o [1]
    .data            inited   0x20000058      0x8  stm324xg_eval_lcd.o [1]
    .data            inited   0x20000060      0x4  port.o [1]
    .data            inited   0x20000064      0x4  system_stm32f4xx.o [1]
    .data            inited   0x20000068      0x4  tasks.o [1]
    .data            inited   0x2000006c      0x2  stm324xg_eval_lcd.o [1]
  .bss               zero     0x20000070   0x3c00  heap_4.o [1]
  .bss               zero     0x20003c70     0x8c  tasks.o [1]
  .bss               zero     0x20003cfc     0x14  tasks.o [1]
  .bss               zero     0x20003d10     0x14  tasks.o [1]
  .bss               zero     0x20003d24     0x14  tasks.o [1]
  .bss               zero     0x20003d38     0x14  tasks.o [1]
  .bss               zero     0x20003d4c     0x14  tasks.o [1]
  .bss               zero     0x20003d60     0x10  main.o [1]
  .bss               zero     0x20003d70      0x8  heap_4.o [1]
  .bss               zero     0x20003d78      0x4  heap_4.o [1]
  .bss               zero     0x20003d7c      0x4  heap_4.o [1]
  .bss               zero     0x20003d80      0x4  heap_4.o [1]
  .bss               zero     0x20003d84      0x4  heap_4.o [1]
  .bss               zero     0x20003d88      0x4  main.o [1]
  .bss               zero     0x20003d8c      0x4  main.o [1]
  .bss               zero     0x20003d90      0x4  port.o [1]
  .bss               zero     0x20003d94      0x4  stm324xg_eval_lcd.o [1]
  .bss               zero     0x20003d98      0x4  tasks.o [1]
  .bss               zero     0x20003d9c      0x4  tasks.o [1]
  .bss               zero     0x20003da0      0x4  tasks.o [1]
  .bss               zero     0x20003da4      0x4  tasks.o [1]
  .bss               zero     0x20003da8      0x4  tasks.o [1]
  .bss               zero     0x20003dac      0x4  tasks.o [1]
  .bss               zero     0x20003db0      0x4  tasks.o [1]
  .bss               zero     0x20003db4      0x4  tasks.o [1]
  .bss               zero     0x20003db8      0x4  tasks.o [1]
  .bss               zero     0x20003dbc      0x4  tasks.o [1]
  .bss               zero     0x20003dc0      0x4  tasks.o [1]
  .bss               zero     0x20003dc4      0x4  tasks.o [1]
  .bss               zero     0x20003dc8      0x4  tasks.o [1]
  .bss               zero     0x20003dcc      0x4  XPT2046.o [1]
  .bss               zero     0x20003dd0      0x4  XPT2046.o [1]
  .bss               zero     0x20003dd4      0x2  stm324xg_eval_lcd.o [1]
  .bss               zero     0x20003dd6      0x1  port.o [1]
  CSTACK                      0x20003dd8    0x400  <Block>
    CSTACK           uninit   0x20003dd8    0x400  <Block tail>
                            - 0x200041d8   0x41d8


*******************************************************************************
*** INIT TABLE
***

          Address     Size
          -------     ----
Zero (__iar_zero_init3)
    1 destination range, total size 0x3d67:
          0x20000070  0x3d67

Copy (__iar_copy_init3)
    1 source range, total size 0x70 (101% of destination):
          0x0802a6a0    0x70
    1 destination range, total size 0x6e:
          0x20000000    0x6e



*******************************************************************************
*** MODULE SUMMARY
***

    Module                    ro code  ro data  rw data
    ------                    -------  -------  -------
D:\git\lcd\SPL_Projects\Project\lcd_ILI9341\EWARM\Debug\Obj: [1]
    XPT2046.o                   1 162                 8
    cmsis_os.o                    130
    functions.o                    80
    heap_4.o                      640        4   15 384
    list.o                        158
    main.o                        892  153 652       44
    misc.o                        128
    port.o                        512        4        9
    portasm.o                     168
    startup_stm32f40_41xxx.o      736
    stm324xg_eval.o               384      104       28
    stm324xg_eval_lcd.o         2 552    6 114       24
    stm32f4xx_exti.o              152
    stm32f4xx_fsmc.o              356
    stm32f4xx_gpio.o              294
    stm32f4xx_it.o                 64
    stm32f4xx_rcc.o               436       16       16
    stm32f4xx_spi.o               124
    stm32f4xx_syscfg.o             84
    stm32f4xx_tim.o               466
    system_stm32f4xx.o            528       20       20
    tasks.o                     2 036       12      296
    ---------------------------------------------------
    Total:                     12 082  159 926   15 829

command line: [2]
    ---------------------------------------------------
    Total:

dl7M_tlf.a: [3]
    exit.o                          4
    low_level_init.o                4
    ---------------------------------------------------
    Total:                          8

m7M_tls.a: [4]
    DblAdd.o                      232
    DblDiv.o                      598
    DblSub.o                      364
    DblToI32.o                     76
    I32ToDbl.o                     28
    fpinit_M.o                     34
    ---------------------------------------------------
    Total:                      1 332

rt7M_tl.a: [5]
    ABImemclr4.o                    6
    ABImemcpy_unaligned.o          86
    ABImemset.o                   102
    ABImemset48.o                  50
    cexit.o                        10
    cmain.o                        26
    copy_init3.o                   44
    cstartup_M.o                   12
    data_init.o                    40
    zero_init3.o                   34
    ---------------------------------------------------
    Total:                        410

shb_l.a: [6]
    exit.o                         20
    ---------------------------------------------------
    Total:                         20

    Gaps                           22        2
    Linker created                          38    1 024
-------------------------------------------------------
    Grand Total:               13 874  159 966   16 853


*******************************************************************************
*** ENTRY LIST
***

Entry                      Address     Size  Type      Object
-----                      -------     ----  ----      ------
.iar.init_table$$Base   0x0802a45c            --   Gb  - Linker created -
.iar.init_table$$Limit  0x0802a480            --   Gb  - Linker created -
?main                   0x0802a481           Code  Gb  cmain.o [5]
AHBPrescTable           0x20000034     0x10  Data  Gb  system_stm32f4xx.o [1]
APBAHBPrescTable        0x20000024     0x10  Data  Lc  stm32f4xx_rcc.o [1]
ASCII16x24_Table        0x08025988   0x11d0  Data  Gb  stm324xg_eval_lcd.o [1]
ASCII8x8_Table          0x080287d4    0x600  Data  Gb  stm324xg_eval_lcd.o [1]
BUTTON_CLK              0x0802a504      0xc  Data  Gb  stm324xg_eval.o [1]
BUTTON_EXTI_LINE        0x0802a52c      0x8  Data  Gb  stm324xg_eval.o [1]
BUTTON_IRQn             0x0802a544      0x8  Data  Gb  stm324xg_eval.o [1]
BUTTON_PIN              0x0802a524      0x8  Data  Gb  stm324xg_eval.o [1]
BUTTON_PIN_SOURCE       0x0802a53c      0x8  Data  Gb  stm324xg_eval.o [1]
BUTTON_PORT             0x20000044      0xc  Data  Gb  stm324xg_eval.o [1]
BUTTON_PORT_SOURCE      0x0802a534      0x8  Data  Gb  stm324xg_eval.o [1]
BackColor               0x2000006c      0x2  Data  Gb  stm324xg_eval_lcd.o [1]
BusFault_Handler        0x0802a3ab      0x2  Code  Gb  stm32f4xx_it.o [1]
COLOR                   0x20000000     0x14  Data  Lc  main.o [1]
CSTACK$$Base            0x20003dd8            --   Gb  - Linker created -
CSTACK$$Limit           0x200041d8            --   Gb  - Linker created -
DebugMon_Handler        0x0802a3af      0x2  Code  Gb  stm32f4xx_it.o [1]
Delay                   0x08029709     0x14  Code  Lc  main.o [1]
Delay                   0x08029251      0xe  Code  Lc  XPT2046.o [1]
EXTI_Init               0x080292b5     0x88  Code  Gb  stm32f4xx_exti.o [1]
FSMC_NORSRAMCmd         0x0802796f     0x34  Code  Gb  stm32f4xx_fsmc.o [1]
FSMC_NORSRAMInit        0x0802784d    0x122  Code  Gb  stm32f4xx_fsmc.o [1]
Font16x24               0x20000050      0x8  Data  Gb  stm324xg_eval_lcd.o [1]
Font8x8                 0x20000058      0x8  Data  Gb  stm324xg_eval_lcd.o [1]
GPIO_CLK                0x0802a4d8     0x10  Data  Gb  stm324xg_eval.o [1]
GPIO_Init               0x08027551     0xaa  Code  Gb  stm32f4xx_gpio.o [1]
GPIO_PIN                0x0802a51c      0x8  Data  Gb  stm324xg_eval.o [1]
GPIO_PORT               0x20000014     0x10  Data  Gb  stm324xg_eval.o [1]
GPIO_PinAFConfig        0x0802761d     0x5a  Code  Gb  stm32f4xx_gpio.o [1]
GPIO_ReadInputDataBit   0x080275fb     0x1a  Code  Gb  stm32f4xx_gpio.o [1]
GPIO_ResetBits          0x08027619      0x4  Code  Gb  stm32f4xx_gpio.o [1]
GPIO_SetBits            0x08027615      0x4  Code  Gb  stm32f4xx_gpio.o [1]
HardFault_Handler       0x0802a3a7      0x2  Code  Gb  stm32f4xx_it.o [1]
LCD_Clear               0x08026cb7     0x28  Code  Gb  stm324xg_eval_lcd.o [1]
LCD_CtrlLinesConfig     0x0802733d    0x124  Code  Gb  stm324xg_eval_lcd.o [1]
LCD_Currentfonts        0x20003d94      0x4  Data  Lc  stm324xg_eval_lcd.o [1]
LCD_DisplayChar         0x08026dc1     0x32  Code  Gb  stm324xg_eval_lcd.o [1]
LCD_DisplayStringLine   0x08026df3     0x52  Code  Gb  stm324xg_eval_lcd.o [1]
LCD_DrawChar            0x08026d0f     0xb2  Code  Gb  stm324xg_eval_lcd.o [1]
LCD_DrawCircle          0x08026f11    0x138  Code  Gb  stm324xg_eval_lcd.o [1]
LCD_DrawFullCircle      0x080270b3     0xde  Code  Gb  stm324xg_eval_lcd.o [1]
LCD_DrawFullRect        0x08027075     0x3e  Code  Gb  stm324xg_eval_lcd.o [1]
LCD_DrawLine            0x08026e45     0x70  Code  Gb  stm324xg_eval_lcd.o [1]
LCD_DrawRect            0x08026eb5     0x5c  Code  Gb  stm324xg_eval_lcd.o [1]
LCD_DrawUniLine         0x08027191    0x18a  Code  Gb  stm324xg_eval_lcd.o [1]
LCD_FSMCConfig          0x08027469     0x78  Code  Gb  stm324xg_eval_lcd.o [1]
LCD_Init                0x08026b59    0x136  Code  Gb  stm324xg_eval_lcd.o [1]
LCD_SetBackColor        0x08026c9f     0x10  Code  Gb  stm324xg_eval_lcd.o [1]
LCD_SetCursor           0x08026cdf     0x30  Code  Gb  stm324xg_eval_lcd.o [1]
LCD_SetFont             0x08026caf      0x8  Code  Gb  stm324xg_eval_lcd.o [1]
LCD_SetTextColor        0x08026c8f     0x10  Code  Gb  stm324xg_eval_lcd.o [1]
LCD_WriteBMP            0x08027049     0x2c  Code  Gb  stm324xg_eval_lcd.o [1]
LCD_WriteCommand        0x0802731b      0x8  Code  Lc  stm324xg_eval_lcd.o [1]
LCD_WriteRAM            0x0802732b      0x6  Code  Gb  stm324xg_eval_lcd.o [1]
LCD_WriteRAM_Prepare    0x08027323      0x8  Code  Gb  stm324xg_eval_lcd.o [1]
MemManage_Handler       0x0802a3a9      0x2  Code  Gb  stm32f4xx_it.o [1]
NMI_Handler             0x0802a3a5      0x2  Code  Gb  stm32f4xx_it.o [1]
NVIC_Init               0x0802934d     0x6e  Code  Gb  misc.o [1]
NVIC_SetPriority        0x08029485     0x26  Code  Lc  main.o [1]
PendSV_Handler          0x0802872d           Code  Gb  portasm.o [1]
PutPixel                0x080274e1     0x34  Code  Lc  stm324xg_eval_lcd.o [1]
RCC_AHB1PeriphClockCmd  0x080277ad     0x22  Code  Gb  stm32f4xx_rcc.o [1]
RCC_AHB3PeriphClockCmd  0x080277cf     0x1e  Code  Gb  stm32f4xx_rcc.o [1]
RCC_APB1PeriphClockCmd  0x080277ed     0x1e  Code  Gb  stm32f4xx_rcc.o [1]
RCC_APB2PeriphClockCmd  0x0802780b     0x1e  Code  Gb  stm32f4xx_rcc.o [1]
RCC_Clocks              0x20003d60     0x10  Data  Gb  main.o [1]
RCC_GetClocksFreq       0x08027699    0x114  Code  Gb  stm32f4xx_rcc.o [1]
RD_AD                   0x080291d9     0x6c  Code  Lc  XPT2046.o [1]
Read_X                  0x08028f2b     0x28  Code  Gb  XPT2046.o [1]
Read_XPT2046            0x08028f9d    0x1da  Code  Gb  XPT2046.o [1]
Read_Y                  0x08028f53     0x28  Code  Gb  XPT2046.o [1]
Region$$Table$$Base     0x0802a45c            --   Gb  - Linker created -
Region$$Table$$Limit    0x0802a480            --   Gb  - Linker created -
SPI_Cmd                 0x0802940d     0x1c  Code  Gb  stm32f4xx_spi.o [1]
SPI_I2S_GetFlagStatus   0x08029431     0x18  Code  Gb  stm32f4xx_spi.o [1]
SPI_I2S_ReceiveData     0x08029429      0x4  Code  Gb  stm32f4xx_spi.o [1]
SPI_I2S_SendData        0x0802942d      0x4  Code  Gb  stm32f4xx_spi.o [1]
SPI_Init                0x080293cd     0x40  Code  Gb  stm32f4xx_spi.o [1]
STM_EVAL_LEDInit        0x08029be5     0x4a  Code  Gb  stm324xg_eval.o [1]
STM_EVAL_LEDToggle      0x08029c2f     0x26  Code  Gb  stm324xg_eval.o [1]
STM_EVAL_PBGetState     0x08029d1d     0x1e  Code  Gb  stm324xg_eval.o [1]
STM_EVAL_PBInit         0x08029c55     0xc8  Code  Gb  stm324xg_eval.o [1]
SVC_Handler             0x08028785           Code  Gb  portasm.o [1]
SYSCFG_EXTILineConfig   0x08029261     0x50  Code  Gb  stm32f4xx_syscfg.o [1]
SetSysClock             0x08029ad7     0xce  Code  Lc  system_stm32f4xx.o [1]
StartDefaultTask        0x0802971d     0x8e  Code  Gb  main.o [1]
SysTick_Config          0x080294ab     0x30  Code  Lc  main.o [1]
SysTick_Handler         0x0802a3b1     0x2c  Code  Gb  stm32f4xx_it.o [1]
SystemCoreClock         0x20000064      0x4  Data  Gb  system_stm32f4xx.o [1]
SystemCoreClockUpdate   0x08029a27     0xb0  Code  Gb  system_stm32f4xx.o [1]
SystemInit              0x080299d5     0x52  Code  Gb  system_stm32f4xx.o [1]
TIM_Cmd                 0x0802986b     0x1c  Code  Gb  stm32f4xx_tim.o [1]
TIM_OC1Init             0x08029887     0x7e  Code  Gb  stm32f4xx_tim.o [1]
TIM_OC1PreloadConfig    0x080299ad     0x12  Code  Gb  stm32f4xx_tim.o [1]
TIM_OC2Init             0x08029905     0x8c  Code  Gb  stm32f4xx_tim.o [1]
TIM_OC2PreloadConfig    0x080299bf     0x14  Code  Gb  stm32f4xx_tim.o [1]
TIM_TimeBaseInit        0x08029801     0x6a  Code  Gb  stm32f4xx_tim.o [1]
TextColor               0x20003dd4      0x2  Data  Gb  stm324xg_eval_lcd.o [1]
UsageFault_Handler      0x0802a3ad      0x2  Code  Gb  stm32f4xx_it.o [1]
WR_CMD                  0x080291ab     0x2e  Code  Lc  XPT2046.o [1]
XPT2046_GetAdXY         0x08028f7b     0x22  Code  Gb  XPT2046.o [1]
XPT2046_Init            0x08028dd5    0x156  Code  Gb  XPT2046.o [1]
XPT2046_Press           0x080291a3      0x8  Code  Gb  XPT2046.o [1]
__aeabi_d2iz            0x0802a1ed           Code  Gb  DblToI32.o [4]
__aeabi_dadd            0x0802a105           Code  Gb  DblAdd.o [4]
__aeabi_ddiv            0x08029ead           Code  Gb  DblDiv.o [4]
__aeabi_memclr4         0x08029449           Code  Gb  ABImemclr4.o [5]
__aeabi_memset          0x080286c5           Code  Gb  ABImemset.o [5]
__aeabi_ui2d            0x08029e91           Code  Gb  I32ToDbl.o [4]
__cmain                 0x0802a481           Code  Gb  cmain.o [5]
__exit                  0x0802a4b1     0x14  Code  Gb  exit.o [6]
__iar_Memset            0x080286c5           Code  Gb  ABImemset.o [5]
__iar_Memset4_word      0x08029451           Code  Gb  ABImemset48.o [5]
__iar_Memset8_word      0x08029451           Code  Gb  ABImemset48.o [5]
__iar_Memset_word       0x080286cd           Code  Gb  ABImemset.o [5]
__iar_copy_init3        0x0802a3e5     0x2c  Code  Gb  copy_init3.o [5]
__iar_d2uiz             0x0802a219           Code  Gb  DblToI32.o [4]
__iar_dadd              0x0802a119           Code  Gb  DblAdd.o [4]
__iar_data_init3        0x0802a411     0x28  Code  Gb  data_init.o [5]
__iar_dsub              0x0802a239           Code  Gb  DblSub.o [4]
__iar_dsubStart         0x0802a24b           Code  Gb  DblSub.o [4]
__iar_init_vfp          0x0802a439           Code  Gb  fpinit_M.o [4]
__iar_program_start     0x0802a511           Code  Gb  cstartup_M.o [5]
__iar_ui2d              0x08029e95           Code  Gb  I32ToDbl.o [4]
__iar_unaligned___aeabi_memcpy4
                        0x08029d65           Code  Gb  ABImemcpy_unaligned.o [5]
__iar_unaligned___aeabi_memcpy8
                        0x08029d65           Code  Gb  ABImemcpy_unaligned.o [5]
__iar_zero_init3        0x08027677     0x22  Code  Gb  zero_init3.o [5]
__low_level_init        0x0802a49b      0x4  Code  Gb  low_level_init.o [3]
__vector_table          0x08000000           Data  Gb  startup_stm32f40_41xxx.o [1]
_call_main              0x0802a48d           Code  Gb  cmain.o [5]
_exit                   0x0802a4a5           Code  Gb  cexit.o [5]
_main                   0x0802a497           Code  Gb  cmain.o [5]
defaultTaskHandle       0x20003d8c      0x4  Data  Gb  main.o [1]
delay                   0x08027515     0x22  Code  Lc  stm324xg_eval_lcd.o [1]
exit                    0x0802a49f      0x4  Code  Gb  exit.o [3]
image_data_Tulips       0x08000188  0x25800  Data  Lc  main.o [1]
main                    0x0802960b     0xfe  Code  Gb  main.o [1]
makeFreeRtosPriority    0x08029dbd     0x12  Code  Lc  cmsis_os.o [1]
osDelay                 0x08029e13     0x1c  Code  Gb  cmsis_os.o [1]
osKernelStart           0x08029dcf      0xa  Code  Gb  cmsis_os.o [1]
osSystickHandler        0x08029e2f     0x10  Code  Gb  cmsis_os.o [1]
osThreadCreate          0x08029dd9     0x3a  Code  Gb  cmsis_os.o [1]
prvAddCurrentTaskToDelayedList
                        0x08028047     0x4e  Code  Lc  tasks.o [1]
prvAllocateTCBAndStack  0x0802809d     0x5a  Code  Lc  tasks.o [1]
prvCheckTasksWaitingTermination
                        0x08027fe1     0x66  Code  Lc  tasks.o [1]
prvDeleteTCB            0x080280f7     0x12  Code  Lc  tasks.o [1]
prvHeapInit             0x080285d5     0x6e  Code  Lc  heap_4.o [1]
prvIdleTask             0x08027eed     0x26  Code  Lc  tasks.o [1]
prvInitialiseTCBVariables
                        0x08027f13     0x6c  Code  Lc  tasks.o [1]
prvInitialiseTaskLists  0x08027f7f     0x58  Code  Lc  tasks.o [1]
prvInsertBlockIntoFreeList
                        0x08028643     0x62  Code  Lc  heap_4.o [1]
prvResetNextTaskUnblockTime
                        0x08028109     0x2a  Code  Lc  tasks.o [1]
prvTaskExitError        0x080281c9     0x2a  Code  Lc  port.o [1]
pvPortMalloc            0x08028445    0x118  Code  Gb  heap_4.o [1]
pxCurrentTCB            0x20003d98      0x4  Data  Gb  tasks.o [1]
pxDelayedTaskList       0x20003d9c      0x4  Data  Lc  tasks.o [1]
pxEnd                   0x20003d78      0x4  Data  Lc  heap_4.o [1]
pxOverflowDelayedTaskList
                        0x20003da0      0x4  Data  Lc  tasks.o [1]
pxPortInitialiseStack   0x080281a5     0x24  Code  Gb  port.o [1]
pxReadyTasksLists       0x20003c70     0x8c  Data  Lc  tasks.o [1]
read_IRQ                0x08029193     0x10  Code  Lc  XPT2046.o [1]
reset_CS                0x08029185      0xe  Code  Lc  XPT2046.o [1]
set_CS                  0x08029177      0xe  Code  Lc  XPT2046.o [1]
ucHeap                  0x20000070   0x3c00  Data  Lc  heap_4.o [1]
ucMaxSysCallPriority    0x20003dd6      0x1  Data  Lc  port.o [1]
uint16tostr             0x08029e3f     0x50  Code  Gb  functions.o [1]
ulMaxPRIGROUPValue      0x20003d90      0x4  Data  Lc  port.o [1]
uwTS_Delay              0x20003dcc      0x4  Data  Gb  XPT2046.o [1]
uwTimingDelay           0x20003d88      0x4  Data  Gb  main.o [1]
uxCriticalNesting       0x20000060      0x4  Data  Lc  port.o [1]
uxCurrentNumberOfTasks  0x20003da8      0x4  Data  Lc  tasks.o [1]
uxListRemove            0x0802841b     0x28  Code  Gb  list.o [1]
uxPendedTicks           0x20003db8      0x4  Data  Lc  tasks.o [1]
uxSchedulerSuspended    0x20003dc8      0x4  Data  Lc  tasks.o [1]
uxTaskNumber            0x20003dc4      0x4  Data  Lc  tasks.o [1]
uxTasksDeleted          0x20003da4      0x4  Data  Lc  tasks.o [1]
uxTopReadyPriority      0x20003db0      0x4  Data  Lc  tasks.o [1]
vListInitialise         0x080283a5     0x1e  Code  Gb  list.o [1]
vListInitialiseItem     0x080283c3      0x6  Code  Gb  list.o [1]
vListInsert             0x080283e1     0x3a  Code  Gb  list.o [1]
vListInsertEnd          0x080283c9     0x18  Code  Gb  list.o [1]
vPortEnableVFP          0x080287b9           Code  Gb  portasm.o [1]
vPortEnterCritical      0x080282bf     0x3a  Code  Gb  port.o [1]
vPortExitCritical       0x080282f9     0x32  Code  Gb  port.o [1]
vPortFree               0x0802855d     0x78  Code  Gb  heap_4.o [1]
vPortSetupTimerInterrupt
                        0x08028357     0x1a  Code  Wk  port.o [1]
vPortStartFirstTask     0x080287a1           Code  Gb  portasm.o [1]
vTaskDelay              0x08027b35     0x84  Code  Gb  tasks.o [1]
vTaskStartScheduler     0x08027bb9     0x62  Code  Gb  tasks.o [1]
vTaskSuspendAll         0x08027c1b     0x10  Code  Gb  tasks.o [1]
vTaskSwitchContext      0x08027e5f     0x72  Code  Gb  tasks.o [1]
xBlockAllocatedBit      0x20003d84      0x4  Data  Lc  heap_4.o [1]
xDelayedTaskList1       0x20003cfc     0x14  Data  Lc  tasks.o [1]
xDelayedTaskList2       0x20003d10     0x14  Data  Lc  tasks.o [1]
xFreeBytesRemaining     0x20003d7c      0x4  Data  Lc  heap_4.o [1]
xGPIO_Init              0x08029569     0xa2  Code  Gb  main.o [1]
xHeapStructSize         0x0802a554      0x4  Data  Lc  heap_4.o [1]
xMinimumEverFreeBytesRemaining
                        0x20003d80      0x4  Data  Lc  heap_4.o [1]
xNextTaskUnblockTime    0x20000068      0x4  Data  Lc  tasks.o [1]
xNumOfOverflows         0x20003dc0      0x4  Data  Lc  tasks.o [1]
xPendingReadyList       0x20003d24     0x14  Data  Lc  tasks.o [1]
xPortStartScheduler     0x080281f3     0xcc  Code  Gb  port.o [1]
xPortSysTickHandler     0x0802832b     0x2c  Code  Gb  port.o [1]
xSchedulerRunning       0x20003db4      0x4  Data  Lc  tasks.o [1]
xStart                  0x20003d70      0x8  Data  Lc  heap_4.o [1]
xSuspendedTaskList      0x20003d4c     0x14  Data  Lc  tasks.o [1]
xTIM_Init               0x080294db     0x8e  Code  Gb  main.o [1]
xTaskGenericCreate      0x080279b1    0x184  Code  Gb  tasks.o [1]
xTaskGetSchedulerState  0x08028133     0x26  Code  Gb  tasks.o [1]
xTaskIncrementTick      0x08027d2b    0x134  Code  Gb  tasks.o [1]
xTaskResumeAll          0x08027c2b    0x100  Code  Gb  tasks.o [1]
xTasksWaitingTermination
                        0x20003d38     0x14  Data  Lc  tasks.o [1]
xTickCount              0x20003dac      0x4  Data  Lc  tasks.o [1]
xYieldPending           0x20003dbc      0x4  Data  Lc  tasks.o [1]


[1] = D:\git\lcd\SPL_Projects\Project\lcd_ILI9341\EWARM\Debug\Obj
[2] = command line
[3] = dl7M_tlf.a
[4] = m7M_tls.a
[5] = rt7M_tl.a
[6] = shb_l.a

   13 874 bytes of readonly  code memory
  159 966 bytes of readonly  data memory
   16 853 bytes of readwrite data memory

Errors: none
Warnings: none
