<html>
<body>
<pre>
<h1>µVision Build Log</h1>
<h2>Project:</h2>
D:\Keil_uVision\LCD_320x240\lcd_320x240.uvproj
Project File Date:  02/01/2013

<h2>Output:</h2>
Clean started: Project: 'lcd_320x240'
   deleting intermediate output files for target 'lcd_320x240'
Build target 'lcd_320x240'
assembling startup_stm32f4xx.s...
compiling stm32f4xx_spi.c...
compiling stm32f4xx_exti.c...
compiling misc.c...
compiling stm32f4xx_tim.c...
compiling stm32f4xx_rcc.c...
compiling stm32f4xx_fsmc.c...
compiling stm32f4xx_gpio.c...
compiling stm32f4xx_syscfg.c...
compiling ts.c...
compiling fonts.c...
compiling LCD_STM32F4.c...
user\LCD_STM32F4.c(159): warning:  #186-D: pointless comparison of unsigned integer with zero
user\LCD_STM32F4.c(161): warning:  #186-D: pointless comparison of unsigned integer with zero
user\LCD_STM32F4.c(163): warning:  #186-D: pointless comparison of unsigned integer with zero
user\LCD_STM32F4.c(163): warning:  #186-D: pointless comparison of unsigned integer with zero
user\LCD_STM32F4.c(167): warning:  #186-D: pointless comparison of unsigned integer with zero
user\LCD_STM32F4.c(169): warning:  #186-D: pointless comparison of unsigned integer with zero
user\LCD_STM32F4.c(171): warning:  #186-D: pointless comparison of unsigned integer with zero
user\LCD_STM32F4.c(171): warning:  #186-D: pointless comparison of unsigned integer with zero
compiling main.c...
compiling pwm.c...
compiling stm32f4xx_it.c...
compiling system_stm32f4xx.c...
compiling functions.c...
linking...
Program Size: Code=14620 RO-data=174528 RW-data=108 ZI-data=1076  
FromELF: creating hex file...
"lcd_320x240.axf" - 0 Error(s), 8 Warning(s).
Clean started: Project: 'lcd_320x240'
   deleting intermediate output files for target 'lcd_320x240'
Build target 'lcd_320x240'
assembling startup_stm32f4xx.s...
compiling stm32f4xx_spi.c...
compiling stm32f4xx_exti.c...
compiling misc.c...
compiling stm32f4xx_tim.c...
compiling stm32f4xx_rcc.c...
compiling stm32f4xx_fsmc.c...
compiling stm32f4xx_gpio.c...
compiling stm32f4xx_syscfg.c...
compiling ts.c...
compiling fonts.c...
compiling LCD_STM32F4.c...
user\LCD_STM32F4.c(159): warning:  #186-D: pointless comparison of unsigned integer with zero
user\LCD_STM32F4.c(161): warning:  #186-D: pointless comparison of unsigned integer with zero
user\LCD_STM32F4.c(163): warning:  #186-D: pointless comparison of unsigned integer with zero
user\LCD_STM32F4.c(163): warning:  #186-D: pointless comparison of unsigned integer with zero
user\LCD_STM32F4.c(167): warning:  #186-D: pointless comparison of unsigned integer with zero
user\LCD_STM32F4.c(169): warning:  #186-D: pointless comparison of unsigned integer with zero
user\LCD_STM32F4.c(171): warning:  #186-D: pointless comparison of unsigned integer with zero
user\LCD_STM32F4.c(171): warning:  #186-D: pointless comparison of unsigned integer with zero
compiling main.c...
compiling pwm.c...
compiling stm32f4xx_it.c...
compiling system_stm32f4xx.c...
compiling functions.c...
linking...
Program Size: Code=14624 RO-data=174528 RW-data=108 ZI-data=1076  
FromELF: creating hex file...
"lcd_320x240.axf" - 0 Error(s), 8 Warning(s).
Clean started: Project: 'lcd_320x240'
   deleting intermediate output files for target 'lcd_320x240'
Build target 'lcd_320x240'
assembling startup_stm32f4xx.s...
compiling stm32f4xx_spi.c...
C:\Program Files\Keil4\ARM\Inc\ST\STM32F4xx\stm32f4xx.h(7813): error:  #5: cannot open source input file "stm32f4xx_conf.h": No such file or directory
compiling stm32f4xx_exti.c...
C:\Program Files\Keil4\ARM\Inc\ST\STM32F4xx\stm32f4xx.h(7813): error:  #5: cannot open source input file "stm32f4xx_conf.h": No such file or directory
compiling misc.c...
C:\Program Files\Keil4\ARM\Inc\ST\STM32F4xx\stm32f4xx.h(7813): error:  #5: cannot open source input file "stm32f4xx_conf.h": No such file or directory
compiling stm32f4xx_tim.c...
C:\Program Files\Keil4\ARM\Inc\ST\STM32F4xx\stm32f4xx.h(7813): error:  #5: cannot open source input file "stm32f4xx_conf.h": No such file or directory
compiling stm32f4xx_rcc.c...
C:\Program Files\Keil4\ARM\Inc\ST\STM32F4xx\stm32f4xx.h(7813): error:  #5: cannot open source input file "stm32f4xx_conf.h": No such file or directory
compiling stm32f4xx_fsmc.c...
C:\Program Files\Keil4\ARM\Inc\ST\STM32F4xx\stm32f4xx.h(7813): error:  #5: cannot open source input file "stm32f4xx_conf.h": No such file or directory
compiling stm32f4xx_gpio.c...
C:\Program Files\Keil4\ARM\Inc\ST\STM32F4xx\stm32f4xx.h(7813): error:  #5: cannot open source input file "stm32f4xx_conf.h": No such file or directory
compiling stm32f4xx_syscfg.c...
C:\Program Files\Keil4\ARM\Inc\ST\STM32F4xx\stm32f4xx.h(7813): error:  #5: cannot open source input file "stm32f4xx_conf.h": No such file or directory
compiling ts.c...
C:\Program Files\Keil4\ARM\Inc\ST\STM32F4xx\stm32f4xx.h(7813): error:  #5: cannot open source input file "stm32f4xx_conf.h": No such file or directory
compiling fonts.c...
compiling LCD_STM32F4.c...
C:\Program Files\Keil4\ARM\Inc\ST\STM32F4xx\stm32f4xx.h(7813): error:  #5: cannot open source input file "stm32f4xx_conf.h": No such file or directory
compiling main.c...
C:\Program Files\Keil4\ARM\Inc\ST\STM32F4xx\stm32f4xx.h(7813): error:  #5: cannot open source input file "stm32f4xx_conf.h": No such file or directory
compiling pwm.c...
C:\Program Files\Keil4\ARM\Inc\ST\STM32F4xx\stm32f4xx.h(7813): error:  #5: cannot open source input file "stm32f4xx_conf.h": No such file or directory
compiling stm32f4xx_it.c...
C:\Program Files\Keil4\ARM\Inc\ST\STM32F4xx\stm32f4xx.h(7813): error:  #5: cannot open source input file "stm32f4xx_conf.h": No such file or directory
compiling system_stm32f4xx.c...
C:\Program Files\Keil4\ARM\Inc\ST\STM32F4xx\stm32f4xx.h(7813): error:  #5: cannot open source input file "stm32f4xx_conf.h": No such file or directory
compiling functions.c...
C:\Program Files\Keil4\ARM\Inc\ST\STM32F4xx\stm32f4xx.h(7813): error:  #5: cannot open source input file "stm32f4xx_conf.h": No such file or directory
Target not created
Clean started: Project: 'lcd_320x240'
   deleting intermediate output files for target 'lcd_320x240'
Build target 'lcd_320x240'
assembling startup_stm32f4xx.s...
compiling stm32f4xx_spi.c...
compiling stm32f4xx_exti.c...
compiling misc.c...
compiling stm32f4xx_tim.c...
compiling stm32f4xx_rcc.c...
compiling stm32f4xx_fsmc.c...
compiling stm32f4xx_gpio.c...
compiling stm32f4xx_syscfg.c...
compiling ts.c...
compiling fonts.c...
compiling LCD_STM32F4.c...
user\LCD_STM32F4.c(159): warning:  #186-D: pointless comparison of unsigned integer with zero
user\LCD_STM32F4.c(161): warning:  #186-D: pointless comparison of unsigned integer with zero
user\LCD_STM32F4.c(163): warning:  #186-D: pointless comparison of unsigned integer with zero
user\LCD_STM32F4.c(163): warning:  #186-D: pointless comparison of unsigned integer with zero
user\LCD_STM32F4.c(167): warning:  #186-D: pointless comparison of unsigned integer with zero
user\LCD_STM32F4.c(169): warning:  #186-D: pointless comparison of unsigned integer with zero
user\LCD_STM32F4.c(171): warning:  #186-D: pointless comparison of unsigned integer with zero
user\LCD_STM32F4.c(171): warning:  #186-D: pointless comparison of unsigned integer with zero
compiling main.c...
compiling pwm.c...
compiling stm32f4xx_it.c...
compiling system_stm32f4xx.c...
compiling functions.c...
linking...
Program Size: Code=14624 RO-data=174528 RW-data=108 ZI-data=1076  
FromELF: creating hex file...
"lcd_320x240.axf" - 0 Error(s), 8 Warning(s).
