Component: ARM Compiler 5.05 update 1 (build 106) Tool: armlink [4d0efa]

==============================================================================

Section Cross References

    startup_stm32f4xx.o(RESET) refers to startup_stm32f4xx.o(STACK) for __initial_sp
    startup_stm32f4xx.o(RESET) refers to startup_stm32f4xx.o(.text) for Reset_Handler
    startup_stm32f4xx.o(RESET) refers to stm32f4xx_it.o(.text) for NMI_Handler
    startup_stm32f4xx.o(.text) refers to system_stm32f4xx.o(.text) for SystemInit
    startup_stm32f4xx.o(.text) refers to entry.o(.ARM.Collect$$$$00000000) for __main
    stm32f4xx_spi.o(.text) refers to stm32f4xx_rcc.o(.text) for RCC_APB2PeriphResetCmd
    stm32f4xx_tim.o(.text) refers to stm32f4xx_rcc.o(.text) for RCC_APB2PeriphResetCmd
    stm32f4xx_rcc.o(.text) refers to stm32f4xx_rcc.o(.data) for .data
    stm32f4xx_gpio.o(.text) refers to stm32f4xx_rcc.o(.text) for RCC_AHB1PeriphResetCmd
    stm32f4xx_syscfg.o(.text) refers to stm32f4xx_rcc.o(.text) for RCC_APB2PeriphResetCmd
    ts.o(.text) refers to stm32f4xx_spi.o(.text) for SPI_I2S_GetFlagStatus
    ts.o(.text) refers to stm32f4xx_gpio.o(.text) for GPIO_ResetBits
    ts.o(.text) refers to stm32f4xx_rcc.o(.text) for RCC_APB2PeriphClockCmd
    ts.o(.text) refers to stm32f4xx_syscfg.o(.text) for SYSCFG_EXTILineConfig
    ts.o(.text) refers to stm32f4xx_exti.o(.text) for EXTI_Init
    ts.o(.text) refers to misc.o(.text) for NVIC_Init
    ts.o(.text) refers to ts.o(.bss) for .bss
    ts.o(.text) refers to ts.o(.data) for .data
    fonts.o(.data) refers to fonts.o(.constdata) for ASCII16x24_Table
    fonts.o(.data) refers to fonts.o(.constdata) for ASCII12x12_Table
    fonts.o(.data) refers to fonts.o(.constdata) for ASCII8x12_Table
    fonts.o(.data) refers to fonts.o(.constdata) for ASCII8x8_Table
    lcd_stm32f4.o(.text) refers to lcd_stm32f4.o(.data) for .data
    lcd_stm32f4.o(.text) refers to stm32f4xx_gpio.o(.text) for GPIO_ResetBits
    lcd_stm32f4.o(.text) refers to stm32f4xx_rcc.o(.text) for RCC_AHB1PeriphClockCmd
    lcd_stm32f4.o(.text) refers to memseta.o(.text) for __aeabi_memclr4
    lcd_stm32f4.o(.text) refers to stm32f4xx_fsmc.o(.text) for FSMC_NORSRAMInit
    main.o(.text) refers to lcd_stm32f4.o(.text) for Init_SysTick
    main.o(.text) refers to pwm.o(.text) for pwm_init
    main.o(.text) refers to ts.o(.text) for touch_init
    main.o(.text) refers to functions.o(.text) for uint16tostr
    main.o(.text) refers to strcpy.o(.text) for strcpy
    main.o(.text) refers to rand.o(.text) for rand
    main.o(.text) refers to stm32f4xx_gpio.o(.text) for GPIO_ToggleBits
    main.o(.text) refers to fonts.o(.data) for Font16x24
    main.o(.text) refers to ts.o(.bss) for Pen_Point
    main.o(.text) refers to main.o(.bss) for .bss
    main.o(.text) refers to fonts.o(.data) for Font12x12
    main.o(.text) refers to fonts.o(.data) for Font8x8
    pwm.o(.text) refers to stm32f4xx_rcc.o(.text) for RCC_APB1PeriphClockCmd
    pwm.o(.text) refers to stm32f4xx_gpio.o(.text) for GPIO_Init
    pwm.o(.text) refers to stm32f4xx_tim.o(.text) for TIM_TimeBaseInit
    pwm.o(.text) refers to system_stm32f4xx.o(.data) for SystemCoreClock
    pwm.o(.text) refers to pwm.o(.data) for .data
    stm32f4xx_it.o(.text) refers to lcd_stm32f4.o(.text) for TimingDelay_Decrement
    stm32f4xx_it.o(.text) refers to stm32f4xx_gpio.o(.text) for GPIO_ToggleBits
    stm32f4xx_it.o(.text) refers to stm32f4xx_exti.o(.text) for EXTI_GetITStatus
    stm32f4xx_it.o(.text) refers to stm32f4xx_it.o(.data) for .data
    system_stm32f4xx.o(.text) refers to system_stm32f4xx.o(.data) for .data
    entry.o(.ARM.Collect$$$$00000000) refers (Special) to entry10a.o(.ARM.Collect$$$$0000000D) for __rt_final_cpp
    entry.o(.ARM.Collect$$$$00000000) refers (Special) to entry11a.o(.ARM.Collect$$$$0000000F) for __rt_final_exit
    entry.o(.ARM.Collect$$$$00000000) refers (Special) to entry7b.o(.ARM.Collect$$$$00000008) for _main_clock
    entry.o(.ARM.Collect$$$$00000000) refers (Special) to entry8b.o(.ARM.Collect$$$$0000000A) for _main_cpp_init
    entry.o(.ARM.Collect$$$$00000000) refers (Special) to entry9a.o(.ARM.Collect$$$$0000000B) for _main_init
    entry.o(.ARM.Collect$$$$00000000) refers (Special) to entry5.o(.ARM.Collect$$$$00000004) for _main_scatterload
    entry.o(.ARM.Collect$$$$00000000) refers (Special) to entry2.o(.ARM.Collect$$$$00000001) for _main_stk
    rand.o(.text) refers to rand.o(.data) for .data
    entry2.o(.ARM.Collect$$$$00000001) refers to entry2.o(.ARM.Collect$$$$00002712) for __lit__00000000
    entry2.o(.ARM.Collect$$$$00002712) refers to startup_stm32f4xx.o(STACK) for __initial_sp
    entry2.o(__vectab_stack_and_reset_area) refers to startup_stm32f4xx.o(STACK) for __initial_sp
    entry2.o(__vectab_stack_and_reset_area) refers to entry.o(.ARM.Collect$$$$00000000) for __main
    entry5.o(.ARM.Collect$$$$00000004) refers to init.o(.text) for __scatterload
    entry9a.o(.ARM.Collect$$$$0000000B) refers to main.o(.text) for main
    entry9b.o(.ARM.Collect$$$$0000000C) refers to main.o(.text) for main
    init.o(.text) refers to entry5.o(.ARM.Collect$$$$00000004) for __main_after_scatterload


==============================================================================

Removing Unused input sections from the image.

    Removing startup_stm32f4xx.o(HEAP), (512 bytes).
    Removing stm32f4xx_spi.o(.rev16_text), (4 bytes).
    Removing stm32f4xx_spi.o(.revsh_text), (4 bytes).
    Removing stm32f4xx_exti.o(.rev16_text), (4 bytes).
    Removing stm32f4xx_exti.o(.revsh_text), (4 bytes).
    Removing misc.o(.rev16_text), (4 bytes).
    Removing misc.o(.revsh_text), (4 bytes).
    Removing stm32f4xx_tim.o(.rev16_text), (4 bytes).
    Removing stm32f4xx_tim.o(.revsh_text), (4 bytes).
    Removing stm32f4xx_rcc.o(.rev16_text), (4 bytes).
    Removing stm32f4xx_rcc.o(.revsh_text), (4 bytes).
    Removing stm32f4xx_fsmc.o(.rev16_text), (4 bytes).
    Removing stm32f4xx_fsmc.o(.revsh_text), (4 bytes).
    Removing stm32f4xx_gpio.o(.rev16_text), (4 bytes).
    Removing stm32f4xx_gpio.o(.revsh_text), (4 bytes).
    Removing stm32f4xx_syscfg.o(.rev16_text), (4 bytes).
    Removing stm32f4xx_syscfg.o(.revsh_text), (4 bytes).
    Removing ts.o(.rev16_text), (4 bytes).
    Removing ts.o(.revsh_text), (4 bytes).
    Removing fonts.o(.constdata), (2304 bytes).
    Removing fonts.o(.data), (8 bytes).
    Removing lcd_stm32f4.o(.rev16_text), (4 bytes).
    Removing lcd_stm32f4.o(.revsh_text), (4 bytes).
    Removing main.o(.rev16_text), (4 bytes).
    Removing main.o(.revsh_text), (4 bytes).
    Removing main.o(.bss), (12 bytes).
    Removing main.o(.bss), (20 bytes).
    Removing main.o(.data), (2 bytes).
    Removing pwm.o(.rev16_text), (4 bytes).
    Removing pwm.o(.revsh_text), (4 bytes).
    Removing stm32f4xx_it.o(.rev16_text), (4 bytes).
    Removing stm32f4xx_it.o(.revsh_text), (4 bytes).
    Removing system_stm32f4xx.o(.rev16_text), (4 bytes).
    Removing system_stm32f4xx.o(.revsh_text), (4 bytes).
    Removing functions.o(.rev16_text), (4 bytes).
    Removing functions.o(.revsh_text), (4 bytes).

36 unused section(s) (total 2978 bytes) removed from the image.

==============================================================================

Image Symbol Table

    Local Symbols

    Symbol Name                              Value     Ov Type        Size  Object(Section)

    ../clib/microlib/init/entry.s            0x00000000   Number         0  entry8a.o ABSOLUTE
    ../clib/microlib/init/entry.s            0x00000000   Number         0  entry8b.o ABSOLUTE
    ../clib/microlib/init/entry.s            0x00000000   Number         0  entry11b.o ABSOLUTE
    ../clib/microlib/init/entry.s            0x00000000   Number         0  entry11a.o ABSOLUTE
    ../clib/microlib/init/entry.s            0x00000000   Number         0  entry10b.o ABSOLUTE
    ../clib/microlib/init/entry.s            0x00000000   Number         0  entry9b.o ABSOLUTE
    ../clib/microlib/init/entry.s            0x00000000   Number         0  entry5.o ABSOLUTE
    ../clib/microlib/init/entry.s            0x00000000   Number         0  entry10a.o ABSOLUTE
    ../clib/microlib/init/entry.s            0x00000000   Number         0  entry2.o ABSOLUTE
    ../clib/microlib/init/entry.s            0x00000000   Number         0  entry.o ABSOLUTE
    ../clib/microlib/init/entry.s            0x00000000   Number         0  entry9a.o ABSOLUTE
    ../clib/microlib/init/entry.s            0x00000000   Number         0  entry7b.o ABSOLUTE
    ../clib/microlib/init/entry.s            0x00000000   Number         0  entry7a.o ABSOLUTE
    ../clib/microlib/stdlib/rand.c           0x00000000   Number         0  rand.o ABSOLUTE
    ../clib/microlib/string/memset.c         0x00000000   Number         0  memseta.o ABSOLUTE
    ../clib/microlib/string/strcpy.c         0x00000000   Number         0  strcpy.o ABSOLUTE
    ..\\stm32f4xx_library\\src\\misc.c       0x00000000   Number         0  misc.o ABSOLUTE
    ..\\stm32f4xx_library\\src\\stm32f4xx_exti.c 0x00000000   Number         0  stm32f4xx_exti.o ABSOLUTE
    ..\\stm32f4xx_library\\src\\stm32f4xx_fsmc.c 0x00000000   Number         0  stm32f4xx_fsmc.o ABSOLUTE
    ..\\stm32f4xx_library\\src\\stm32f4xx_gpio.c 0x00000000   Number         0  stm32f4xx_gpio.o ABSOLUTE
    ..\\stm32f4xx_library\\src\\stm32f4xx_rcc.c 0x00000000   Number         0  stm32f4xx_rcc.o ABSOLUTE
    ..\\stm32f4xx_library\\src\\stm32f4xx_spi.c 0x00000000   Number         0  stm32f4xx_spi.o ABSOLUTE
    ..\\stm32f4xx_library\\src\\stm32f4xx_syscfg.c 0x00000000   Number         0  stm32f4xx_syscfg.o ABSOLUTE
    ..\\stm32f4xx_library\\src\\stm32f4xx_tim.c 0x00000000   Number         0  stm32f4xx_tim.o ABSOLUTE
    ..\stm32f4xx_library\src\misc.c          0x00000000   Number         0  misc.o ABSOLUTE
    ..\stm32f4xx_library\src\stm32f4xx_exti.c 0x00000000   Number         0  stm32f4xx_exti.o ABSOLUTE
    ..\stm32f4xx_library\src\stm32f4xx_fsmc.c 0x00000000   Number         0  stm32f4xx_fsmc.o ABSOLUTE
    ..\stm32f4xx_library\src\stm32f4xx_gpio.c 0x00000000   Number         0  stm32f4xx_gpio.o ABSOLUTE
    ..\stm32f4xx_library\src\stm32f4xx_rcc.c 0x00000000   Number         0  stm32f4xx_rcc.o ABSOLUTE
    ..\stm32f4xx_library\src\stm32f4xx_spi.c 0x00000000   Number         0  stm32f4xx_spi.o ABSOLUTE
    ..\stm32f4xx_library\src\stm32f4xx_syscfg.c 0x00000000   Number         0  stm32f4xx_syscfg.o ABSOLUTE
    ..\stm32f4xx_library\src\stm32f4xx_tim.c 0x00000000   Number         0  stm32f4xx_tim.o ABSOLUTE
    dc.s                                     0x00000000   Number         0  dc.o ABSOLUTE
    handlers.s                               0x00000000   Number         0  handlers.o ABSOLUTE
    init.s                                   0x00000000   Number         0  init.o ABSOLUTE
    startup_stm32f4xx.s                      0x00000000   Number         0  startup_stm32f4xx.o ABSOLUTE
    user\LCD_STM32F4.c                       0x00000000   Number         0  lcd_stm32f4.o ABSOLUTE
    user\\LCD_STM32F4.c                      0x00000000   Number         0  lcd_stm32f4.o ABSOLUTE
    user\\functions.c                        0x00000000   Number         0  functions.o ABSOLUTE
    user\\main.c                             0x00000000   Number         0  main.o ABSOLUTE
    user\\pwm.c                              0x00000000   Number         0  pwm.o ABSOLUTE
    user\\stm32f4xx_it.c                     0x00000000   Number         0  stm32f4xx_it.o ABSOLUTE
    user\\system_stm32f4xx.c                 0x00000000   Number         0  system_stm32f4xx.o ABSOLUTE
    user\\ts.c                               0x00000000   Number         0  ts.o ABSOLUTE
    user\fonts.c                             0x00000000   Number         0  fonts.o ABSOLUTE
    user\functions.c                         0x00000000   Number         0  functions.o ABSOLUTE
    user\main.c                              0x00000000   Number         0  main.o ABSOLUTE
    user\pwm.c                               0x00000000   Number         0  pwm.o ABSOLUTE
    user\stm32f4xx_it.c                      0x00000000   Number         0  stm32f4xx_it.o ABSOLUTE
    user\system_stm32f4xx.c                  0x00000000   Number         0  system_stm32f4xx.o ABSOLUTE
    user\ts.c                                0x00000000   Number         0  ts.o ABSOLUTE
    RESET                                    0x08000000   Section      392  startup_stm32f4xx.o(RESET)
    .ARM.Collect$$$$00000000                 0x08000188   Section        0  entry.o(.ARM.Collect$$$$00000000)
    .ARM.Collect$$$$00000001                 0x08000188   Section        4  entry2.o(.ARM.Collect$$$$00000001)
    .ARM.Collect$$$$00000004                 0x0800018c   Section        4  entry5.o(.ARM.Collect$$$$00000004)
    .ARM.Collect$$$$00000008                 0x08000190   Section        0  entry7b.o(.ARM.Collect$$$$00000008)
    .ARM.Collect$$$$0000000A                 0x08000190   Section        0  entry8b.o(.ARM.Collect$$$$0000000A)
    .ARM.Collect$$$$0000000B                 0x08000190   Section        8  entry9a.o(.ARM.Collect$$$$0000000B)
    .ARM.Collect$$$$0000000D                 0x08000198   Section        0  entry10a.o(.ARM.Collect$$$$0000000D)
    .ARM.Collect$$$$0000000F                 0x08000198   Section        0  entry11a.o(.ARM.Collect$$$$0000000F)
    .ARM.Collect$$$$00002712                 0x08000198   Section        4  entry2.o(.ARM.Collect$$$$00002712)
    __lit__00000000                          0x08000198   Data           4  entry2.o(.ARM.Collect$$$$00002712)
    .text                                    0x0800019c   Section       36  startup_stm32f4xx.o(.text)
    $v0                                      0x0800019c   Number         0  startup_stm32f4xx.o(.text)
    .text                                    0x080001c0   Section        0  stm32f4xx_spi.o(.text)
    .text                                    0x080004b0   Section        0  stm32f4xx_exti.o(.text)
    .text                                    0x08000598   Section        0  misc.o(.text)
    .text                                    0x08000648   Section        0  stm32f4xx_tim.o(.text)
    TI2_Config                               0x08000c93   Thumb Code    54  stm32f4xx_tim.o(.text)
    TI1_Config                               0x08000ff7   Thumb Code    46  stm32f4xx_tim.o(.text)
    .text                                    0x08001024   Section        0  stm32f4xx_rcc.o(.text)
    .text                                    0x080013f8   Section        0  stm32f4xx_fsmc.o(.text)
    .text                                    0x08001874   Section        0  stm32f4xx_gpio.o(.text)
    .text                                    0x08001a8c   Section        0  stm32f4xx_syscfg.o(.text)
    .text                                    0x08001b04   Section        0  ts.o(.text)
    .text                                    0x08001e24   Section        0  lcd_stm32f4.o(.text)
    .text                                    0x080025ec   Section        0  main.o(.text)
    .text                                    0x08002a4c   Section        0  pwm.o(.text)
    .text                                    0x08002b04   Section        0  stm32f4xx_it.o(.text)
    .text                                    0x08002b68   Section        0  system_stm32f4xx.o(.text)
    SetSysClock                              0x08002b69   Thumb Code   162  system_stm32f4xx.o(.text)
    .text                                    0x08002cdc   Section        0  functions.o(.text)
    .text                                    0x08002d1c   Section        0  rand.o(.text)
    .text                                    0x08002d40   Section        0  memseta.o(.text)
    .text                                    0x08002d64   Section        0  strcpy.o(.text)
    .text                                    0x08002d78   Section       36  init.o(.text)
    i.__scatterload_copy                     0x08002d9c   Section       14  handlers.o(i.__scatterload_copy)
    i.__scatterload_null                     0x08002daa   Section        2  handlers.o(i.__scatterload_null)
    i.__scatterload_zeroinit                 0x08002dac   Section       14  handlers.o(i.__scatterload_zeroinit)
    .constdata                               0x08002dba   Section     4560  fonts.o(.constdata)
    .constdata                               0x08003f8a   Section     2304  fonts.o(.constdata)
    .constdata                               0x0800488a   Section     1536  fonts.o(.constdata)
    .data                                    0x20000000   Section       16  stm32f4xx_rcc.o(.data)
    APBAHBPrescTable                         0x20000000   Data          16  stm32f4xx_rcc.o(.data)
    .data                                    0x20000010   Section       20  ts.o(.data)
    .data                                    0x20000024   Section        8  fonts.o(.data)
    .data                                    0x2000002c   Section        8  fonts.o(.data)
    .data                                    0x20000034   Section        8  fonts.o(.data)
    .data                                    0x2000003c   Section        8  lcd_stm32f4.o(.data)
    Current_Font                             0x2000003c   Data           4  lcd_stm32f4.o(.data)
    TimingDelay                              0x20000040   Data           4  lcd_stm32f4.o(.data)
    .data                                    0x20000044   Section        2  pwm.o(.data)
    .data                                    0x20000046   Section        1  stm32f4xx_it.o(.data)
    .data                                    0x20000048   Section       20  system_stm32f4xx.o(.data)
    .data                                    0x2000005c   Section        4  rand.o(.data)
    _rand_state                              0x2000005c   Data           4  rand.o(.data)
    .bss                                     0x20000060   Section       48  ts.o(.bss)
    .bss                                     0x20000090   Section       20  main.o(.bss)
    bakx                                     0x20000090   Data          10  main.o(.bss)
    baky                                     0x2000009a   Data          10  main.o(.bss)
    STACK                                    0x200000a8   Section     1024  startup_stm32f4xx.o(STACK)

    Global Symbols

    Symbol Name                              Value     Ov Type        Size  Object(Section)

    BuildAttributes$$THM_ISAv4$E$P$D$K$B$S$7EM$VFPi3$EXTD16$VFPS$VFMA$PE$A:L22UL41UL21$X:L11$S22US41US21$IEEE1$IW$USESV6$~STKCKD$USESV7$~SHL$OSPACE$EBA8$MICROLIB$REQ8$PRES8$EABIv2 0x00000000   Number         0  anon$$obj.o ABSOLUTE
    __ARM_use_no_argv                        0x00000000   Number         0  main.o ABSOLUTE
    __cpp_initialize__aeabi_                  - Undefined Weak Reference
    __cxa_finalize                            - Undefined Weak Reference
    __decompress                              - Undefined Weak Reference
    _clock_init                               - Undefined Weak Reference
    _microlib_exit                            - Undefined Weak Reference
    __Vectors_Size                           0x00000188   Number         0  startup_stm32f4xx.o ABSOLUTE
    __Vectors                                0x08000000   Data           4  startup_stm32f4xx.o(RESET)
    __Vectors_End                            0x08000188   Data           0  startup_stm32f4xx.o(RESET)
    __main                                   0x08000189   Thumb Code     0  entry.o(.ARM.Collect$$$$00000000)
    _main_stk                                0x08000189   Thumb Code     0  entry2.o(.ARM.Collect$$$$00000001)
    _main_scatterload                        0x0800018d   Thumb Code     0  entry5.o(.ARM.Collect$$$$00000004)
    __main_after_scatterload                 0x08000191   Thumb Code     0  entry5.o(.ARM.Collect$$$$00000004)
    _main_clock                              0x08000191   Thumb Code     0  entry7b.o(.ARM.Collect$$$$00000008)
    _main_cpp_init                           0x08000191   Thumb Code     0  entry8b.o(.ARM.Collect$$$$0000000A)
    _main_init                               0x08000191   Thumb Code     0  entry9a.o(.ARM.Collect$$$$0000000B)
    __rt_final_cpp                           0x08000199   Thumb Code     0  entry10a.o(.ARM.Collect$$$$0000000D)
    __rt_final_exit                          0x08000199   Thumb Code     0  entry11a.o(.ARM.Collect$$$$0000000F)
    Reset_Handler                            0x0800019d   Thumb Code     8  startup_stm32f4xx.o(.text)
    ADC_IRQHandler                           0x080001b7   Thumb Code     0  startup_stm32f4xx.o(.text)
    CAN1_RX0_IRQHandler                      0x080001b7   Thumb Code     0  startup_stm32f4xx.o(.text)
    CAN1_RX1_IRQHandler                      0x080001b7   Thumb Code     0  startup_stm32f4xx.o(.text)
    CAN1_SCE_IRQHandler                      0x080001b7   Thumb Code     0  startup_stm32f4xx.o(.text)
    CAN1_TX_IRQHandler                       0x080001b7   Thumb Code     0  startup_stm32f4xx.o(.text)
    CAN2_RX0_IRQHandler                      0x080001b7   Thumb Code     0  startup_stm32f4xx.o(.text)
    CAN2_RX1_IRQHandler                      0x080001b7   Thumb Code     0  startup_stm32f4xx.o(.text)
    CAN2_SCE_IRQHandler                      0x080001b7   Thumb Code     0  startup_stm32f4xx.o(.text)
    CAN2_TX_IRQHandler                       0x080001b7   Thumb Code     0  startup_stm32f4xx.o(.text)
    CRYP_IRQHandler                          0x080001b7   Thumb Code     0  startup_stm32f4xx.o(.text)
    DCMI_IRQHandler                          0x080001b7   Thumb Code     0  startup_stm32f4xx.o(.text)
    DMA1_Stream0_IRQHandler                  0x080001b7   Thumb Code     0  startup_stm32f4xx.o(.text)
    DMA1_Stream1_IRQHandler                  0x080001b7   Thumb Code     0  startup_stm32f4xx.o(.text)
    DMA1_Stream2_IRQHandler                  0x080001b7   Thumb Code     0  startup_stm32f4xx.o(.text)
    DMA1_Stream3_IRQHandler                  0x080001b7   Thumb Code     0  startup_stm32f4xx.o(.text)
    DMA1_Stream4_IRQHandler                  0x080001b7   Thumb Code     0  startup_stm32f4xx.o(.text)
    DMA1_Stream5_IRQHandler                  0x080001b7   Thumb Code     0  startup_stm32f4xx.o(.text)
    DMA1_Stream6_IRQHandler                  0x080001b7   Thumb Code     0  startup_stm32f4xx.o(.text)
    DMA1_Stream7_IRQHandler                  0x080001b7   Thumb Code     0  startup_stm32f4xx.o(.text)
    DMA2_Stream0_IRQHandler                  0x080001b7   Thumb Code     0  startup_stm32f4xx.o(.text)
    DMA2_Stream1_IRQHandler                  0x080001b7   Thumb Code     0  startup_stm32f4xx.o(.text)
    DMA2_Stream2_IRQHandler                  0x080001b7   Thumb Code     0  startup_stm32f4xx.o(.text)
    DMA2_Stream3_IRQHandler                  0x080001b7   Thumb Code     0  startup_stm32f4xx.o(.text)
    DMA2_Stream4_IRQHandler                  0x080001b7   Thumb Code     0  startup_stm32f4xx.o(.text)
    DMA2_Stream5_IRQHandler                  0x080001b7   Thumb Code     0  startup_stm32f4xx.o(.text)
    DMA2_Stream6_IRQHandler                  0x080001b7   Thumb Code     0  startup_stm32f4xx.o(.text)
    DMA2_Stream7_IRQHandler                  0x080001b7   Thumb Code     0  startup_stm32f4xx.o(.text)
    ETH_IRQHandler                           0x080001b7   Thumb Code     0  startup_stm32f4xx.o(.text)
    ETH_WKUP_IRQHandler                      0x080001b7   Thumb Code     0  startup_stm32f4xx.o(.text)
    EXTI0_IRQHandler                         0x080001b7   Thumb Code     0  startup_stm32f4xx.o(.text)
    EXTI1_IRQHandler                         0x080001b7   Thumb Code     0  startup_stm32f4xx.o(.text)
    EXTI2_IRQHandler                         0x080001b7   Thumb Code     0  startup_stm32f4xx.o(.text)
    EXTI3_IRQHandler                         0x080001b7   Thumb Code     0  startup_stm32f4xx.o(.text)
    EXTI4_IRQHandler                         0x080001b7   Thumb Code     0  startup_stm32f4xx.o(.text)
    EXTI9_5_IRQHandler                       0x080001b7   Thumb Code     0  startup_stm32f4xx.o(.text)
    FLASH_IRQHandler                         0x080001b7   Thumb Code     0  startup_stm32f4xx.o(.text)
    FPU_IRQHandler                           0x080001b7   Thumb Code     0  startup_stm32f4xx.o(.text)
    FSMC_IRQHandler                          0x080001b7   Thumb Code     0  startup_stm32f4xx.o(.text)
    HASH_RNG_IRQHandler                      0x080001b7   Thumb Code     0  startup_stm32f4xx.o(.text)
    I2C1_ER_IRQHandler                       0x080001b7   Thumb Code     0  startup_stm32f4xx.o(.text)
    I2C1_EV_IRQHandler                       0x080001b7   Thumb Code     0  startup_stm32f4xx.o(.text)
    I2C2_ER_IRQHandler                       0x080001b7   Thumb Code     0  startup_stm32f4xx.o(.text)
    I2C2_EV_IRQHandler                       0x080001b7   Thumb Code     0  startup_stm32f4xx.o(.text)
    I2C3_ER_IRQHandler                       0x080001b7   Thumb Code     0  startup_stm32f4xx.o(.text)
    I2C3_EV_IRQHandler                       0x080001b7   Thumb Code     0  startup_stm32f4xx.o(.text)
    OTG_FS_IRQHandler                        0x080001b7   Thumb Code     0  startup_stm32f4xx.o(.text)
    OTG_FS_WKUP_IRQHandler                   0x080001b7   Thumb Code     0  startup_stm32f4xx.o(.text)
    OTG_HS_EP1_IN_IRQHandler                 0x080001b7   Thumb Code     0  startup_stm32f4xx.o(.text)
    OTG_HS_EP1_OUT_IRQHandler                0x080001b7   Thumb Code     0  startup_stm32f4xx.o(.text)
    OTG_HS_IRQHandler                        0x080001b7   Thumb Code     0  startup_stm32f4xx.o(.text)
    OTG_HS_WKUP_IRQHandler                   0x080001b7   Thumb Code     0  startup_stm32f4xx.o(.text)
    PVD_IRQHandler                           0x080001b7   Thumb Code     0  startup_stm32f4xx.o(.text)
    RCC_IRQHandler                           0x080001b7   Thumb Code     0  startup_stm32f4xx.o(.text)
    RTC_Alarm_IRQHandler                     0x080001b7   Thumb Code     0  startup_stm32f4xx.o(.text)
    RTC_WKUP_IRQHandler                      0x080001b7   Thumb Code     0  startup_stm32f4xx.o(.text)
    SDIO_IRQHandler                          0x080001b7   Thumb Code     0  startup_stm32f4xx.o(.text)
    SPI1_IRQHandler                          0x080001b7   Thumb Code     0  startup_stm32f4xx.o(.text)
    SPI2_IRQHandler                          0x080001b7   Thumb Code     0  startup_stm32f4xx.o(.text)
    SPI3_IRQHandler                          0x080001b7   Thumb Code     0  startup_stm32f4xx.o(.text)
    TAMP_STAMP_IRQHandler                    0x080001b7   Thumb Code     0  startup_stm32f4xx.o(.text)
    TIM1_BRK_TIM9_IRQHandler                 0x080001b7   Thumb Code     0  startup_stm32f4xx.o(.text)
    TIM1_CC_IRQHandler                       0x080001b7   Thumb Code     0  startup_stm32f4xx.o(.text)
    TIM1_TRG_COM_TIM11_IRQHandler            0x080001b7   Thumb Code     0  startup_stm32f4xx.o(.text)
    TIM1_UP_TIM10_IRQHandler                 0x080001b7   Thumb Code     0  startup_stm32f4xx.o(.text)
    TIM2_IRQHandler                          0x080001b7   Thumb Code     0  startup_stm32f4xx.o(.text)
    TIM3_IRQHandler                          0x080001b7   Thumb Code     0  startup_stm32f4xx.o(.text)
    TIM4_IRQHandler                          0x080001b7   Thumb Code     0  startup_stm32f4xx.o(.text)
    TIM5_IRQHandler                          0x080001b7   Thumb Code     0  startup_stm32f4xx.o(.text)
    TIM6_DAC_IRQHandler                      0x080001b7   Thumb Code     0  startup_stm32f4xx.o(.text)
    TIM7_IRQHandler                          0x080001b7   Thumb Code     0  startup_stm32f4xx.o(.text)
    TIM8_BRK_TIM12_IRQHandler                0x080001b7   Thumb Code     0  startup_stm32f4xx.o(.text)
    TIM8_CC_IRQHandler                       0x080001b7   Thumb Code     0  startup_stm32f4xx.o(.text)
    TIM8_TRG_COM_TIM14_IRQHandler            0x080001b7   Thumb Code     0  startup_stm32f4xx.o(.text)
    TIM8_UP_TIM13_IRQHandler                 0x080001b7   Thumb Code     0  startup_stm32f4xx.o(.text)
    UART4_IRQHandler                         0x080001b7   Thumb Code     0  startup_stm32f4xx.o(.text)
    UART5_IRQHandler                         0x080001b7   Thumb Code     0  startup_stm32f4xx.o(.text)
    USART1_IRQHandler                        0x080001b7   Thumb Code     0  startup_stm32f4xx.o(.text)
    USART2_IRQHandler                        0x080001b7   Thumb Code     0  startup_stm32f4xx.o(.text)
    USART3_IRQHandler                        0x080001b7   Thumb Code     0  startup_stm32f4xx.o(.text)
    USART6_IRQHandler                        0x080001b7   Thumb Code     0  startup_stm32f4xx.o(.text)
    WWDG_IRQHandler                          0x080001b7   Thumb Code     0  startup_stm32f4xx.o(.text)
    SPI_I2S_DeInit                           0x080001c1   Thumb Code    72  stm32f4xx_spi.o(.text)
    SPI_Init                                 0x08000209   Thumb Code    56  stm32f4xx_spi.o(.text)
    I2S_Init                                 0x08000241   Thumb Code   190  stm32f4xx_spi.o(.text)
    SPI_StructInit                           0x080002ff   Thumb Code    24  stm32f4xx_spi.o(.text)
    I2S_StructInit                           0x08000317   Thumb Code    18  stm32f4xx_spi.o(.text)
    SPI_Cmd                                  0x08000329   Thumb Code    20  stm32f4xx_spi.o(.text)
    I2S_Cmd                                  0x0800033d   Thumb Code    20  stm32f4xx_spi.o(.text)
    SPI_DataSizeConfig                       0x08000351   Thumb Code    16  stm32f4xx_spi.o(.text)
    SPI_BiDirectionalLineConfig              0x08000361   Thumb Code    22  stm32f4xx_spi.o(.text)
    SPI_NSSInternalSoftwareConfig            0x08000377   Thumb Code    24  stm32f4xx_spi.o(.text)
    SPI_SSOutputCmd                          0x0800038f   Thumb Code    20  stm32f4xx_spi.o(.text)
    SPI_TIModeCmd                            0x080003a3   Thumb Code    20  stm32f4xx_spi.o(.text)
    I2S_FullDuplexConfig                     0x080003b7   Thumb Code    58  stm32f4xx_spi.o(.text)
    SPI_I2S_ReceiveData                      0x080003f1   Thumb Code     4  stm32f4xx_spi.o(.text)
    SPI_I2S_SendData                         0x080003f5   Thumb Code     4  stm32f4xx_spi.o(.text)
    SPI_CalculateCRC                         0x080003f9   Thumb Code    20  stm32f4xx_spi.o(.text)
    SPI_TransmitCRC                          0x0800040d   Thumb Code    10  stm32f4xx_spi.o(.text)
    SPI_GetCRC                               0x08000417   Thumb Code    12  stm32f4xx_spi.o(.text)
    SPI_GetCRCPolynomial                     0x08000423   Thumb Code     4  stm32f4xx_spi.o(.text)
    SPI_I2S_DMACmd                           0x08000427   Thumb Code    16  stm32f4xx_spi.o(.text)
    SPI_I2S_ITConfig                         0x08000437   Thumb Code    24  stm32f4xx_spi.o(.text)
    SPI_I2S_GetFlagStatus                    0x0800044f   Thumb Code    14  stm32f4xx_spi.o(.text)
    SPI_I2S_ClearFlag                        0x0800045d   Thumb Code     6  stm32f4xx_spi.o(.text)
    SPI_I2S_GetITStatus                      0x08000463   Thumb Code    42  stm32f4xx_spi.o(.text)
    SPI_I2S_ClearITPendingBit                0x0800048d   Thumb Code    14  stm32f4xx_spi.o(.text)
    EXTI_DeInit                              0x080004b1   Thumb Code    28  stm32f4xx_exti.o(.text)
    EXTI_Init                                0x080004cd   Thumb Code   108  stm32f4xx_exti.o(.text)
    EXTI_StructInit                          0x08000539   Thumb Code    14  stm32f4xx_exti.o(.text)
    EXTI_GenerateSWInterrupt                 0x08000547   Thumb Code    12  stm32f4xx_exti.o(.text)
    EXTI_GetFlagStatus                       0x08000553   Thumb Code    18  stm32f4xx_exti.o(.text)
    EXTI_ClearFlag                           0x08000565   Thumb Code     8  stm32f4xx_exti.o(.text)
    EXTI_GetITStatus                         0x0800056d   Thumb Code    28  stm32f4xx_exti.o(.text)
    EXTI_ClearITPendingBit                   0x08000589   Thumb Code     8  stm32f4xx_exti.o(.text)
    NVIC_PriorityGroupConfig                 0x08000599   Thumb Code    10  misc.o(.text)
    NVIC_Init                                0x080005a3   Thumb Code    96  misc.o(.text)
    NVIC_SetVectorTable                      0x08000603   Thumb Code    14  misc.o(.text)
    NVIC_SystemLPConfig                      0x08000611   Thumb Code    20  misc.o(.text)
    SysTick_CLKSourceConfig                  0x08000625   Thumb Code    24  misc.o(.text)
    TIM_DeInit                               0x08000649   Thumb Code   284  stm32f4xx_tim.o(.text)
    TIM_TimeBaseInit                         0x08000765   Thumb Code    96  stm32f4xx_tim.o(.text)
    TIM_TimeBaseStructInit                   0x080007c5   Thumb Code    18  stm32f4xx_tim.o(.text)
    TIM_PrescalerConfig                      0x080007d7   Thumb Code     6  stm32f4xx_tim.o(.text)
    TIM_CounterModeConfig                    0x080007dd   Thumb Code    12  stm32f4xx_tim.o(.text)
    TIM_SetCounter                           0x080007e9   Thumb Code     4  stm32f4xx_tim.o(.text)
    TIM_SetAutoreload                        0x080007ed   Thumb Code     4  stm32f4xx_tim.o(.text)
    TIM_GetCounter                           0x080007f1   Thumb Code     4  stm32f4xx_tim.o(.text)
    TIM_GetPrescaler                         0x080007f5   Thumb Code     4  stm32f4xx_tim.o(.text)
    TIM_UpdateDisableConfig                  0x080007f9   Thumb Code    20  stm32f4xx_tim.o(.text)
    TIM_UpdateRequestConfig                  0x0800080d   Thumb Code    20  stm32f4xx_tim.o(.text)
    TIM_ARRPreloadConfig                     0x08000821   Thumb Code    20  stm32f4xx_tim.o(.text)
    TIM_SelectOnePulseMode                   0x08000835   Thumb Code    16  stm32f4xx_tim.o(.text)
    TIM_SetClockDivision                     0x08000845   Thumb Code    16  stm32f4xx_tim.o(.text)
    TIM_Cmd                                  0x08000855   Thumb Code    20  stm32f4xx_tim.o(.text)
    TIM_OC1Init                              0x08000869   Thumb Code    88  stm32f4xx_tim.o(.text)
    TIM_OC2Init                              0x080008c1   Thumb Code   120  stm32f4xx_tim.o(.text)
    TIM_OC3Init                              0x08000939   Thumb Code   116  stm32f4xx_tim.o(.text)
    TIM_OC4Init                              0x080009ad   Thumb Code    88  stm32f4xx_tim.o(.text)
    TIM_OCStructInit                         0x08000a05   Thumb Code    20  stm32f4xx_tim.o(.text)
    TIM_SelectOCxM                           0x08000a19   Thumb Code   130  stm32f4xx_tim.o(.text)
    TIM_SetCompare1                          0x08000a9b   Thumb Code     4  stm32f4xx_tim.o(.text)
    TIM_SetCompare2                          0x08000a9f   Thumb Code     4  stm32f4xx_tim.o(.text)
    TIM_SetCompare3                          0x08000aa3   Thumb Code     4  stm32f4xx_tim.o(.text)
    TIM_SetCompare4                          0x08000aa7   Thumb Code     4  stm32f4xx_tim.o(.text)
    TIM_ForcedOC1Config                      0x08000aab   Thumb Code    12  stm32f4xx_tim.o(.text)
    TIM_ForcedOC2Config                      0x08000ab7   Thumb Code    20  stm32f4xx_tim.o(.text)
    TIM_ForcedOC3Config                      0x08000acb   Thumb Code    12  stm32f4xx_tim.o(.text)
    TIM_ForcedOC4Config                      0x08000ad7   Thumb Code    20  stm32f4xx_tim.o(.text)
    TIM_OC1PreloadConfig                     0x08000aeb   Thumb Code    12  stm32f4xx_tim.o(.text)
    TIM_OC2PreloadConfig                     0x08000af7   Thumb Code    20  stm32f4xx_tim.o(.text)
    TIM_OC3PreloadConfig                     0x08000b0b   Thumb Code    12  stm32f4xx_tim.o(.text)
    TIM_OC4PreloadConfig                     0x08000b17   Thumb Code    20  stm32f4xx_tim.o(.text)
    TIM_OC1FastConfig                        0x08000b2b   Thumb Code    12  stm32f4xx_tim.o(.text)
    TIM_OC2FastConfig                        0x08000b37   Thumb Code    20  stm32f4xx_tim.o(.text)
    TIM_OC3FastConfig                        0x08000b4b   Thumb Code    12  stm32f4xx_tim.o(.text)
    TIM_OC4FastConfig                        0x08000b57   Thumb Code    20  stm32f4xx_tim.o(.text)
    TIM_ClearOC1Ref                          0x08000b6b   Thumb Code    12  stm32f4xx_tim.o(.text)
    TIM_ClearOC2Ref                          0x08000b77   Thumb Code    20  stm32f4xx_tim.o(.text)
    TIM_ClearOC3Ref                          0x08000b8b   Thumb Code    12  stm32f4xx_tim.o(.text)
    TIM_ClearOC4Ref                          0x08000b97   Thumb Code    20  stm32f4xx_tim.o(.text)
    TIM_OC1PolarityConfig                    0x08000bab   Thumb Code    12  stm32f4xx_tim.o(.text)
    TIM_OC1NPolarityConfig                   0x08000bb7   Thumb Code    12  stm32f4xx_tim.o(.text)
    TIM_OC2PolarityConfig                    0x08000bc3   Thumb Code    20  stm32f4xx_tim.o(.text)
    TIM_OC2NPolarityConfig                   0x08000bd7   Thumb Code    20  stm32f4xx_tim.o(.text)
    TIM_OC3PolarityConfig                    0x08000beb   Thumb Code    20  stm32f4xx_tim.o(.text)
    TIM_OC3NPolarityConfig                   0x08000bff   Thumb Code    20  stm32f4xx_tim.o(.text)
    TIM_OC4PolarityConfig                    0x08000c13   Thumb Code    20  stm32f4xx_tim.o(.text)
    TIM_CCxCmd                               0x08000c27   Thumb Code    22  stm32f4xx_tim.o(.text)
    TIM_CCxNCmd                              0x08000c3d   Thumb Code    22  stm32f4xx_tim.o(.text)
    TIM_SetIC4Prescaler                      0x08000c53   Thumb Code    24  stm32f4xx_tim.o(.text)
    TIM_SetIC3Prescaler                      0x08000c6b   Thumb Code    16  stm32f4xx_tim.o(.text)
    TIM_SetIC2Prescaler                      0x08000c7b   Thumb Code    24  stm32f4xx_tim.o(.text)
    TIM_SetIC1Prescaler                      0x08000cc9   Thumb Code    16  stm32f4xx_tim.o(.text)
    TIM_ICInit                               0x08000cd9   Thumb Code   164  stm32f4xx_tim.o(.text)
    TIM_ICStructInit                         0x08000d7d   Thumb Code    16  stm32f4xx_tim.o(.text)
    TIM_PWMIConfig                           0x08000d8d   Thumb Code   104  stm32f4xx_tim.o(.text)
    TIM_GetCapture1                          0x08000df5   Thumb Code     4  stm32f4xx_tim.o(.text)
    TIM_GetCapture2                          0x08000df9   Thumb Code     4  stm32f4xx_tim.o(.text)
    TIM_GetCapture3                          0x08000dfd   Thumb Code     4  stm32f4xx_tim.o(.text)
    TIM_GetCapture4                          0x08000e01   Thumb Code     4  stm32f4xx_tim.o(.text)
    TIM_BDTRConfig                           0x08000e05   Thumb Code    34  stm32f4xx_tim.o(.text)
    TIM_BDTRStructInit                       0x08000e27   Thumb Code    18  stm32f4xx_tim.o(.text)
    TIM_CtrlPWMOutputs                       0x08000e39   Thumb Code    22  stm32f4xx_tim.o(.text)
    TIM_SelectCOM                            0x08000e4f   Thumb Code    20  stm32f4xx_tim.o(.text)
    TIM_CCPreloadControl                     0x08000e63   Thumb Code    20  stm32f4xx_tim.o(.text)
    TIM_ITConfig                             0x08000e77   Thumb Code    16  stm32f4xx_tim.o(.text)
    TIM_GenerateEvent                        0x08000e87   Thumb Code     4  stm32f4xx_tim.o(.text)
    TIM_GetFlagStatus                        0x08000e8b   Thumb Code    14  stm32f4xx_tim.o(.text)
    TIM_ClearFlag                            0x08000e99   Thumb Code     6  stm32f4xx_tim.o(.text)
    TIM_GetITStatus                          0x08000e9f   Thumb Code    24  stm32f4xx_tim.o(.text)
    TIM_ClearITPendingBit                    0x08000eb7   Thumb Code     6  stm32f4xx_tim.o(.text)
    TIM_DMAConfig                            0x08000ebd   Thumb Code     8  stm32f4xx_tim.o(.text)
    TIM_DMACmd                               0x08000ec5   Thumb Code    16  stm32f4xx_tim.o(.text)
    TIM_SelectCCDMA                          0x08000ed5   Thumb Code    20  stm32f4xx_tim.o(.text)
    TIM_InternalClockConfig                  0x08000ee9   Thumb Code    10  stm32f4xx_tim.o(.text)
    TIM_SelectInputTrigger                   0x08000ef3   Thumb Code    12  stm32f4xx_tim.o(.text)
    TIM_ITRxExternalClockConfig              0x08000eff   Thumb Code    18  stm32f4xx_tim.o(.text)
    TIM_TIxExternalClockConfig               0x08000f11   Thumb Code    46  stm32f4xx_tim.o(.text)
    TIM_ETRConfig                            0x08000f3f   Thumb Code    24  stm32f4xx_tim.o(.text)
    TIM_ETRClockMode1Config                  0x08000f57   Thumb Code    18  stm32f4xx_tim.o(.text)
    TIM_ETRClockMode2Config                  0x08000f69   Thumb Code    18  stm32f4xx_tim.o(.text)
    TIM_SelectOutputTrigger                  0x08000f7b   Thumb Code    16  stm32f4xx_tim.o(.text)
    TIM_SelectSlaveMode                      0x08000f8b   Thumb Code    16  stm32f4xx_tim.o(.text)
    TIM_SelectMasterSlaveMode                0x08000f9b   Thumb Code    16  stm32f4xx_tim.o(.text)
    TIM_EncoderInterfaceConfig               0x08000fab   Thumb Code    50  stm32f4xx_tim.o(.text)
    TIM_SelectHallSensor                     0x08000fdd   Thumb Code    20  stm32f4xx_tim.o(.text)
    TIM_RemapConfig                          0x08000ff1   Thumb Code     6  stm32f4xx_tim.o(.text)
    RCC_DeInit                               0x08001025   Thumb Code    48  stm32f4xx_rcc.o(.text)
    RCC_HSEConfig                            0x08001055   Thumb Code    12  stm32f4xx_rcc.o(.text)
    RCC_GetFlagStatus                        0x08001061   Thumb Code    46  stm32f4xx_rcc.o(.text)
    RCC_WaitForHSEStartUp                    0x0800108f   Thumb Code    44  stm32f4xx_rcc.o(.text)
    RCC_AdjustHSICalibrationValue            0x080010bb   Thumb Code    16  stm32f4xx_rcc.o(.text)
    RCC_HSICmd                               0x080010cb   Thumb Code     6  stm32f4xx_rcc.o(.text)
    RCC_LSEConfig                            0x080010d1   Thumb Code    24  stm32f4xx_rcc.o(.text)
    RCC_LSICmd                               0x080010e9   Thumb Code     6  stm32f4xx_rcc.o(.text)
    RCC_PLLConfig                            0x080010ef   Thumb Code    32  stm32f4xx_rcc.o(.text)
    RCC_PLLCmd                               0x0800110f   Thumb Code     6  stm32f4xx_rcc.o(.text)
    RCC_PLLI2SConfig                         0x08001115   Thumb Code    14  stm32f4xx_rcc.o(.text)
    RCC_PLLI2SCmd                            0x08001123   Thumb Code     6  stm32f4xx_rcc.o(.text)
    RCC_ClockSecuritySystemCmd               0x08001129   Thumb Code     6  stm32f4xx_rcc.o(.text)
    RCC_MCO1Config                           0x0800112f   Thumb Code    18  stm32f4xx_rcc.o(.text)
    RCC_MCO2Config                           0x08001141   Thumb Code    18  stm32f4xx_rcc.o(.text)
    RCC_SYSCLKConfig                         0x08001153   Thumb Code    16  stm32f4xx_rcc.o(.text)
    RCC_GetSYSCLKSource                      0x08001163   Thumb Code    12  stm32f4xx_rcc.o(.text)
    RCC_HCLKConfig                           0x0800116f   Thumb Code    16  stm32f4xx_rcc.o(.text)
    RCC_PCLK1Config                          0x0800117f   Thumb Code    16  stm32f4xx_rcc.o(.text)
    RCC_PCLK2Config                          0x0800118f   Thumb Code    18  stm32f4xx_rcc.o(.text)
    RCC_GetClocksFreq                        0x080011a1   Thumb Code   134  stm32f4xx_rcc.o(.text)
    RCC_RTCCLKConfig                         0x08001227   Thumb Code    42  stm32f4xx_rcc.o(.text)
    RCC_RTCCLKCmd                            0x08001251   Thumb Code     8  stm32f4xx_rcc.o(.text)
    RCC_BackupResetCmd                       0x08001259   Thumb Code     8  stm32f4xx_rcc.o(.text)
    RCC_I2SCLKConfig                         0x08001261   Thumb Code     8  stm32f4xx_rcc.o(.text)
    RCC_AHB1PeriphClockCmd                   0x08001269   Thumb Code    20  stm32f4xx_rcc.o(.text)
    RCC_AHB2PeriphClockCmd                   0x0800127d   Thumb Code    20  stm32f4xx_rcc.o(.text)
    RCC_AHB3PeriphClockCmd                   0x08001291   Thumb Code    20  stm32f4xx_rcc.o(.text)
    RCC_APB1PeriphClockCmd                   0x080012a5   Thumb Code    20  stm32f4xx_rcc.o(.text)
    RCC_APB2PeriphClockCmd                   0x080012b9   Thumb Code    20  stm32f4xx_rcc.o(.text)
    RCC_AHB1PeriphResetCmd                   0x080012cd   Thumb Code    20  stm32f4xx_rcc.o(.text)
    RCC_AHB2PeriphResetCmd                   0x080012e1   Thumb Code    20  stm32f4xx_rcc.o(.text)
    RCC_AHB3PeriphResetCmd                   0x080012f5   Thumb Code    20  stm32f4xx_rcc.o(.text)
    RCC_APB1PeriphResetCmd                   0x08001309   Thumb Code    20  stm32f4xx_rcc.o(.text)
    RCC_APB2PeriphResetCmd                   0x0800131d   Thumb Code    20  stm32f4xx_rcc.o(.text)
    RCC_AHB1PeriphClockLPModeCmd             0x08001331   Thumb Code    20  stm32f4xx_rcc.o(.text)
    RCC_AHB2PeriphClockLPModeCmd             0x08001345   Thumb Code    20  stm32f4xx_rcc.o(.text)
    RCC_AHB3PeriphClockLPModeCmd             0x08001359   Thumb Code    20  stm32f4xx_rcc.o(.text)
    RCC_APB1PeriphClockLPModeCmd             0x0800136d   Thumb Code    20  stm32f4xx_rcc.o(.text)
    RCC_APB2PeriphClockLPModeCmd             0x08001381   Thumb Code    20  stm32f4xx_rcc.o(.text)
    RCC_ITConfig                             0x08001395   Thumb Code    20  stm32f4xx_rcc.o(.text)
    RCC_ClearFlag                            0x080013a9   Thumb Code    14  stm32f4xx_rcc.o(.text)
    RCC_GetITStatus                          0x080013b7   Thumb Code    18  stm32f4xx_rcc.o(.text)
    RCC_ClearITPendingBit                    0x080013c9   Thumb Code     8  stm32f4xx_rcc.o(.text)
    FSMC_NORSRAMDeInit                       0x080013f9   Thumb Code    40  stm32f4xx_fsmc.o(.text)
    FSMC_NORSRAMInit                         0x08001421   Thumb Code   200  stm32f4xx_fsmc.o(.text)
    FSMC_NORSRAMStructInit                   0x080014e9   Thumb Code    98  stm32f4xx_fsmc.o(.text)
    FSMC_NORSRAMCmd                          0x0800154b   Thumb Code    26  stm32f4xx_fsmc.o(.text)
    FSMC_NANDDeInit                          0x08001565   Thumb Code    40  stm32f4xx_fsmc.o(.text)
    FSMC_NANDInit                            0x0800158d   Thumb Code   104  stm32f4xx_fsmc.o(.text)
    FSMC_NANDStructInit                      0x080015f5   Thumb Code    54  stm32f4xx_fsmc.o(.text)
    FSMC_NANDCmd                             0x0800162b   Thumb Code    54  stm32f4xx_fsmc.o(.text)
    FSMC_NANDECCCmd                          0x08001661   Thumb Code    54  stm32f4xx_fsmc.o(.text)
    FSMC_GetECC                              0x08001697   Thumb Code    18  stm32f4xx_fsmc.o(.text)
    FSMC_PCCARDDeInit                        0x080016a9   Thumb Code    26  stm32f4xx_fsmc.o(.text)
    FSMC_PCCARDInit                          0x080016c3   Thumb Code   102  stm32f4xx_fsmc.o(.text)
    FSMC_PCCARDStructInit                    0x08001729   Thumb Code    60  stm32f4xx_fsmc.o(.text)
    FSMC_PCCARDCmd                           0x08001765   Thumb Code    28  stm32f4xx_fsmc.o(.text)
    FSMC_ITConfig                            0x08001781   Thumb Code    72  stm32f4xx_fsmc.o(.text)
    FSMC_GetFlagStatus                       0x080017c9   Thumb Code    40  stm32f4xx_fsmc.o(.text)
    FSMC_ClearFlag                           0x080017f1   Thumb Code    38  stm32f4xx_fsmc.o(.text)
    FSMC_GetITStatus                         0x08001817   Thumb Code    48  stm32f4xx_fsmc.o(.text)
    FSMC_ClearITPendingBit                   0x08001847   Thumb Code    42  stm32f4xx_fsmc.o(.text)
    GPIO_DeInit                              0x08001875   Thumb Code   192  stm32f4xx_gpio.o(.text)
    GPIO_Init                                0x08001935   Thumb Code   162  stm32f4xx_gpio.o(.text)
    GPIO_StructInit                          0x080019d7   Thumb Code    18  stm32f4xx_gpio.o(.text)
    GPIO_PinLockConfig                       0x080019e9   Thumb Code    24  stm32f4xx_gpio.o(.text)
    GPIO_ReadInputDataBit                    0x08001a01   Thumb Code    14  stm32f4xx_gpio.o(.text)
    GPIO_ReadInputData                       0x08001a0f   Thumb Code     6  stm32f4xx_gpio.o(.text)
    GPIO_ReadOutputDataBit                   0x08001a15   Thumb Code    14  stm32f4xx_gpio.o(.text)
    GPIO_ReadOutputData                      0x08001a23   Thumb Code     6  stm32f4xx_gpio.o(.text)
    GPIO_SetBits                             0x08001a29   Thumb Code     4  stm32f4xx_gpio.o(.text)
    GPIO_ResetBits                           0x08001a2d   Thumb Code     4  stm32f4xx_gpio.o(.text)
    GPIO_WriteBit                            0x08001a31   Thumb Code    10  stm32f4xx_gpio.o(.text)
    GPIO_Write                               0x08001a3b   Thumb Code     4  stm32f4xx_gpio.o(.text)
    GPIO_ToggleBits                          0x08001a3f   Thumb Code     8  stm32f4xx_gpio.o(.text)
    GPIO_PinAFConfig                         0x08001a47   Thumb Code    32  stm32f4xx_gpio.o(.text)
    SYSCFG_DeInit                            0x08001a8d   Thumb Code    24  stm32f4xx_syscfg.o(.text)
    SYSCFG_MemoryRemapConfig                 0x08001aa5   Thumb Code     6  stm32f4xx_syscfg.o(.text)
    SYSCFG_EXTILineConfig                    0x08001aab   Thumb Code    42  stm32f4xx_syscfg.o(.text)
    SYSCFG_ETH_MediaInterfaceConfig          0x08001ad5   Thumb Code     8  stm32f4xx_syscfg.o(.text)
    SYSCFG_CompensationCellCmd               0x08001add   Thumb Code     6  stm32f4xx_syscfg.o(.text)
    SYSCFG_GetCompensationCellStatus         0x08001ae3   Thumb Code    16  stm32f4xx_syscfg.o(.text)
    SPI_RW_Byte                              0x08001b05   Thumb Code    48  ts.o(.text)
    SPI_Delay                                0x08001b35   Thumb Code    12  ts.o(.text)
    TPReadY                                  0x08001b41   Thumb Code    70  ts.o(.text)
    TPReadX                                  0x08001b87   Thumb Code    70  ts.o(.text)
    read_once                                0x08001bcd   Thumb Code    20  ts.o(.text)
    touch_init                               0x08001be1   Thumb Code   286  ts.o(.text)
    Read_Ads7846                             0x08001cff   Thumb Code   208  ts.o(.text)
    Convert_Pos                              0x08001dcf   Thumb Code    70  ts.o(.text)
    Write_Data                               0x08001e25   Thumb Code     6  lcd_stm32f4.o(.text)
    Write_GDDRAM_Prepare                     0x08001e2b   Thumb Code    10  lcd_stm32f4.o(.text)
    LCD_write_data                           0x08001e35   Thumb Code     6  lcd_stm32f4.o(.text)
    LCD_write_comand                         0x08001e3b   Thumb Code     8  lcd_stm32f4.o(.text)
    Set_Cursor                               0x08001e43   Thumb Code    34  lcd_stm32f4.o(.text)
    Clear_Screen                             0x08001e65   Thumb Code    44  lcd_stm32f4.o(.text)
    Draw_Pixel                               0x08001e91   Thumb Code    22  lcd_stm32f4.o(.text)
    Draw_Line                                0x08001ea7   Thumb Code   146  lcd_stm32f4.o(.text)
    Draw_Rect                                0x08001f39   Thumb Code    68  lcd_stm32f4.o(.text)
    Draw_Full_Rect                           0x08001f7d   Thumb Code    40  lcd_stm32f4.o(.text)
    Draw_Circle                              0x08001fa5   Thumb Code   218  lcd_stm32f4.o(.text)
    Draw_Full_Circle                         0x0800207f   Thumb Code   178  lcd_stm32f4.o(.text)
    Draw_Char                                0x08002131   Thumb Code   104  lcd_stm32f4.o(.text)
    Display_Char                             0x08002199   Thumb Code    24  lcd_stm32f4.o(.text)
    Display_String                           0x080021b1   Thumb Code    58  lcd_stm32f4.o(.text)
    Set_Font                                 0x080021eb   Thumb Code     6  lcd_stm32f4.o(.text)
    Draw_Image                               0x080021f1   Thumb Code    90  lcd_stm32f4.o(.text)
    Draw_Image8bit                           0x0800224b   Thumb Code    76  lcd_stm32f4.o(.text)
    Delay_ms                                 0x08002297   Thumb Code    16  lcd_stm32f4.o(.text)
    LCD_Init                                 0x080022a7   Thumb Code   220  lcd_stm32f4.o(.text)
    Write_Command                            0x08002383   Thumb Code    10  lcd_stm32f4.o(.text)
    Init_LCD                                 0x0800238d   Thumb Code   114  lcd_stm32f4.o(.text)
    Init_GPIO                                0x080023ff   Thumb Code   308  lcd_stm32f4.o(.text)
    Init_FSMC                                0x08002533   Thumb Code    94  lcd_stm32f4.o(.text)
    Init_SysTick                             0x08002591   Thumb Code    50  lcd_stm32f4.o(.text)
    TimingDelay_Decrement                    0x080025c3   Thumb Code    16  lcd_stm32f4.o(.text)
    main                                     0x080025ed   Thumb Code   188  main.o(.text)
    Random_Circle                            0x080026a9   Thumb Code   142  main.o(.text)
    Random_Rect                              0x08002737   Thumb Code   148  main.o(.text)
    Random_Lines                             0x080027cb   Thumb Code   118  main.o(.text)
    Demo_MMIA                                0x08002841   Thumb Code   352  main.o(.text)
    pwm_init                                 0x08002a4d   Thumb Code   164  pwm.o(.text)
    NMI_Handler                              0x08002b05   Thumb Code     2  stm32f4xx_it.o(.text)
    HardFault_Handler                        0x08002b07   Thumb Code     2  stm32f4xx_it.o(.text)
    MemManage_Handler                        0x08002b09   Thumb Code     2  stm32f4xx_it.o(.text)
    BusFault_Handler                         0x08002b0b   Thumb Code     2  stm32f4xx_it.o(.text)
    UsageFault_Handler                       0x08002b0d   Thumb Code     2  stm32f4xx_it.o(.text)
    SVC_Handler                              0x08002b0f   Thumb Code     2  stm32f4xx_it.o(.text)
    DebugMon_Handler                         0x08002b11   Thumb Code     2  stm32f4xx_it.o(.text)
    PendSV_Handler                           0x08002b13   Thumb Code     2  stm32f4xx_it.o(.text)
    SysTick_Handler                          0x08002b15   Thumb Code    40  stm32f4xx_it.o(.text)
    EXTI15_10_IRQHandler                     0x08002b3d   Thumb Code    36  stm32f4xx_it.o(.text)
    SystemInit                               0x08002c0b   Thumb Code    62  system_stm32f4xx.o(.text)
    SystemCoreClockUpdate                    0x08002c49   Thumb Code   108  system_stm32f4xx.o(.text)
    uint16tostr                              0x08002cdd   Thumb Code    62  functions.o(.text)
    rand                                     0x08002d1d   Thumb Code    20  rand.o(.text)
    srand                                    0x08002d31   Thumb Code     6  rand.o(.text)
    __aeabi_memset                           0x08002d41   Thumb Code    14  memseta.o(.text)
    __aeabi_memset4                          0x08002d41   Thumb Code     0  memseta.o(.text)
    __aeabi_memset8                          0x08002d41   Thumb Code     0  memseta.o(.text)
    __aeabi_memclr                           0x08002d4f   Thumb Code     4  memseta.o(.text)
    __aeabi_memclr4                          0x08002d4f   Thumb Code     0  memseta.o(.text)
    __aeabi_memclr8                          0x08002d4f   Thumb Code     0  memseta.o(.text)
    _memset$wrapper                          0x08002d53   Thumb Code    18  memseta.o(.text)
    strcpy                                   0x08002d65   Thumb Code    18  strcpy.o(.text)
    __scatterload                            0x08002d79   Thumb Code    28  init.o(.text)
    __scatterload_rt2                        0x08002d79   Thumb Code     0  init.o(.text)
    __scatterload_copy                       0x08002d9d   Thumb Code    14  handlers.o(i.__scatterload_copy)
    __scatterload_null                       0x08002dab   Thumb Code     2  handlers.o(i.__scatterload_null)
    __scatterload_zeroinit                   0x08002dad   Thumb Code    14  handlers.o(i.__scatterload_zeroinit)
    ASCII16x24_Table                         0x08002dba   Data        4560  fonts.o(.constdata)
    ASCII12x12_Table                         0x08003f8a   Data        2304  fonts.o(.constdata)
    ASCII8x8_Table                           0x0800488a   Data        1536  fonts.o(.constdata)
    Region$$Table$$Base                      0x08004e8c   Number         0  anon$$obj.o(Region$$Table)
    Region$$Table$$Limit                     0x08004eac   Number         0  anon$$obj.o(Region$$Table)
    flag                                     0x20000010   Data           1  ts.o(.data)
    LastX                                    0x20000012   Data           2  ts.o(.data)
    LastY                                    0x20000014   Data           2  ts.o(.data)
    NVIC_InitStructure                       0x20000016   Data           4  ts.o(.data)
    EXTI_InitStructure                       0x2000001c   Data           8  ts.o(.data)
    Font16x24                                0x20000024   Data           8  fonts.o(.data)
    Font12x12                                0x2000002c   Data           8  fonts.o(.data)
    Font8x8                                  0x20000034   Data           8  fonts.o(.data)
    PrescalerValue                           0x20000044   Data           2  pwm.o(.data)
    Prescaler                                0x20000046   Data           1  stm32f4xx_it.o(.data)
    SystemCoreClock                          0x20000048   Data           4  system_stm32f4xx.o(.data)
    AHBPrescTable                            0x2000004c   Data          16  system_stm32f4xx.o(.data)
    SPI_InitStructure                        0x20000060   Data          18  ts.o(.bss)
    Pen_Point                                0x20000074   Data          28  ts.o(.bss)
    __initial_sp                             0x200004a8   Data           0  startup_stm32f4xx.o(STACK)



==============================================================================

Memory Map of the image

  Image Entry point : 0x08000189

  Load Region LR_IROM1 (Base: 0x08000000, Size: 0x00004f0c, Max: 0x00100000, ABSOLUTE)

    Execution Region ER_IROM1 (Base: 0x08000000, Size: 0x00004eac, Max: 0x00100000, ABSOLUTE)

    Base Addr    Size         Type   Attr      Idx    E Section Name        Object

    0x08000000   0x00000188   Data   RO            3    RESET               startup_stm32f4xx.o
    0x08000188   0x00000000   Code   RO          452  * .ARM.Collect$$$$00000000  mc_w.l(entry.o)
    0x08000188   0x00000004   Code   RO          462    .ARM.Collect$$$$00000001  mc_w.l(entry2.o)
    0x0800018c   0x00000004   Code   RO          465    .ARM.Collect$$$$00000004  mc_w.l(entry5.o)
    0x08000190   0x00000000   Code   RO          467    .ARM.Collect$$$$00000008  mc_w.l(entry7b.o)
    0x08000190   0x00000000   Code   RO          469    .ARM.Collect$$$$0000000A  mc_w.l(entry8b.o)
    0x08000190   0x00000008   Code   RO          470    .ARM.Collect$$$$0000000B  mc_w.l(entry9a.o)
    0x08000198   0x00000000   Code   RO          472    .ARM.Collect$$$$0000000D  mc_w.l(entry10a.o)
    0x08000198   0x00000000   Code   RO          474    .ARM.Collect$$$$0000000F  mc_w.l(entry11a.o)
    0x08000198   0x00000004   Code   RO          463    .ARM.Collect$$$$00002712  mc_w.l(entry2.o)
    0x0800019c   0x00000024   Code   RO            4    .text               startup_stm32f4xx.o
    0x080001c0   0x000002f0   Code   RO           12    .text               stm32f4xx_spi.o
    0x080004b0   0x000000e8   Code   RO           83    .text               stm32f4xx_exti.o
    0x08000598   0x000000b0   Code   RO          103    .text               misc.o
    0x08000648   0x000009dc   Code   RO          123    .text               stm32f4xx_tim.o
    0x08001024   0x000003d4   Code   RO          144    .text               stm32f4xx_rcc.o
    0x080013f8   0x0000047c   Code   RO          166    .text               stm32f4xx_fsmc.o
    0x08001874   0x00000218   Code   RO          186    .text               stm32f4xx_gpio.o
    0x08001a8c   0x00000078   Code   RO          206    .text               stm32f4xx_syscfg.o
    0x08001b04   0x00000320   Code   RO          226    .text               ts.o
    0x08001e24   0x000007c8   Code   RO          296    .text               lcd_stm32f4.o
    0x080025ec   0x00000460   Code   RO          323    .text               main.o
    0x08002a4c   0x000000b8   Code   RO          362    .text               pwm.o
    0x08002b04   0x00000064   Code   RO          385    .text               stm32f4xx_it.o
    0x08002b68   0x00000174   Code   RO          408    .text               system_stm32f4xx.o
    0x08002cdc   0x0000003e   Code   RO          434    .text               functions.o
    0x08002d1a   0x00000002   PAD
    0x08002d1c   0x00000024   Code   RO          455    .text               mc_w.l(rand.o)
    0x08002d40   0x00000024   Code   RO          458    .text               mc_w.l(memseta.o)
    0x08002d64   0x00000012   Code   RO          460    .text               mc_w.l(strcpy.o)
    0x08002d76   0x00000002   PAD
    0x08002d78   0x00000024   Code   RO          476    .text               mc_w.l(init.o)
    0x08002d9c   0x0000000e   Code   RO          480    i.__scatterload_copy  mc_w.l(handlers.o)
    0x08002daa   0x00000002   Code   RO          481    i.__scatterload_null  mc_w.l(handlers.o)
    0x08002dac   0x0000000e   Code   RO          482    i.__scatterload_zeroinit  mc_w.l(handlers.o)
    0x08002dba   0x000011d0   Data   RO          275    .constdata          fonts.o
    0x08003f8a   0x00000900   Data   RO          276    .constdata          fonts.o
    0x0800488a   0x00000600   Data   RO          278    .constdata          fonts.o
    0x08004e8a   0x00000002   PAD
    0x08004e8c   0x00000020   Data   RO          478    Region$$Table       anon$$obj.o


    Execution Region RW_IRAM1 (Base: 0x20000000, Size: 0x000004a8, Max: 0x00020000, ABSOLUTE)

    Base Addr    Size         Type   Attr      Idx    E Section Name        Object

    0x20000000   0x00000010   Data   RW          145    .data               stm32f4xx_rcc.o
    0x20000010   0x00000014   Data   RW          228    .data               ts.o
    0x20000024   0x00000008   Data   RW          279    .data               fonts.o
    0x2000002c   0x00000008   Data   RW          280    .data               fonts.o
    0x20000034   0x00000008   Data   RW          282    .data               fonts.o
    0x2000003c   0x00000008   Data   RW          297    .data               lcd_stm32f4.o
    0x20000044   0x00000002   Data   RW          363    .data               pwm.o
    0x20000046   0x00000001   Data   RW          386    .data               stm32f4xx_it.o
    0x20000047   0x00000001   PAD
    0x20000048   0x00000014   Data   RW          409    .data               system_stm32f4xx.o
    0x2000005c   0x00000004   Data   RW          456    .data               mc_w.l(rand.o)
    0x20000060   0x00000030   Zero   RW          227    .bss                ts.o
    0x20000090   0x00000014   Zero   RW          324    .bss                main.o
    0x200000a4   0x00000004   PAD
    0x200000a8   0x00000400   Zero   RW            1    STACK               startup_stm32f4xx.o


==============================================================================

Image component sizes


      Code (inc. data)   RO Data    RW Data    ZI Data      Debug   Object Name

         0          0       8400         24          0       1204   fonts.o
        62          0          0          0          0        622   functions.o
      1992         36          0          8          0      34951   lcd_stm32f4.o
      1120        172          0          0         20       1800   main.o
       176         12          0          0          0       1813   misc.o
       184         20          0          2          0        884   pwm.o
        36          8        392          0       1024        836   startup_stm32f4xx.o
       232          8          0          0          0       2247   stm32f4xx_exti.o
      1148          4          0          0          0       5175   stm32f4xx_fsmc.o
       536         38          0          0          0       3769   stm32f4xx_gpio.o
       100          8          0          1          0       1799   stm32f4xx_it.o
       980         40          0         16          0       9911   stm32f4xx_rcc.o
       752         22          0          0          0     314457   stm32f4xx_spi.o
       120         18          0          0          0       1615   stm32f4xx_syscfg.o
      2524         52          0          0          0      18298   stm32f4xx_tim.o
       372         40          0         20          0       1855   system_stm32f4xx.o
       800         16          0         20         48       5404   ts.o

    ----------------------------------------------------------------------
     11136        494       8826         92       1096     406640   Object Totals
         0          0         32          0          0          0   (incl. Generated)
         2          0          2          1          4          0   (incl. Padding)

    ----------------------------------------------------------------------

      Code (inc. data)   RO Data    RW Data    ZI Data      Debug   Library Member Name

         0          0          0          0          0          0   entry.o
         0          0          0          0          0          0   entry10a.o
         0          0          0          0          0          0   entry11a.o
         8          4          0          0          0          0   entry2.o
         4          0          0          0          0          0   entry5.o
         0          0          0          0          0          0   entry7b.o
         0          0          0          0          0          0   entry8b.o
         8          4          0          0          0          0   entry9a.o
        30          0          0          0          0          0   handlers.o
        36          8          0          0          0         68   init.o
        36          0          0          0          0        108   memseta.o
        36         10          0          4          0        136   rand.o
        18          0          0          0          0         68   strcpy.o

    ----------------------------------------------------------------------
       178         26          0          4          0        380   Library Totals
         2          0          0          0          0          0   (incl. Padding)

    ----------------------------------------------------------------------

      Code (inc. data)   RO Data    RW Data    ZI Data      Debug   Library Name

       176         26          0          4          0        380   mc_w.l

    ----------------------------------------------------------------------
       178         26          0          4          0        380   Library Totals

    ----------------------------------------------------------------------

==============================================================================


      Code (inc. data)   RO Data    RW Data    ZI Data      Debug   

     11314        520       8826         96       1096     403272   Grand Totals
     11314        520       8826         96       1096     403272   ELF Image Totals
     11314        520       8826         96          0          0   ROM Totals

==============================================================================

    Total RO  Size (Code + RO Data)                20140 (  19.67kB)
    Total RW  Size (RW Data + ZI Data)              1192 (   1.16kB)
    Total ROM Size (Code + RO Data + RW Data)      20236 (  19.76kB)

==============================================================================

