<html>
<body>
<pre>
<h1>µVision Build Log</h1>
<h2>Tool Versions:</h2>
IDE-Version: µVision V5.14.0.0
Copyright (C) 2015 ARM Ltd and ARM Germany GmbH. All rights reserved.
License Information: Alex proPAN, company, LIC=Z3C63-AQKK9-LVY1I-T0ZAA-IPF19-MUZGW
 
Tool Versions:
Toolchain:       MDK-ARM Professional  Version: 5.14.0.0
Toolchain Path:  C:\Keil_v5\ARM\ARMCC\Bin
C Compiler:      Armcc.exe V5.05 update 1 (build 106)
Assembler:       Armasm.exe V5.05 update 1 (build 106)
Linker/Locator:  ArmLink.exe V5.05 update 1 (build 106)
Library Manager: ArmAr.exe V5.05 update 1 (build 106)
Hex Converter:   FromElf.exe V5.05 update 1 (build 106)
CPU DLL:         SARMCM3.DLL V5.14.0.0
Dialog DLL:      DCM.DLL V1.13.1.0
Target DLL:      STLink\ST-LINKIII-KEIL_SWO.dll V2.0.14.0_KEIL
Dialog DLL:      TCM.DLL V1.14.4.0
 
<h2>Project:</h2>
D:\git\lcd\glcdarm\LCD_320x240\lcd_320x240.uvprojx
Project File Date:  11/08/2015

<h2>Output:</h2>
Build target 'lcd_320x240'
assembling startup_stm32f4xx.s...
compiling stm32f4xx_spi.c...
compiling stm32f4xx_exti.c...
compiling misc.c...
compiling stm32f4xx_tim.c...
compiling stm32f4xx_rcc.c...
compiling stm32f4xx_fsmc.c...
compiling stm32f4xx_gpio.c...
compiling stm32f4xx_syscfg.c...
compiling ts.c...
user\ts.c(211): warning:  #111-D: statement is unreachable
                flag=0;
user\ts.c: 1 warning, 0 errors
compiling fonts.c...
compiling LCD_STM32F4.c...
user\LCD_STM32F4.c(159): warning:  #186-D: pointless comparison of unsigned integer with zero
      if (((x+CurX) < 240) && ((y-CurY) >= 0))
user\LCD_STM32F4.c(161): warning:  #186-D: pointless comparison of unsigned integer with zero
      if (((x-CurX) >= 0) && ((y+CurY) < 320))
user\LCD_STM32F4.c(163): warning:  #186-D: pointless comparison of unsigned integer with zero
      if (((x-CurX) >= 0) && ((y-CurY) >= 0))
user\LCD_STM32F4.c(163): warning:  #186-D: pointless comparison of unsigned integer with zero
      if (((x-CurX) >= 0) && ((y-CurY) >= 0))
user\LCD_STM32F4.c(167): warning:  #186-D: pointless comparison of unsigned integer with zero
      if (((x+CurY) < 240) && ((y-CurX) >= 0))
user\LCD_STM32F4.c(169): warning:  #186-D: pointless comparison of unsigned integer with zero
      if (((x-CurY) >= 0) && ((y+CurX) < 320))
user\LCD_STM32F4.c(171): warning:  #186-D: pointless comparison of unsigned integer with zero
      if (((x-CurY) >= 0) && ((y-CurX) >= 0))
user\LCD_STM32F4.c(171): warning:  #186-D: pointless comparison of unsigned integer with zero
      if (((x-CurY) >= 0) && ((y-CurX) >= 0))
user\LCD_STM32F4.c: 8 warnings, 0 errors
compiling main.c...
compiling pwm.c...
compiling stm32f4xx_it.c...
compiling system_stm32f4xx.c...
compiling functions.c...
linking...
Program Size: Code=11314 RO-data=8826 RW-data=96 ZI-data=1096  
FromELF: creating hex file...
".\lcd_320x240.axf" - 0 Error(s), 9 Warning(s).

<h2>Collection of Component include folders:</h2>
  D:\git\lcd\glcdarm\LCD_320x240\RTE
  C:\Keil_v5\ARM\PACK\Keil\STM32F4xx_DFP\2.6.0

<h2>Collection of Component Files used:</h2>
</pre>
</body>
</html>
