###############################################################################
#
# IAR ELF Linker V7.40.1.8447/W32 for ARM                 12/Nov/2015  19:38:36
# Copyright 2007-2015 IAR Systems AB.
#
#    Output file  =  
#        D:\Alex\Desktop\LCD_bandymai\SPL_Projects\Project\lcd_ILI9341_2\EWARM\Debug\Exe\Project.out
#    Map file     =  
#        D:\Alex\Desktop\LCD_bandymai\SPL_Projects\Project\lcd_ILI9341_2\EWARM\Debug\List\Project.map
#    Command line =  
#        D:\Alex\Desktop\LCD_bandymai\SPL_Projects\Project\lcd_ILI9341_2\EWARM\Debug\Obj\main.o
#        D:\Alex\Desktop\LCD_bandymai\SPL_Projects\Project\lcd_ILI9341_2\EWARM\Debug\Obj\misc.o
#        D:\Alex\Desktop\LCD_bandymai\SPL_Projects\Project\lcd_ILI9341_2\EWARM\Debug\Obj\startup_stm32f40_41xxx.o
#        D:\Alex\Desktop\LCD_bandymai\SPL_Projects\Project\lcd_ILI9341_2\EWARM\Debug\Obj\stm32f4xx_dma.o
#        D:\Alex\Desktop\LCD_bandymai\SPL_Projects\Project\lcd_ILI9341_2\EWARM\Debug\Obj\stm32f4xx_fsmc.o
#        D:\Alex\Desktop\LCD_bandymai\SPL_Projects\Project\lcd_ILI9341_2\EWARM\Debug\Obj\stm32f4xx_gpio.o
#        D:\Alex\Desktop\LCD_bandymai\SPL_Projects\Project\lcd_ILI9341_2\EWARM\Debug\Obj\stm32f4xx_it.o
#        D:\Alex\Desktop\LCD_bandymai\SPL_Projects\Project\lcd_ILI9341_2\EWARM\Debug\Obj\stm32f4xx_rcc.o
#        D:\Alex\Desktop\LCD_bandymai\SPL_Projects\Project\lcd_ILI9341_2\EWARM\Debug\Obj\stm32f4xx_tim.o
#        D:\Alex\Desktop\LCD_bandymai\SPL_Projects\Project\lcd_ILI9341_2\EWARM\Debug\Obj\system_stm32f4xx.o
#        --redirect _Printf=_PrintfSmall --redirect _Scanf=_ScanfSmall -o
#        D:\Alex\Desktop\LCD_bandymai\SPL_Projects\Project\lcd_ILI9341_2\EWARM\Debug\Exe\Project.out
#        --map
#        D:\Alex\Desktop\LCD_bandymai\SPL_Projects\Project\lcd_ILI9341_2\EWARM\Debug\List\Project.map
#        --config
#        D:\Alex\Desktop\LCD_bandymai\SPL_Projects\Project\lcd_ILI9341_2\EWARM\stm32f4xx_flash.icf
#        --semihosting --entry __iar_program_start --vfe
#
###############################################################################

*******************************************************************************
*** RUNTIME MODEL ATTRIBUTES
***

CppFlavor       = *
__SystemLibrary = DLib


*******************************************************************************
*** PLACEMENT SUMMARY
***

"A1":  place at 0x08000000 { ro section .intvec };
"P1":  place in [from 0x08000000 to 0x081fffff] { ro };
"P2":  place in [from 0x20000000 to 0x2002ffff] { rw, block CSTACK, block HEAP };

  Section            Kind        Address   Size  Object
  -------            ----        -------   ----  ------
"A1":                                     0x188
  .intvec            ro code  0x08000000  0x188  startup_stm32f40_41xxx.o [1]
                            - 0x08000188  0x188

"P1":                                     0x748
  .text              ro code  0x08000188  0x160  main.o [1]
  .text              ro code  0x080002e8   0xbc  stm32f4xx_rcc.o [1]
  .text              ro code  0x080003a4  0x126  stm32f4xx_tim.o [1]
  .text              ro code  0x080004cc   0x94  stm32f4xx_gpio.o [1]
  .text              ro code  0x08000560   0xf0  system_stm32f4xx.o [1]
  .text              ro code  0x08000650   0x2c  copy_init3.o [5]
  .text              ro code  0x0800067c   0x28  data_init.o [5]
  .text              ro code  0x080006a4   0x22  fpinit_M.o [4]
  .iar.init_table    const    0x080006c8   0x14  - Linker created -
  .text              ro code  0x080006dc   0x1a  cmain.o [5]
  .text              ro code  0x080006f6    0x4  low_level_init.o [3]
  .text              ro code  0x080006fa    0x4  exit.o [3]
  .text              ro code  0x08000700    0xa  cexit.o [5]
  .text              ro code  0x0800070c   0x14  exit.o [6]
  .text              ro code  0x08000720   0x14  stm32f4xx_it.o [1]
  .text              ro code  0x08000734   0x10  startup_stm32f40_41xxx.o [1]
  .text              ro code  0x08000744    0xc  cstartup_M.o [5]
  .text              ro code  0x08000750    0x4  startup_stm32f40_41xxx.o [1]
  .text              ro code  0x08000754    0x4  startup_stm32f40_41xxx.o [1]
  .text              ro code  0x08000758    0x4  startup_stm32f40_41xxx.o [1]
  .text              ro code  0x0800075c    0x4  startup_stm32f40_41xxx.o [1]
  .text              ro code  0x08000760    0x4  startup_stm32f40_41xxx.o [1]
  .text              ro code  0x08000764    0x4  startup_stm32f40_41xxx.o [1]
  .text              ro code  0x08000768    0x4  startup_stm32f40_41xxx.o [1]
  .text              ro code  0x0800076c    0x4  startup_stm32f40_41xxx.o [1]
  .text              ro code  0x08000770    0x4  startup_stm32f40_41xxx.o [1]
  .text              ro code  0x08000774    0x4  startup_stm32f40_41xxx.o [1]
  .text              ro code  0x08000778    0x4  startup_stm32f40_41xxx.o [1]
  .text              ro code  0x0800077c    0x4  startup_stm32f40_41xxx.o [1]
  .text              ro code  0x08000780    0x4  startup_stm32f40_41xxx.o [1]
  .text              ro code  0x08000784    0x4  startup_stm32f40_41xxx.o [1]
  .text              ro code  0x08000788    0x4  startup_stm32f40_41xxx.o [1]
  .text              ro code  0x0800078c    0x4  startup_stm32f40_41xxx.o [1]
  .text              ro code  0x08000790    0x4  startup_stm32f40_41xxx.o [1]
  .text              ro code  0x08000794    0x4  startup_stm32f40_41xxx.o [1]
  .text              ro code  0x08000798    0x4  startup_stm32f40_41xxx.o [1]
  .text              ro code  0x0800079c    0x4  startup_stm32f40_41xxx.o [1]
  .text              ro code  0x080007a0    0x4  startup_stm32f40_41xxx.o [1]
  .text              ro code  0x080007a4    0x4  startup_stm32f40_41xxx.o [1]
  .text              ro code  0x080007a8    0x4  startup_stm32f40_41xxx.o [1]
  .text              ro code  0x080007ac    0x4  startup_stm32f40_41xxx.o [1]
  .text              ro code  0x080007b0    0x4  startup_stm32f40_41xxx.o [1]
  .text              ro code  0x080007b4    0x4  startup_stm32f40_41xxx.o [1]
  .text              ro code  0x080007b8    0x4  startup_stm32f40_41xxx.o [1]
  .text              ro code  0x080007bc    0x4  startup_stm32f40_41xxx.o [1]
  .text              ro code  0x080007c0    0x4  startup_stm32f40_41xxx.o [1]
  .text              ro code  0x080007c4    0x4  startup_stm32f40_41xxx.o [1]
  .text              ro code  0x080007c8    0x4  startup_stm32f40_41xxx.o [1]
  .text              ro code  0x080007cc    0x4  startup_stm32f40_41xxx.o [1]
  .text              ro code  0x080007d0    0x4  startup_stm32f40_41xxx.o [1]
  .text              ro code  0x080007d4    0x4  startup_stm32f40_41xxx.o [1]
  .text              ro code  0x080007d8    0x4  startup_stm32f40_41xxx.o [1]
  .text              ro code  0x080007dc    0x4  startup_stm32f40_41xxx.o [1]
  .text              ro code  0x080007e0    0x4  startup_stm32f40_41xxx.o [1]
  .text              ro code  0x080007e4    0x4  startup_stm32f40_41xxx.o [1]
  .text              ro code  0x080007e8    0x4  startup_stm32f40_41xxx.o [1]
  .text              ro code  0x080007ec    0x4  startup_stm32f40_41xxx.o [1]
  .text              ro code  0x080007f0    0x4  startup_stm32f40_41xxx.o [1]
  .text              ro code  0x080007f4    0x4  startup_stm32f40_41xxx.o [1]
  .text              ro code  0x080007f8    0x4  startup_stm32f40_41xxx.o [1]
  .text              ro code  0x080007fc    0x4  startup_stm32f40_41xxx.o [1]
  .text              ro code  0x08000800    0x4  startup_stm32f40_41xxx.o [1]
  .text              ro code  0x08000804    0x4  startup_stm32f40_41xxx.o [1]
  .text              ro code  0x08000808    0x4  startup_stm32f40_41xxx.o [1]
  .text              ro code  0x0800080c    0x4  startup_stm32f40_41xxx.o [1]
  .text              ro code  0x08000810    0x4  startup_stm32f40_41xxx.o [1]
  .text              ro code  0x08000814    0x4  startup_stm32f40_41xxx.o [1]
  .text              ro code  0x08000818    0x4  startup_stm32f40_41xxx.o [1]
  .text              ro code  0x0800081c    0x4  startup_stm32f40_41xxx.o [1]
  .text              ro code  0x08000820    0x4  startup_stm32f40_41xxx.o [1]
  .text              ro code  0x08000824    0x4  startup_stm32f40_41xxx.o [1]
  .text              ro code  0x08000828    0x4  startup_stm32f40_41xxx.o [1]
  .text              ro code  0x0800082c    0x4  startup_stm32f40_41xxx.o [1]
  .text              ro code  0x08000830    0x4  startup_stm32f40_41xxx.o [1]
  .text              ro code  0x08000834    0x4  startup_stm32f40_41xxx.o [1]
  .text              ro code  0x08000838    0x4  startup_stm32f40_41xxx.o [1]
  .text              ro code  0x0800083c    0x4  startup_stm32f40_41xxx.o [1]
  .text              ro code  0x08000840    0x4  startup_stm32f40_41xxx.o [1]
  .text              ro code  0x08000844    0x4  startup_stm32f40_41xxx.o [1]
  .text              ro code  0x08000848    0x4  startup_stm32f40_41xxx.o [1]
  .text              ro code  0x0800084c    0x4  startup_stm32f40_41xxx.o [1]
  .text              ro code  0x08000850    0x4  startup_stm32f40_41xxx.o [1]
  .text              ro code  0x08000854    0x4  startup_stm32f40_41xxx.o [1]
  .text              ro code  0x08000858    0x4  startup_stm32f40_41xxx.o [1]
  .text              ro code  0x0800085c    0x4  startup_stm32f40_41xxx.o [1]
  .text              ro code  0x08000860    0x4  startup_stm32f40_41xxx.o [1]
  .text              ro code  0x08000864    0x4  startup_stm32f40_41xxx.o [1]
  .text              ro code  0x08000868    0x4  startup_stm32f40_41xxx.o [1]
  .text              ro code  0x0800086c    0x4  startup_stm32f40_41xxx.o [1]
  .text              ro code  0x08000870    0x4  startup_stm32f40_41xxx.o [1]
  .text              ro code  0x08000874    0x4  startup_stm32f40_41xxx.o [1]
  .text              ro code  0x08000878    0x4  startup_stm32f40_41xxx.o [1]
  .text              ro code  0x0800087c    0x4  startup_stm32f40_41xxx.o [1]
  .text              ro code  0x08000880    0x4  startup_stm32f40_41xxx.o [1]
  .text              ro code  0x08000884    0x4  startup_stm32f40_41xxx.o [1]
  .text              ro code  0x08000888    0x4  startup_stm32f40_41xxx.o [1]
  .text              ro code  0x0800088c    0x4  startup_stm32f40_41xxx.o [1]
  .text              ro code  0x08000890    0x4  startup_stm32f40_41xxx.o [1]
  .text              ro code  0x08000894    0x4  startup_stm32f40_41xxx.o [1]
  .rodata            const    0x08000898    0x0  copy_init3.o [5]
  Initializer bytes  const    0x08000898   0x38  <for P2 s0>
                            - 0x080008d0  0x748

"P2":                                     0x438
  P2 s0                       0x20000000   0x38  <Init block>
    .data            inited   0x20000000   0x14  system_stm32f4xx.o [1]
    .data            inited   0x20000014   0x10  stm32f4xx_rcc.o [1]
    .bss             inited   0x20000024   0x10  main.o [1]
    .bss             inited   0x20000034    0x4  main.o [1]
  CSTACK                      0x20000038  0x400  <Block>
    CSTACK           uninit   0x20000038  0x400  <Block tail>
                            - 0x20000438  0x438


*******************************************************************************
*** INIT TABLE
***

          Address     Size
          -------     ----
Copy (__iar_copy_init3)
    1 source range, total size 0x38:
          0x08000898  0x38
    1 destination range, total size 0x38:
          0x20000000  0x38



*******************************************************************************
*** MODULE SUMMARY
***

    Module                    ro code  ro data  rw data
    ------                    -------  -------  -------
D:\Alex\Desktop\LCD_bandymai\SPL_Projects\Project\lcd_ILI9341_2\EWARM\Debug\Obj: [1]
    main.o                        352       20       20
    startup_stm32f40_41xxx.o      736
    stm32f4xx_gpio.o              148
    stm32f4xx_it.o                 20
    stm32f4xx_rcc.o               188       16       16
    stm32f4xx_tim.o               294
    system_stm32f4xx.o            240       20       20
    ---------------------------------------------------
    Total:                      1 978       56       56

command line: [2]
    ---------------------------------------------------
    Total:

dl7M_tln.a: [3]
    exit.o                          4
    low_level_init.o                4
    ---------------------------------------------------
    Total:                          8

m7M_tls.a: [4]
    fpinit_M.o                     34
    ---------------------------------------------------
    Total:                         34

rt7M_tl.a: [5]
    cexit.o                        10
    cmain.o                        26
    copy_init3.o                   44
    cstartup_M.o                   12
    data_init.o                    40
    ---------------------------------------------------
    Total:                        132

shb_l.a: [6]
    exit.o                         20
    ---------------------------------------------------
    Total:                         20

    Gaps                            6        2
    Linker created                          20    1 024
-------------------------------------------------------
    Grand Total:                2 178       78    1 080


*******************************************************************************
*** ENTRY LIST
***

Entry                      Address  Size  Type      Object
-----                      -------  ----  ----      ------
.iar.init_table$$Base   0x080006c8         --   Gb  - Linker created -
.iar.init_table$$Limit  0x080006dc         --   Gb  - Linker created -
?main                   0x080006dd        Code  Gb  cmain.o [5]
AHBPrescTable           0x20000000  0x10  Data  Gb  system_stm32f4xx.o [1]
APBAHBPrescTable        0x20000014  0x10  Data  Lc  stm32f4xx_rcc.o [1]
BusFault_Handler        0x08000727   0x2  Code  Gb  stm32f4xx_it.o [1]
CSTACK$$Base            0x20000038         --   Gb  - Linker created -
CSTACK$$Limit           0x20000438         --   Gb  - Linker created -
DebugMon_Handler        0x0800072d   0x2  Code  Gb  stm32f4xx_it.o [1]
Delay                   0x080002a5  0x12  Code  Lc  main.o [1]
GPIO_Init               0x080004cd  0x70  Code  Gb  stm32f4xx_gpio.o [1]
GPIO_PinAFConfig        0x0800053d  0x24  Code  Gb  stm32f4xx_gpio.o [1]
HardFault_Handler       0x08000723   0x2  Code  Gb  stm32f4xx_it.o [1]
MemManage_Handler       0x08000725   0x2  Code  Gb  stm32f4xx_it.o [1]
NMI_Handler             0x08000721   0x2  Code  Gb  stm32f4xx_it.o [1]
PendSV_Handler          0x0800072f   0x2  Code  Gb  stm32f4xx_it.o [1]
RCC_AHB1PeriphClockCmd  0x08000369  0x12  Code  Gb  stm32f4xx_rcc.o [1]
RCC_APB1PeriphClockCmd  0x0800037b  0x12  Code  Gb  stm32f4xx_rcc.o [1]
RCC_Clocks              0x20000024  0x10  Data  Gb  main.o [1]
RCC_GetClocksFreq       0x080002e9  0x80  Code  Gb  stm32f4xx_rcc.o [1]
Region$$Table$$Base     0x080006c8         --   Gb  - Linker created -
Region$$Table$$Limit    0x080006dc         --   Gb  - Linker created -
SVC_Handler             0x0800072b   0x2  Code  Gb  stm32f4xx_it.o [1]
SysTick_Handler         0x08000731   0x4  Code  Gb  stm32f4xx_it.o [1]
SystemCoreClock         0x20000010   0x4  Data  Gb  system_stm32f4xx.o [1]
SystemInit              0x08000561  0xce  Code  Gb  system_stm32f4xx.o [1]
TIM_ARRPreloadConfig    0x08000407  0x14  Code  Gb  stm32f4xx_tim.o [1]
TIM_Cmd                 0x0800041b  0x14  Code  Gb  stm32f4xx_tim.o [1]
TIM_OC1Init             0x0800042f  0x5c  Code  Gb  stm32f4xx_tim.o [1]
TIM_OC1PreloadConfig    0x080004bd   0x6  Code  Gb  stm32f4xx_tim.o [1]
TIM_TimeBaseInit        0x080003a5  0x62  Code  Gb  stm32f4xx_tim.o [1]
TimingDelay_Decrement   0x080002b7   0xe  Code  Gb  main.o [1]
UsageFault_Handler      0x08000729   0x2  Code  Gb  stm32f4xx_it.o [1]
__cmain                 0x080006dd        Code  Gb  cmain.o [5]
__exit                  0x0800070d  0x14  Code  Gb  exit.o [6]
__iar_copy_init3        0x08000651  0x2c  Code  Gb  copy_init3.o [5]
__iar_data_init3        0x0800067d  0x28  Code  Gb  data_init.o [5]
__iar_init_vfp          0x080006a5        Code  Gb  fpinit_M.o [4]
__iar_program_start     0x08000745        Code  Gb  cstartup_M.o [5]
__low_level_init        0x080006f7   0x4  Code  Gb  low_level_init.o [3]
__vector_table          0x08000000        Data  Gb  startup_stm32f40_41xxx.o [1]
_call_main              0x080006e9        Code  Gb  cmain.o [5]
_exit                   0x08000701        Code  Gb  cexit.o [5]
_main                   0x080006f3        Code  Gb  cmain.o [5]
exit                    0x080006fb   0x4  Code  Gb  exit.o [3]
main                    0x08000261  0x44  Code  Gb  main.o [1]
uwTimingDelay           0x20000034   0x4  Data  Lc  main.o [1]
xGPIO_Init              0x080001fd  0x64  Code  Gb  main.o [1]
xTIM_Init               0x08000189  0x74  Code  Gb  main.o [1]


[1] = D:\Alex\Desktop\LCD_bandymai\SPL_Projects\Project\lcd_ILI9341_2\EWARM\Debug\Obj
[2] = command line
[3] = dl7M_tln.a
[4] = m7M_tls.a
[5] = rt7M_tl.a
[6] = shb_l.a

  2 178 bytes of readonly  code memory
     78 bytes of readonly  data memory
  1 080 bytes of readwrite data memory

Errors: none
Warnings: none
