###############################################################################
#
# IAR ELF Linker V7.40.1.8447/W32 for ARM                 10/Nov/2015  01:01:25
# Copyright 2007-2015 IAR Systems AB.
#
#    Output file  =  
#        D:\Alex\Desktop\LCD_bandymai\SPL_Projects\Project\lcd_SSD1289\EWARM\Debug\Exe\Project.out
#    Map file     =  
#        D:\Alex\Desktop\LCD_bandymai\SPL_Projects\Project\lcd_SSD1289\EWARM\Debug\List\Project.map
#    Command line =  
#        D:\Alex\Desktop\LCD_bandymai\SPL_Projects\Project\lcd_SSD1289\EWARM\Debug\Obj\fonts.o
#        D:\Alex\Desktop\LCD_bandymai\SPL_Projects\Project\lcd_SSD1289\EWARM\Debug\Obj\main.o
#        D:\Alex\Desktop\LCD_bandymai\SPL_Projects\Project\lcd_SSD1289\EWARM\Debug\Obj\misc.o
#        D:\Alex\Desktop\LCD_bandymai\SPL_Projects\Project\lcd_SSD1289\EWARM\Debug\Obj\startup_stm32f40_41xxx.o
#        D:\Alex\Desktop\LCD_bandymai\SPL_Projects\Project\lcd_SSD1289\EWARM\Debug\Obj\stm322xg_eval_lcd.o
#        D:\Alex\Desktop\LCD_bandymai\SPL_Projects\Project\lcd_SSD1289\EWARM\Debug\Obj\stm32f4xx_adc.o
#        D:\Alex\Desktop\LCD_bandymai\SPL_Projects\Project\lcd_SSD1289\EWARM\Debug\Obj\stm32f4xx_can.o
#        D:\Alex\Desktop\LCD_bandymai\SPL_Projects\Project\lcd_SSD1289\EWARM\Debug\Obj\stm32f4xx_crc.o
#        D:\Alex\Desktop\LCD_bandymai\SPL_Projects\Project\lcd_SSD1289\EWARM\Debug\Obj\stm32f4xx_cryp.o
#        D:\Alex\Desktop\LCD_bandymai\SPL_Projects\Project\lcd_SSD1289\EWARM\Debug\Obj\stm32f4xx_cryp_aes.o
#        D:\Alex\Desktop\LCD_bandymai\SPL_Projects\Project\lcd_SSD1289\EWARM\Debug\Obj\stm32f4xx_cryp_des.o
#        D:\Alex\Desktop\LCD_bandymai\SPL_Projects\Project\lcd_SSD1289\EWARM\Debug\Obj\stm32f4xx_cryp_tdes.o
#        D:\Alex\Desktop\LCD_bandymai\SPL_Projects\Project\lcd_SSD1289\EWARM\Debug\Obj\stm32f4xx_dac.o
#        D:\Alex\Desktop\LCD_bandymai\SPL_Projects\Project\lcd_SSD1289\EWARM\Debug\Obj\stm32f4xx_dbgmcu.o
#        D:\Alex\Desktop\LCD_bandymai\SPL_Projects\Project\lcd_SSD1289\EWARM\Debug\Obj\stm32f4xx_dcmi.o
#        D:\Alex\Desktop\LCD_bandymai\SPL_Projects\Project\lcd_SSD1289\EWARM\Debug\Obj\stm32f4xx_dma.o
#        D:\Alex\Desktop\LCD_bandymai\SPL_Projects\Project\lcd_SSD1289\EWARM\Debug\Obj\stm32f4xx_dma2d.o
#        D:\Alex\Desktop\LCD_bandymai\SPL_Projects\Project\lcd_SSD1289\EWARM\Debug\Obj\stm32f4xx_exti.o
#        D:\Alex\Desktop\LCD_bandymai\SPL_Projects\Project\lcd_SSD1289\EWARM\Debug\Obj\stm32f4xx_flash.o
#        D:\Alex\Desktop\LCD_bandymai\SPL_Projects\Project\lcd_SSD1289\EWARM\Debug\Obj\stm32f4xx_fmpi2c.o
#        D:\Alex\Desktop\LCD_bandymai\SPL_Projects\Project\lcd_SSD1289\EWARM\Debug\Obj\stm32f4xx_fsmc.o
#        D:\Alex\Desktop\LCD_bandymai\SPL_Projects\Project\lcd_SSD1289\EWARM\Debug\Obj\stm32f4xx_gpio.o
#        D:\Alex\Desktop\LCD_bandymai\SPL_Projects\Project\lcd_SSD1289\EWARM\Debug\Obj\stm32f4xx_hash.o
#        D:\Alex\Desktop\LCD_bandymai\SPL_Projects\Project\lcd_SSD1289\EWARM\Debug\Obj\stm32f4xx_hash_md5.o
#        D:\Alex\Desktop\LCD_bandymai\SPL_Projects\Project\lcd_SSD1289\EWARM\Debug\Obj\stm32f4xx_hash_sha1.o
#        D:\Alex\Desktop\LCD_bandymai\SPL_Projects\Project\lcd_SSD1289\EWARM\Debug\Obj\stm32f4xx_i2c.o
#        D:\Alex\Desktop\LCD_bandymai\SPL_Projects\Project\lcd_SSD1289\EWARM\Debug\Obj\stm32f4xx_it.o
#        D:\Alex\Desktop\LCD_bandymai\SPL_Projects\Project\lcd_SSD1289\EWARM\Debug\Obj\stm32f4xx_iwdg.o
#        D:\Alex\Desktop\LCD_bandymai\SPL_Projects\Project\lcd_SSD1289\EWARM\Debug\Obj\stm32f4xx_lptim.o
#        D:\Alex\Desktop\LCD_bandymai\SPL_Projects\Project\lcd_SSD1289\EWARM\Debug\Obj\stm32f4xx_ltdc.o
#        D:\Alex\Desktop\LCD_bandymai\SPL_Projects\Project\lcd_SSD1289\EWARM\Debug\Obj\stm32f4xx_pwr.o
#        D:\Alex\Desktop\LCD_bandymai\SPL_Projects\Project\lcd_SSD1289\EWARM\Debug\Obj\stm32f4xx_rcc.o
#        D:\Alex\Desktop\LCD_bandymai\SPL_Projects\Project\lcd_SSD1289\EWARM\Debug\Obj\stm32f4xx_rng.o
#        D:\Alex\Desktop\LCD_bandymai\SPL_Projects\Project\lcd_SSD1289\EWARM\Debug\Obj\stm32f4xx_rtc.o
#        D:\Alex\Desktop\LCD_bandymai\SPL_Projects\Project\lcd_SSD1289\EWARM\Debug\Obj\stm32f4xx_sai.o
#        D:\Alex\Desktop\LCD_bandymai\SPL_Projects\Project\lcd_SSD1289\EWARM\Debug\Obj\stm32f4xx_sdio.o
#        D:\Alex\Desktop\LCD_bandymai\SPL_Projects\Project\lcd_SSD1289\EWARM\Debug\Obj\stm32f4xx_spdifrx.o
#        D:\Alex\Desktop\LCD_bandymai\SPL_Projects\Project\lcd_SSD1289\EWARM\Debug\Obj\stm32f4xx_spi.o
#        D:\Alex\Desktop\LCD_bandymai\SPL_Projects\Project\lcd_SSD1289\EWARM\Debug\Obj\stm32f4xx_syscfg.o
#        D:\Alex\Desktop\LCD_bandymai\SPL_Projects\Project\lcd_SSD1289\EWARM\Debug\Obj\stm32f4xx_tim.o
#        D:\Alex\Desktop\LCD_bandymai\SPL_Projects\Project\lcd_SSD1289\EWARM\Debug\Obj\stm32f4xx_usart.o
#        D:\Alex\Desktop\LCD_bandymai\SPL_Projects\Project\lcd_SSD1289\EWARM\Debug\Obj\stm32f4xx_wwdg.o
#        D:\Alex\Desktop\LCD_bandymai\SPL_Projects\Project\lcd_SSD1289\EWARM\Debug\Obj\system_stm32f4xx.o
#        --redirect _Printf=_PrintfSmall --redirect _Scanf=_ScanfSmall -o
#        D:\Alex\Desktop\LCD_bandymai\SPL_Projects\Project\lcd_SSD1289\EWARM\Debug\Exe\Project.out
#        --map
#        D:\Alex\Desktop\LCD_bandymai\SPL_Projects\Project\lcd_SSD1289\EWARM\Debug\List\Project.map
#        --config
#        D:\Alex\Desktop\LCD_bandymai\SPL_Projects\Project\lcd_SSD1289\EWARM\stm32f4xx_flash.icf
#        --semihosting --entry __iar_program_start --vfe
#
###############################################################################

*******************************************************************************
*** RUNTIME MODEL ATTRIBUTES
***

CppFlavor       = *
__SystemLibrary = DLib


*******************************************************************************
*** PLACEMENT SUMMARY
***

"A1":  place at 0x08000000 { ro section .intvec };
"P1":  place in [from 0x08000000 to 0x081fffff] { ro };
"P2":  place in [from 0x20000000 to 0x2002ffff] { rw, block CSTACK, block HEAP };

  Section            Kind        Address    Size  Object
  -------            ----        -------    ----  ------
"A1":                                      0x188
  .intvec            ro code  0x08000000   0x188  startup_stm32f40_41xxx.o [1]
                            - 0x08000188   0x188

"P1":                                     0x3740
  .rodata            const    0x08000188  0x29d0  fonts.o [1]
  .text              ro code  0x08002b58   0x6e8  stm322xg_eval_lcd.o [1]
  .text              ro code  0x08003240    0x2c  stm32f4xx_rcc.o [1]
  .text              ro code  0x0800326c    0x94  stm32f4xx_gpio.o [1]
  .text              ro code  0x08003300   0x100  stm32f4xx_fsmc.o [1]
  .text              ro code  0x08003400   0x168  main.o [1]
  .text              ro code  0x08003568    0xf0  system_stm32f4xx.o [1]
  .text              ro code  0x08003658    0x2c  copy_init3.o [5]
  .text              ro code  0x08003684    0x28  data_init.o [5]
  .text              ro code  0x080036ac    0x22  fpinit_M.o [4]
  .iar.init_table    const    0x080036d0    0x14  - Linker created -
  .text              ro code  0x080036e4    0x12  stm32f4xx_it.o [1]
  .text              ro code  0x080036f8    0x1a  cmain.o [5]
  .text              ro code  0x08003712     0x4  low_level_init.o [3]
  .text              ro code  0x08003716     0x4  exit.o [3]
  .text              ro code  0x0800371c     0xa  cexit.o [5]
  .text              ro code  0x08003728    0x14  exit.o [6]
  .text              ro code  0x0800373c    0x10  startup_stm32f40_41xxx.o [1]
  .text              ro code  0x0800374c     0xc  cstartup_M.o [5]
  .text              ro code  0x08003758     0x4  startup_stm32f40_41xxx.o [1]
  .text              ro code  0x0800375c     0x4  startup_stm32f40_41xxx.o [1]
  .text              ro code  0x08003760     0x4  startup_stm32f40_41xxx.o [1]
  .text              ro code  0x08003764     0x4  startup_stm32f40_41xxx.o [1]
  .text              ro code  0x08003768     0x4  startup_stm32f40_41xxx.o [1]
  .text              ro code  0x0800376c     0x4  startup_stm32f40_41xxx.o [1]
  .text              ro code  0x08003770     0x4  startup_stm32f40_41xxx.o [1]
  .text              ro code  0x08003774     0x4  startup_stm32f40_41xxx.o [1]
  .text              ro code  0x08003778     0x4  startup_stm32f40_41xxx.o [1]
  .text              ro code  0x0800377c     0x4  startup_stm32f40_41xxx.o [1]
  .text              ro code  0x08003780     0x4  startup_stm32f40_41xxx.o [1]
  .text              ro code  0x08003784     0x4  startup_stm32f40_41xxx.o [1]
  .text              ro code  0x08003788     0x4  startup_stm32f40_41xxx.o [1]
  .text              ro code  0x0800378c     0x4  startup_stm32f40_41xxx.o [1]
  .text              ro code  0x08003790     0x4  startup_stm32f40_41xxx.o [1]
  .text              ro code  0x08003794     0x4  startup_stm32f40_41xxx.o [1]
  .text              ro code  0x08003798     0x4  startup_stm32f40_41xxx.o [1]
  .text              ro code  0x0800379c     0x4  startup_stm32f40_41xxx.o [1]
  .text              ro code  0x080037a0     0x4  startup_stm32f40_41xxx.o [1]
  .text              ro code  0x080037a4     0x4  startup_stm32f40_41xxx.o [1]
  .text              ro code  0x080037a8     0x4  startup_stm32f40_41xxx.o [1]
  .text              ro code  0x080037ac     0x4  startup_stm32f40_41xxx.o [1]
  .text              ro code  0x080037b0     0x4  startup_stm32f40_41xxx.o [1]
  .text              ro code  0x080037b4     0x4  startup_stm32f40_41xxx.o [1]
  .text              ro code  0x080037b8     0x4  startup_stm32f40_41xxx.o [1]
  .text              ro code  0x080037bc     0x4  startup_stm32f40_41xxx.o [1]
  .text              ro code  0x080037c0     0x4  startup_stm32f40_41xxx.o [1]
  .text              ro code  0x080037c4     0x4  startup_stm32f40_41xxx.o [1]
  .text              ro code  0x080037c8     0x4  startup_stm32f40_41xxx.o [1]
  .text              ro code  0x080037cc     0x4  startup_stm32f40_41xxx.o [1]
  .text              ro code  0x080037d0     0x4  startup_stm32f40_41xxx.o [1]
  .text              ro code  0x080037d4     0x4  startup_stm32f40_41xxx.o [1]
  .text              ro code  0x080037d8     0x4  startup_stm32f40_41xxx.o [1]
  .text              ro code  0x080037dc     0x4  startup_stm32f40_41xxx.o [1]
  .text              ro code  0x080037e0     0x4  startup_stm32f40_41xxx.o [1]
  .text              ro code  0x080037e4     0x4  startup_stm32f40_41xxx.o [1]
  .text              ro code  0x080037e8     0x4  startup_stm32f40_41xxx.o [1]
  .text              ro code  0x080037ec     0x4  startup_stm32f40_41xxx.o [1]
  .text              ro code  0x080037f0     0x4  startup_stm32f40_41xxx.o [1]
  .text              ro code  0x080037f4     0x4  startup_stm32f40_41xxx.o [1]
  .text              ro code  0x080037f8     0x4  startup_stm32f40_41xxx.o [1]
  .text              ro code  0x080037fc     0x4  startup_stm32f40_41xxx.o [1]
  .text              ro code  0x08003800     0x4  startup_stm32f40_41xxx.o [1]
  .text              ro code  0x08003804     0x4  startup_stm32f40_41xxx.o [1]
  .text              ro code  0x08003808     0x4  startup_stm32f40_41xxx.o [1]
  .text              ro code  0x0800380c     0x4  startup_stm32f40_41xxx.o [1]
  .text              ro code  0x08003810     0x4  startup_stm32f40_41xxx.o [1]
  .text              ro code  0x08003814     0x4  startup_stm32f40_41xxx.o [1]
  .text              ro code  0x08003818     0x4  startup_stm32f40_41xxx.o [1]
  .text              ro code  0x0800381c     0x4  startup_stm32f40_41xxx.o [1]
  .text              ro code  0x08003820     0x4  startup_stm32f40_41xxx.o [1]
  .text              ro code  0x08003824     0x4  startup_stm32f40_41xxx.o [1]
  .text              ro code  0x08003828     0x4  startup_stm32f40_41xxx.o [1]
  .text              ro code  0x0800382c     0x4  startup_stm32f40_41xxx.o [1]
  .text              ro code  0x08003830     0x4  startup_stm32f40_41xxx.o [1]
  .text              ro code  0x08003834     0x4  startup_stm32f40_41xxx.o [1]
  .text              ro code  0x08003838     0x4  startup_stm32f40_41xxx.o [1]
  .text              ro code  0x0800383c     0x4  startup_stm32f40_41xxx.o [1]
  .text              ro code  0x08003840     0x4  startup_stm32f40_41xxx.o [1]
  .text              ro code  0x08003844     0x4  startup_stm32f40_41xxx.o [1]
  .text              ro code  0x08003848     0x4  startup_stm32f40_41xxx.o [1]
  .text              ro code  0x0800384c     0x4  startup_stm32f40_41xxx.o [1]
  .text              ro code  0x08003850     0x4  startup_stm32f40_41xxx.o [1]
  .text              ro code  0x08003854     0x4  startup_stm32f40_41xxx.o [1]
  .text              ro code  0x08003858     0x4  startup_stm32f40_41xxx.o [1]
  .text              ro code  0x0800385c     0x4  startup_stm32f40_41xxx.o [1]
  .text              ro code  0x08003860     0x4  startup_stm32f40_41xxx.o [1]
  .text              ro code  0x08003864     0x4  startup_stm32f40_41xxx.o [1]
  .text              ro code  0x08003868     0x4  startup_stm32f40_41xxx.o [1]
  .text              ro code  0x0800386c     0x4  startup_stm32f40_41xxx.o [1]
  .text              ro code  0x08003870     0x4  startup_stm32f40_41xxx.o [1]
  .text              ro code  0x08003874     0x4  startup_stm32f40_41xxx.o [1]
  .text              ro code  0x08003878     0x4  startup_stm32f40_41xxx.o [1]
  .text              ro code  0x0800387c     0x4  startup_stm32f40_41xxx.o [1]
  .text              ro code  0x08003880     0x4  startup_stm32f40_41xxx.o [1]
  .text              ro code  0x08003884     0x4  startup_stm32f40_41xxx.o [1]
  .text              ro code  0x08003888     0x4  startup_stm32f40_41xxx.o [1]
  .text              ro code  0x0800388c     0x4  startup_stm32f40_41xxx.o [1]
  .text              ro code  0x08003890     0x4  startup_stm32f40_41xxx.o [1]
  .text              ro code  0x08003894     0x4  startup_stm32f40_41xxx.o [1]
  .text              ro code  0x08003898     0x4  startup_stm32f40_41xxx.o [1]
  .text              ro code  0x0800389c     0x4  startup_stm32f40_41xxx.o [1]
  .rodata            const    0x080038a0     0x0  copy_init3.o [5]
  Initializer bytes  const    0x080038a0    0x28  <for P2 s0>
                            - 0x080038c8  0x3740

"P2":                                      0x428
  P2 s0                       0x20000000    0x28  <Init block>
    .data            inited   0x20000000     0x8  fonts.o [1]
    .data            inited   0x20000008     0x8  fonts.o [1]
    .data            inited   0x20000010     0x8  fonts.o [1]
    .data            inited   0x20000018     0x8  fonts.o [1]
    .data            inited   0x20000020     0x8  stm322xg_eval_lcd.o [1]
  CSTACK                      0x20000028   0x400  <Block>
    CSTACK           uninit   0x20000028   0x400  <Block tail>
                            - 0x20000428   0x428


*******************************************************************************
*** INIT TABLE
***

          Address     Size
          -------     ----
Copy (__iar_copy_init3)
    1 source range, total size 0x28:
          0x080038a0  0x28
    1 destination range, total size 0x28:
          0x20000000  0x28



*******************************************************************************
*** MODULE SUMMARY
***

    Module                    ro code  ro data  rw data
    ------                    -------  -------  -------
D:\Alex\Desktop\LCD_bandymai\SPL_Projects\Project\lcd_SSD1289\EWARM\Debug\Obj: [1]
    fonts.o                             10 736       32
    main.o                        360
    startup_stm32f40_41xxx.o      736
    stm322xg_eval_lcd.o         1 768        8        8
    stm32f4xx_fsmc.o              256
    stm32f4xx_gpio.o              148
    stm32f4xx_it.o                 18
    stm32f4xx_rcc.o                44
    system_stm32f4xx.o            240
    ---------------------------------------------------
    Total:                      3 570   10 744       40

command line: [2]
    ---------------------------------------------------
    Total:

dl7M_tln.a: [3]
    exit.o                          4
    low_level_init.o                4
    ---------------------------------------------------
    Total:                          8

m7M_tls.a: [4]
    fpinit_M.o                     34
    ---------------------------------------------------
    Total:                         34

rt7M_tl.a: [5]
    cexit.o                        10
    cmain.o                        26
    copy_init3.o                   44
    cstartup_M.o                   12
    data_init.o                    40
    ---------------------------------------------------
    Total:                        132

shb_l.a: [6]
    exit.o                         20
    ---------------------------------------------------
    Total:                         20

    Gaps                            6        2
    Linker created                          20    1 024
-------------------------------------------------------
    Grand Total:                3 770   10 766    1 064


*******************************************************************************
*** ENTRY LIST
***

Entry                      Address    Size  Type      Object
-----                      -------    ----  ----      ------
.iar.init_table$$Base   0x080036d0           --   Gb  - Linker created -
.iar.init_table$$Limit  0x080036e4           --   Gb  - Linker created -
?main                   0x080036f9          Code  Gb  cmain.o [5]
ASCII12x12_Table        0x08001358   0x900  Data  Gb  fonts.o [1]
ASCII16x24_Table        0x08000188  0x11d0  Data  Gb  fonts.o [1]
ASCII8x12_Table         0x08001c58   0x900  Data  Gb  fonts.o [1]
ASCII8x8_Table          0x08002558   0x600  Data  Gb  fonts.o [1]
BackColor               0x20000022     0x2  Data  Lc  stm322xg_eval_lcd.o [1]
BusFault_Handler        0x080036eb     0x2  Code  Gb  stm32f4xx_it.o [1]
CSTACK$$Base            0x20000028           --   Gb  - Linker created -
CSTACK$$Limit           0x20000428           --   Gb  - Linker created -
DebugMon_Handler        0x080036f1     0x2  Code  Gb  stm32f4xx_it.o [1]
DevsInit                0x08003401    0xda  Code  Gb  main.o [1]
FSMC_NORSRAMCmd         0x080033c7    0x14  Code  Gb  stm32f4xx_fsmc.o [1]
FSMC_NORSRAMInit        0x08003301    0xc6  Code  Gb  stm32f4xx_fsmc.o [1]
Font12x12               0x20000008     0x8  Data  Gb  fonts.o [1]
Font16x24               0x20000000     0x8  Data  Gb  fonts.o [1]
Font8x12                0x20000010     0x8  Data  Gb  fonts.o [1]
Font8x8                 0x20000018     0x8  Data  Gb  fonts.o [1]
GPIO_Init               0x0800326d    0x70  Code  Gb  stm32f4xx_gpio.o [1]
GPIO_PinAFConfig        0x080032dd    0x24  Code  Gb  stm32f4xx_gpio.o [1]
HardFault_Handler       0x080036e7     0x2  Code  Gb  stm32f4xx_it.o [1]
LCD_Clear               0x08002d51    0x1e  Code  Gb  stm322xg_eval_lcd.o [1]
LCD_CtrlLinesConfig     0x080030b1    0xe6  Code  Gb  stm322xg_eval_lcd.o [1]
LCD_Currentfonts        0x20000024     0x4  Data  Lc  stm322xg_eval_lcd.o [1]
LCD_DisplayChar         0x08002dff    0x1c  Code  Gb  stm322xg_eval_lcd.o [1]
LCD_DisplayStringLine   0x08002e1b    0x36  Code  Gb  stm322xg_eval_lcd.o [1]
LCD_DrawChar            0x08002d85    0x7a  Code  Gb  stm322xg_eval_lcd.o [1]
LCD_DrawCircle          0x08002edd    0xc0  Code  Gb  stm322xg_eval_lcd.o [1]
LCD_DrawFullCircle      0x08003037    0x6e  Code  Gb  stm322xg_eval_lcd.o [1]
LCD_DrawFullRect        0x08002fd7    0x54  Code  Gb  stm322xg_eval_lcd.o [1]
LCD_DrawLine            0x08002e51    0x4c  Code  Gb  stm322xg_eval_lcd.o [1]
LCD_DrawRect            0x08002e9d    0x3a  Code  Gb  stm322xg_eval_lcd.o [1]
LCD_FSMCConfig          0x080031a1    0x5e  Code  Gb  stm322xg_eval_lcd.o [1]
LCD_SetBackColor        0x08002d39    0x10  Code  Gb  stm322xg_eval_lcd.o [1]
LCD_SetCursor           0x08002d6f    0x16  Code  Gb  stm322xg_eval_lcd.o [1]
LCD_SetFont             0x08002d49     0x8  Code  Gb  stm322xg_eval_lcd.o [1]
LCD_SetTextColor        0x08002d29    0x10  Code  Gb  stm322xg_eval_lcd.o [1]
LCD_WriteReg            0x080030a5     0x8  Code  Gb  stm322xg_eval_lcd.o [1]
MemManage_Handler       0x080036e9     0x2  Code  Gb  stm32f4xx_it.o [1]
NMI_Handler             0x080036e5     0x2  Code  Gb  stm32f4xx_it.o [1]
PendSV_Handler          0x080036f3     0x2  Code  Gb  stm32f4xx_it.o [1]
RCC_AHB1PeriphClockCmd  0x08003241    0x12  Code  Gb  stm32f4xx_rcc.o [1]
RCC_AHB3PeriphClockCmd  0x08003253    0x12  Code  Gb  stm32f4xx_rcc.o [1]
Region$$Table$$Base     0x080036d0           --   Gb  - Linker created -
Region$$Table$$Limit    0x080036e4           --   Gb  - Linker created -
STM322xG_LCD_Init       0x08002b59   0x1ca  Code  Gb  stm322xg_eval_lcd.o [1]
SVC_Handler             0x080036ef     0x2  Code  Gb  stm32f4xx_it.o [1]
SysTick_Handler         0x080036f5     0x2  Code  Gb  stm32f4xx_it.o [1]
SystemInit              0x08003569    0xce  Code  Gb  system_stm32f4xx.o [1]
TextColor               0x20000020     0x2  Data  Lc  stm322xg_eval_lcd.o [1]
UsageFault_Handler      0x080036ed     0x2  Code  Gb  stm32f4xx_it.o [1]
__cmain                 0x080036f9          Code  Gb  cmain.o [5]
__exit                  0x08003729    0x14  Code  Gb  exit.o [6]
__iar_copy_init3        0x08003659    0x2c  Code  Gb  copy_init3.o [5]
__iar_data_init3        0x08003685    0x28  Code  Gb  data_init.o [5]
__iar_init_vfp          0x080036ad          Code  Gb  fpinit_M.o [4]
__iar_program_start     0x0800374d          Code  Gb  cstartup_M.o [5]
__low_level_init        0x08003713     0x4  Code  Gb  low_level_init.o [3]
__vector_table          0x08000000          Data  Gb  startup_stm32f40_41xxx.o [1]
_call_main              0x08003705          Code  Gb  cmain.o [5]
_exit                   0x0800371d          Code  Gb  cexit.o [5]
_main                   0x0800370f          Code  Gb  cmain.o [5]
delay                   0x080031ff    0x20  Code  Lc  stm322xg_eval_lcd.o [1]
exit                    0x08003717     0x4  Code  Gb  exit.o [3]
main                    0x080034e9     0x8  Code  Gb  main.o [1]


[1] = D:\Alex\Desktop\LCD_bandymai\SPL_Projects\Project\lcd_SSD1289\EWARM\Debug\Obj
[2] = command line
[3] = dl7M_tln.a
[4] = m7M_tls.a
[5] = rt7M_tl.a
[6] = shb_l.a

   3 770 bytes of readonly  code memory
  10 766 bytes of readonly  data memory
   1 064 bytes of readwrite data memory

Errors: none
Warnings: none
