<!doctype html public "-//w3c//dtd html 4.0 transitional//en">
<html><head>
<title>Static Call Graph - [.\out\test.axf]</title></head>
<body><HR>
<H1>Static Call Graph for image .\out\test.axf</H1><HR>
<BR><P>#&#060CALLGRAPH&#062# ARM Linker, 5050106: Last Updated: Sat Nov 14 12:18:53 2015
<BR><P>
<H3>Maximum Stack Usage =        360 bytes + Unknown(Functions without stacksize, Cycles, Untraceable Function Pointers)</H3><H3>
Call chain for Maximum Stack Depth:</H3>
task_appGUI_func &rArr; HMI_Control &rArr; HMI_ChangeWindow &rArr; winPlotInit &rArr; plotDataCalculate &rArr; sin &rArr; __ieee754_rem_pio2 &rArr; __aeabi_d2iz
<P>
<H3>
Functions with no stack information
</H3><UL>
 <LI><a href="#[8b]">tn_start_exe</a>
 <LI><a href="#[b]">PendSV_Handler</a>
 <LI><a href="#[ab]">tn_switch_context_exit</a>
 <LI><a href="#[86]">tn_switch_context</a>
 <LI><a href="#[15d]">tn_int_exit</a>
 <LI><a href="#[7f]">tn_cpu_save_sr</a>
 <LI><a href="#[80]">tn_cpu_restore_sr</a>
 <LI><a href="#[99]">tn_chk_irq_disabled</a>
 <LI><a href="#[21f]">ffs_asm</a>
 <LI><a href="#[1ce]">__user_initial_stackheap</a>
 <LI><a href="#[334]">tn_startup_hardware_init</a>
 <LI><a href="#[170]">tn_arm_disable_interrupts</a>
 <LI><a href="#[17a]">tn_arm_enable_interrupts</a>
</UL>
</UL>
<P>
<H3>
Mutually Recursive functions
</H3> <LI><a href="#[4]">NMI_Handler</a>&nbsp;&nbsp;&nbsp;&rArr;&nbsp;&nbsp;&nbsp;<a href="#[4]">NMI_Handler</a><BR>
 <LI><a href="#[5]">HardFault_Handler</a>&nbsp;&nbsp;&nbsp;&rArr;&nbsp;&nbsp;&nbsp;<a href="#[5]">HardFault_Handler</a><BR>
 <LI><a href="#[6]">MemManage_Handler</a>&nbsp;&nbsp;&nbsp;&rArr;&nbsp;&nbsp;&nbsp;<a href="#[6]">MemManage_Handler</a><BR>
 <LI><a href="#[7]">BusFault_Handler</a>&nbsp;&nbsp;&nbsp;&rArr;&nbsp;&nbsp;&nbsp;<a href="#[7]">BusFault_Handler</a><BR>
 <LI><a href="#[8]">UsageFault_Handler</a>&nbsp;&nbsp;&nbsp;&rArr;&nbsp;&nbsp;&nbsp;<a href="#[8]">UsageFault_Handler</a><BR>
 <LI><a href="#[9]">SVC_Handler</a>&nbsp;&nbsp;&nbsp;&rArr;&nbsp;&nbsp;&nbsp;<a href="#[9]">SVC_Handler</a><BR>
 <LI><a href="#[a]">DebugMon_Handler</a>&nbsp;&nbsp;&nbsp;&rArr;&nbsp;&nbsp;&nbsp;<a href="#[a]">DebugMon_Handler</a><BR>
 <LI><a href="#[1f]">ADC_IRQHandler</a>&nbsp;&nbsp;&nbsp;&rArr;&nbsp;&nbsp;&nbsp;<a href="#[1f]">ADC_IRQHandler</a><BR>
</UL>
<P>
<H3>
Function Pointers
</H3><UL>
 <LI><a href="#[1f]">ADC_IRQHandler</a> from startup_stm32f2xx.o(.text) referenced from startup_stm32f2xx.o(RESET)
 <LI><a href="#[7]">BusFault_Handler</a> from startup_stm32f2xx.o(.text) referenced from startup_stm32f2xx.o(RESET)
 <LI><a href="#[21]">CAN1_RX0_IRQHandler</a> from startup_stm32f2xx.o(.text) referenced from startup_stm32f2xx.o(RESET)
 <LI><a href="#[22]">CAN1_RX1_IRQHandler</a> from startup_stm32f2xx.o(.text) referenced from startup_stm32f2xx.o(RESET)
 <LI><a href="#[23]">CAN1_SCE_IRQHandler</a> from startup_stm32f2xx.o(.text) referenced from startup_stm32f2xx.o(RESET)
 <LI><a href="#[20]">CAN1_TX_IRQHandler</a> from startup_stm32f2xx.o(.text) referenced from startup_stm32f2xx.o(RESET)
 <LI><a href="#[4d]">CAN2_RX0_IRQHandler</a> from startup_stm32f2xx.o(.text) referenced from startup_stm32f2xx.o(RESET)
 <LI><a href="#[4e]">CAN2_RX1_IRQHandler</a> from startup_stm32f2xx.o(.text) referenced from startup_stm32f2xx.o(RESET)
 <LI><a href="#[4f]">CAN2_SCE_IRQHandler</a> from startup_stm32f2xx.o(.text) referenced from startup_stm32f2xx.o(RESET)
 <LI><a href="#[4c]">CAN2_TX_IRQHandler</a> from startup_stm32f2xx.o(.text) referenced from startup_stm32f2xx.o(RESET)
 <LI><a href="#[5c]">CRYP_IRQHandler</a> from startup_stm32f2xx.o(.text) referenced from startup_stm32f2xx.o(RESET)
 <LI><a href="#[5b]">DCMI_IRQHandler</a> from startup_stm32f2xx.o(.text) referenced from startup_stm32f2xx.o(RESET)
 <LI><a href="#[18]">DMA1_Stream0_IRQHandler</a> from startup_stm32f2xx.o(.text) referenced from startup_stm32f2xx.o(RESET)
 <LI><a href="#[19]">DMA1_Stream1_IRQHandler</a> from tn_user.o(.text) referenced from startup_stm32f2xx.o(RESET)
 <LI><a href="#[1a]">DMA1_Stream2_IRQHandler</a> from startup_stm32f2xx.o(.text) referenced from startup_stm32f2xx.o(RESET)
 <LI><a href="#[1b]">DMA1_Stream3_IRQHandler</a> from tn_user.o(.text) referenced from startup_stm32f2xx.o(RESET)
 <LI><a href="#[1c]">DMA1_Stream4_IRQHandler</a> from startup_stm32f2xx.o(.text) referenced from startup_stm32f2xx.o(RESET)
 <LI><a href="#[1d]">DMA1_Stream5_IRQHandler</a> from tn_user.o(.text) referenced from startup_stm32f2xx.o(RESET)
 <LI><a href="#[1e]">DMA1_Stream6_IRQHandler</a> from tn_user.o(.text) referenced from startup_stm32f2xx.o(RESET)
 <LI><a href="#[3c]">DMA1_Stream7_IRQHandler</a> from startup_stm32f2xx.o(.text) referenced from startup_stm32f2xx.o(RESET)
 <LI><a href="#[45]">DMA2_Stream0_IRQHandler</a> from startup_stm32f2xx.o(.text) referenced from startup_stm32f2xx.o(RESET)
 <LI><a href="#[46]">DMA2_Stream1_IRQHandler</a> from startup_stm32f2xx.o(.text) referenced from startup_stm32f2xx.o(RESET)
 <LI><a href="#[47]">DMA2_Stream2_IRQHandler</a> from startup_stm32f2xx.o(.text) referenced from startup_stm32f2xx.o(RESET)
 <LI><a href="#[48]">DMA2_Stream3_IRQHandler</a> from startup_stm32f2xx.o(.text) referenced from startup_stm32f2xx.o(RESET)
 <LI><a href="#[49]">DMA2_Stream4_IRQHandler</a> from startup_stm32f2xx.o(.text) referenced from startup_stm32f2xx.o(RESET)
 <LI><a href="#[51]">DMA2_Stream5_IRQHandler</a> from tn_user.o(.text) referenced from startup_stm32f2xx.o(RESET)
 <LI><a href="#[52]">DMA2_Stream6_IRQHandler</a> from startup_stm32f2xx.o(.text) referenced from startup_stm32f2xx.o(RESET)
 <LI><a href="#[53]">DMA2_Stream7_IRQHandler</a> from tn_user.o(.text) referenced from startup_stm32f2xx.o(RESET)
 <LI><a href="#[a]">DebugMon_Handler</a> from startup_stm32f2xx.o(.text) referenced from startup_stm32f2xx.o(RESET)
 <LI><a href="#[4a]">ETH_IRQHandler</a> from startup_stm32f2xx.o(.text) referenced from startup_stm32f2xx.o(RESET)
 <LI><a href="#[4b]">ETH_WKUP_IRQHandler</a> from startup_stm32f2xx.o(.text) referenced from startup_stm32f2xx.o(RESET)
 <LI><a href="#[13]">EXTI0_IRQHandler</a> from startup_stm32f2xx.o(.text) referenced from startup_stm32f2xx.o(RESET)
 <LI><a href="#[35]">EXTI15_10_IRQHandler</a> from startup_stm32f2xx.o(.text) referenced from startup_stm32f2xx.o(RESET)
 <LI><a href="#[14]">EXTI1_IRQHandler</a> from startup_stm32f2xx.o(.text) referenced from startup_stm32f2xx.o(RESET)
 <LI><a href="#[15]">EXTI2_IRQHandler</a> from startup_stm32f2xx.o(.text) referenced from startup_stm32f2xx.o(RESET)
 <LI><a href="#[16]">EXTI3_IRQHandler</a> from startup_stm32f2xx.o(.text) referenced from startup_stm32f2xx.o(RESET)
 <LI><a href="#[17]">EXTI4_IRQHandler</a> from startup_stm32f2xx.o(.text) referenced from startup_stm32f2xx.o(RESET)
 <LI><a href="#[24]">EXTI9_5_IRQHandler</a> from startup_stm32f2xx.o(.text) referenced from startup_stm32f2xx.o(RESET)
 <LI><a href="#[11]">FLASH_IRQHandler</a> from startup_stm32f2xx.o(.text) referenced from startup_stm32f2xx.o(RESET)
 <LI><a href="#[3d]">FSMC_IRQHandler</a> from startup_stm32f2xx.o(.text) referenced from startup_stm32f2xx.o(RESET)
 <LI><a href="#[5d]">HASH_RNG_IRQHandler</a> from startup_stm32f2xx.o(.text) referenced from startup_stm32f2xx.o(RESET)
 <LI><a href="#[6f]">HMIBtn_Exit</a> from hmi_control.o(.text) referenced 2 times from winuartcfg.o(.text)
 <LI><a href="#[5]">HardFault_Handler</a> from startup_stm32f2xx.o(.text) referenced from startup_stm32f2xx.o(RESET)
 <LI><a href="#[2d]">I2C1_ER_IRQHandler</a> from startup_stm32f2xx.o(.text) referenced from startup_stm32f2xx.o(RESET)
 <LI><a href="#[2c]">I2C1_EV_IRQHandler</a> from startup_stm32f2xx.o(.text) referenced from startup_stm32f2xx.o(RESET)
 <LI><a href="#[2f]">I2C2_ER_IRQHandler</a> from startup_stm32f2xx.o(.text) referenced from startup_stm32f2xx.o(RESET)
 <LI><a href="#[2e]">I2C2_EV_IRQHandler</a> from startup_stm32f2xx.o(.text) referenced from startup_stm32f2xx.o(RESET)
 <LI><a href="#[56]">I2C3_ER_IRQHandler</a> from startup_stm32f2xx.o(.text) referenced from startup_stm32f2xx.o(RESET)
 <LI><a href="#[55]">I2C3_EV_IRQHandler</a> from startup_stm32f2xx.o(.text) referenced from startup_stm32f2xx.o(RESET)
 <LI><a href="#[6b]">LCD_DrawChar_HX8347A</a> from lcdhal_hx8347a.o(.text) referenced from lcdhal_universal.o(.text)
 <LI><a href="#[65]">LCD_DrawChar_ILI9320</a> from lcdhal_ili9320.o(.text) referenced from lcdhal_universal.o(.text)
 <LI><a href="#[6c]">LCD_DrawFillRect_HX8347A</a> from lcdhal_hx8347a.o(.text) referenced from lcdhal_universal.o(.text)
 <LI><a href="#[66]">LCD_DrawFillRect_ILI9320</a> from lcdhal_ili9320.o(.text) referenced from lcdhal_universal.o(.text)
 <LI><a href="#[6d]">LCD_DrawMonoPict_HX8347A</a> from lcdhal_hx8347a.o(.text) referenced from lcdhal_universal.o(.text)
 <LI><a href="#[67]">LCD_DrawMonoPict_ILI9320</a> from lcdhal_ili9320.o(.text) referenced from lcdhal_universal.o(.text)
 <LI><a href="#[6a]">LCD_PutPixel_HX8347A</a> from lcdhal_hx8347a.o(.text) referenced from lcdhal_universal.o(.text)
 <LI><a href="#[64]">LCD_PutPixel_ILI9320</a> from lcdhal_ili9320.o(.text) referenced from lcdhal_universal.o(.text)
 <LI><a href="#[69]">LCD_SetWindow_HX8347A</a> from lcdhal_hx8347a.o(.text) referenced from lcdhal_universal.o(.text)
 <LI><a href="#[63]">LCD_SetWindow_ILI9320</a> from lcdhal_ili9320.o(.text) referenced from lcdhal_universal.o(.text)
 <LI><a href="#[6e]">LCD_WriteBMP_HX8347A</a> from lcdhal_hx8347a.o(.text) referenced from lcdhal_universal.o(.text)
 <LI><a href="#[68]">LCD_WriteBMP_ILI9320</a> from lcdhal_ili9320.o(.text) referenced from lcdhal_universal.o(.text)
 <LI><a href="#[6]">MemManage_Handler</a> from startup_stm32f2xx.o(.text) referenced from startup_stm32f2xx.o(RESET)
 <LI><a href="#[4]">NMI_Handler</a> from startup_stm32f2xx.o(.text) referenced from startup_stm32f2xx.o(RESET)
 <LI><a href="#[50]">OTG_FS_IRQHandler</a> from startup_stm32f2xx.o(.text) referenced from startup_stm32f2xx.o(RESET)
 <LI><a href="#[37]">OTG_FS_WKUP_IRQHandler</a> from startup_stm32f2xx.o(.text) referenced from startup_stm32f2xx.o(RESET)
 <LI><a href="#[58]">OTG_HS_EP1_IN_IRQHandler</a> from startup_stm32f2xx.o(.text) referenced from startup_stm32f2xx.o(RESET)
 <LI><a href="#[57]">OTG_HS_EP1_OUT_IRQHandler</a> from startup_stm32f2xx.o(.text) referenced from startup_stm32f2xx.o(RESET)
 <LI><a href="#[5a]">OTG_HS_IRQHandler</a> from startup_stm32f2xx.o(.text) referenced from startup_stm32f2xx.o(RESET)
 <LI><a href="#[59]">OTG_HS_WKUP_IRQHandler</a> from startup_stm32f2xx.o(.text) referenced from startup_stm32f2xx.o(RESET)
 <LI><a href="#[e]">PVD_IRQHandler</a> from startup_stm32f2xx.o(.text) referenced from startup_stm32f2xx.o(RESET)
 <LI><a href="#[b]">PendSV_Handler</a> from tn_port_cm3_armcc.o(.text) referenced from startup_stm32f2xx.o(RESET)
 <LI><a href="#[12]">RCC_IRQHandler</a> from startup_stm32f2xx.o(.text) referenced from startup_stm32f2xx.o(RESET)
 <LI><a href="#[36]">RTC_Alarm_IRQHandler</a> from startup_stm32f2xx.o(.text) referenced from startup_stm32f2xx.o(RESET)
 <LI><a href="#[10]">RTC_WKUP_IRQHandler</a> from startup_stm32f2xx.o(.text) referenced from startup_stm32f2xx.o(RESET)
 <LI><a href="#[3]">Reset_Handler</a> from startup_stm32f2xx.o(.text) referenced from startup_stm32f2xx.o(RESET)
 <LI><a href="#[3e]">SDIO_IRQHandler</a> from startup_stm32f2xx.o(.text) referenced from startup_stm32f2xx.o(RESET)
 <LI><a href="#[30]">SPI1_IRQHandler</a> from startup_stm32f2xx.o(.text) referenced from startup_stm32f2xx.o(RESET)
 <LI><a href="#[31]">SPI2_IRQHandler</a> from startup_stm32f2xx.o(.text) referenced from startup_stm32f2xx.o(RESET)
 <LI><a href="#[40]">SPI3_IRQHandler</a> from startup_stm32f2xx.o(.text) referenced from startup_stm32f2xx.o(RESET)
 <LI><a href="#[9]">SVC_Handler</a> from startup_stm32f2xx.o(.text) referenced from startup_stm32f2xx.o(RESET)
 <LI><a href="#[c]">SysTick_Handler</a> from tn_user.o(.text) referenced from startup_stm32f2xx.o(RESET)
 <LI><a href="#[61]">SystemInit</a> from system_stm32f2xx.o(.text) referenced from startup_stm32f2xx.o(.text)
 <LI><a href="#[f]">TAMP_STAMP_IRQHandler</a> from startup_stm32f2xx.o(.text) referenced from startup_stm32f2xx.o(RESET)
 <LI><a href="#[25]">TIM1_BRK_TIM9_IRQHandler</a> from beeper.o(.text) referenced from startup_stm32f2xx.o(RESET)
 <LI><a href="#[28]">TIM1_CC_IRQHandler</a> from startup_stm32f2xx.o(.text) referenced from startup_stm32f2xx.o(RESET)
 <LI><a href="#[27]">TIM1_TRG_COM_TIM11_IRQHandler</a> from startup_stm32f2xx.o(.text) referenced from startup_stm32f2xx.o(RESET)
 <LI><a href="#[26]">TIM1_UP_TIM10_IRQHandler</a> from startup_stm32f2xx.o(.text) referenced from startup_stm32f2xx.o(RESET)
 <LI><a href="#[29]">TIM2_IRQHandler</a> from startup_stm32f2xx.o(.text) referenced from startup_stm32f2xx.o(RESET)
 <LI><a href="#[2a]">TIM3_IRQHandler</a> from startup_stm32f2xx.o(.text) referenced from startup_stm32f2xx.o(RESET)
 <LI><a href="#[2b]">TIM4_IRQHandler</a> from startup_stm32f2xx.o(.text) referenced from startup_stm32f2xx.o(RESET)
 <LI><a href="#[3f]">TIM5_IRQHandler</a> from startup_stm32f2xx.o(.text) referenced from startup_stm32f2xx.o(RESET)
 <LI><a href="#[43]">TIM6_DAC_IRQHandler</a> from startup_stm32f2xx.o(.text) referenced from startup_stm32f2xx.o(RESET)
 <LI><a href="#[44]">TIM7_IRQHandler</a> from startup_stm32f2xx.o(.text) referenced from startup_stm32f2xx.o(RESET)
 <LI><a href="#[38]">TIM8_BRK_TIM12_IRQHandler</a> from startup_stm32f2xx.o(.text) referenced from startup_stm32f2xx.o(RESET)
 <LI><a href="#[3b]">TIM8_CC_IRQHandler</a> from startup_stm32f2xx.o(.text) referenced from startup_stm32f2xx.o(RESET)
 <LI><a href="#[3a]">TIM8_TRG_COM_TIM14_IRQHandler</a> from startup_stm32f2xx.o(.text) referenced from startup_stm32f2xx.o(RESET)
 <LI><a href="#[39]">TIM8_UP_TIM13_IRQHandler</a> from startup_stm32f2xx.o(.text) referenced from startup_stm32f2xx.o(RESET)
 <LI><a href="#[41]">UART4_IRQHandler</a> from startup_stm32f2xx.o(.text) referenced from startup_stm32f2xx.o(RESET)
 <LI><a href="#[42]">UART5_IRQHandler</a> from startup_stm32f2xx.o(.text) referenced from startup_stm32f2xx.o(RESET)
 <LI><a href="#[32]">USART1_IRQHandler</a> from tn_user.o(.text) referenced from startup_stm32f2xx.o(RESET)
 <LI><a href="#[33]">USART2_IRQHandler</a> from tn_user.o(.text) referenced from startup_stm32f2xx.o(RESET)
 <LI><a href="#[34]">USART3_IRQHandler</a> from tn_user.o(.text) referenced from startup_stm32f2xx.o(RESET)
 <LI><a href="#[54]">USART6_IRQHandler</a> from startup_stm32f2xx.o(.text) referenced from startup_stm32f2xx.o(RESET)
 <LI><a href="#[8]">UsageFault_Handler</a> from startup_stm32f2xx.o(.text) referenced from startup_stm32f2xx.o(RESET)
 <LI><a href="#[d]">WWDG_IRQHandler</a> from startup_stm32f2xx.o(.text) referenced from startup_stm32f2xx.o(RESET)
 <LI><a href="#[70]">__main</a> from __main.o(!!!main) referenced from startup_stm32f2xx.o(.text)
 <LI><a href="#[1b2]">btnMain_Menu</a> from winmain.o(.text) referenced from winmain.o(.text)
 <LI><a href="#[1b1]">btnMain_Plot</a> from winmain.o(.text) referenced from winmain.o(.text)
 <LI><a href="#[1b3]">btnUartCfg_OKClick</a> from winuartcfg.o(.text) referenced from winuartcfg.o(.text)
 <LI><a href="#[1c5]">plotCenter</a> from winplot.o(.text) referenced from winplot.o(.text)
 <LI><a href="#[1c2]">plotDown</a> from winplot.o(.text) referenced from winplot.o(.text)
 <LI><a href="#[1c7]">plotLeft</a> from winplot.o(.text) referenced from winplot.o(.text)
 <LI><a href="#[1c6]">plotRight</a> from winplot.o(.text) referenced from winplot.o(.text)
 <LI><a href="#[1c4]">plotUp</a> from winplot.o(.text) referenced from winplot.o(.text)
 <LI><a href="#[1a8]">task_appGUI_func</a> from appgui.o(.text) referenced from appgui.o(.text)
 <LI><a href="#[1a6]">task_uart_func</a> from tn_task_usart.o(.text) referenced from tn_task_usart.o(.text)
 <LI><a href="#[5f]">tn_idle_task_func</a> from tn.o(.text) referenced from tn.o(.text)
 <LI><a href="#[60]">tn_task_exit</a> from tn_tasks.o(.text) referenced from tn_port_cm3.o(.text)
 <LI><a href="#[5e]">tn_timer_task_func</a> from tn.o(.text) referenced from tn.o(.text)
</UL>
<P>
<H3>
Global Symbols
</H3>
<P><STRONG><a name="[70]"></a>__main</STRONG> (Thumb, 8 bytes, Stack size 0 bytes, __main.o(!!!main))
<BR><BR>[Calls]<UL><LI><a href="#[72]">&gt;&gt;</a>&nbsp;&nbsp;&nbsp;__rt_entry
<LI><a href="#[71]">&gt;&gt;</a>&nbsp;&nbsp;&nbsp;__scatterload
</UL>

<P><STRONG><a name="[71]"></a>__scatterload</STRONG> (Thumb, 0 bytes, Stack size unknown bytes, __scatter.o(!!!scatter))
<BR><BR>[Called By]<UL><LI><a href="#[70]">&gt;&gt;</a>&nbsp;&nbsp;&nbsp;__main
</UL>

<P><STRONG><a name="[73]"></a>__scatterload_rt2</STRONG> (Thumb, 44 bytes, Stack size unknown bytes, __scatter.o(!!!scatter), UNUSED)
<BR><BR>[Calls]<UL><LI><a href="#[72]">&gt;&gt;</a>&nbsp;&nbsp;&nbsp;__rt_entry
</UL>

<P><STRONG><a name="[1f8]"></a>__scatterload_rt2_thumb_only</STRONG> (Thumb, 0 bytes, Stack size unknown bytes, __scatter.o(!!!scatter), UNUSED)

<P><STRONG><a name="[1f9]"></a>__scatterload_null</STRONG> (Thumb, 0 bytes, Stack size unknown bytes, __scatter.o(!!!scatter), UNUSED)

<P><STRONG><a name="[1fa]"></a>__decompress</STRONG> (Thumb, 90 bytes, Stack size unknown bytes, __dczerorl2.o(!!dczerorl2), UNUSED)

<P><STRONG><a name="[1fb]"></a>__decompress1</STRONG> (Thumb, 0 bytes, Stack size unknown bytes, __dczerorl2.o(!!dczerorl2), UNUSED)

<P><STRONG><a name="[1fc]"></a>__scatterload_zeroinit</STRONG> (Thumb, 28 bytes, Stack size unknown bytes, __scatter_zi.o(!!handler_zi), UNUSED)

<P><STRONG><a name="[77]"></a>__rt_lib_init</STRONG> (Thumb, 0 bytes, Stack size unknown bytes, libinit.o(.ARM.Collect$$libinit$$00000000))
<BR><BR>[Called By]<UL><LI><a href="#[76]">&gt;&gt;</a>&nbsp;&nbsp;&nbsp;__rt_entry_li
</UL>

<P><STRONG><a name="[1fd]"></a>__rt_lib_init_alloca_1</STRONG> (Thumb, 0 bytes, Stack size unknown bytes, libinit2.o(.ARM.Collect$$libinit$$0000002E))

<P><STRONG><a name="[1fe]"></a>__rt_lib_init_argv_1</STRONG> (Thumb, 0 bytes, Stack size unknown bytes, libinit2.o(.ARM.Collect$$libinit$$0000002C))

<P><STRONG><a name="[1ff]"></a>__rt_lib_init_atexit_1</STRONG> (Thumb, 0 bytes, Stack size unknown bytes, libinit2.o(.ARM.Collect$$libinit$$0000001B))

<P><STRONG><a name="[200]"></a>__rt_lib_init_clock_1</STRONG> (Thumb, 0 bytes, Stack size unknown bytes, libinit2.o(.ARM.Collect$$libinit$$00000021))

<P><STRONG><a name="[201]"></a>__rt_lib_init_cpp_1</STRONG> (Thumb, 0 bytes, Stack size unknown bytes, libinit2.o(.ARM.Collect$$libinit$$00000032))

<P><STRONG><a name="[202]"></a>__rt_lib_init_exceptions_1</STRONG> (Thumb, 0 bytes, Stack size unknown bytes, libinit2.o(.ARM.Collect$$libinit$$00000030))

<P><STRONG><a name="[203]"></a>__rt_lib_init_fp_1</STRONG> (Thumb, 0 bytes, Stack size unknown bytes, libinit2.o(.ARM.Collect$$libinit$$00000002))

<P><STRONG><a name="[204]"></a>__rt_lib_init_fp_trap_1</STRONG> (Thumb, 0 bytes, Stack size unknown bytes, libinit2.o(.ARM.Collect$$libinit$$0000001F))

<P><STRONG><a name="[205]"></a>__rt_lib_init_getenv_1</STRONG> (Thumb, 0 bytes, Stack size unknown bytes, libinit2.o(.ARM.Collect$$libinit$$00000023))

<P><STRONG><a name="[206]"></a>__rt_lib_init_heap_1</STRONG> (Thumb, 0 bytes, Stack size unknown bytes, libinit2.o(.ARM.Collect$$libinit$$0000000A))

<P><STRONG><a name="[207]"></a>__rt_lib_init_lc_collate_1</STRONG> (Thumb, 0 bytes, Stack size unknown bytes, libinit2.o(.ARM.Collect$$libinit$$00000011))

<P><STRONG><a name="[208]"></a>__rt_lib_init_lc_ctype_1</STRONG> (Thumb, 0 bytes, Stack size unknown bytes, libinit2.o(.ARM.Collect$$libinit$$00000013))

<P><STRONG><a name="[209]"></a>__rt_lib_init_lc_monetary_1</STRONG> (Thumb, 0 bytes, Stack size unknown bytes, libinit2.o(.ARM.Collect$$libinit$$00000015))

<P><STRONG><a name="[20a]"></a>__rt_lib_init_lc_numeric_1</STRONG> (Thumb, 0 bytes, Stack size unknown bytes, libinit2.o(.ARM.Collect$$libinit$$00000017))

<P><STRONG><a name="[20b]"></a>__rt_lib_init_lc_time_1</STRONG> (Thumb, 0 bytes, Stack size unknown bytes, libinit2.o(.ARM.Collect$$libinit$$00000019))

<P><STRONG><a name="[20c]"></a>__rt_lib_init_preinit_1</STRONG> (Thumb, 0 bytes, Stack size unknown bytes, libinit2.o(.ARM.Collect$$libinit$$00000004))

<P><STRONG><a name="[20d]"></a>__rt_lib_init_rand_1</STRONG> (Thumb, 0 bytes, Stack size unknown bytes, libinit2.o(.ARM.Collect$$libinit$$0000000E))

<P><STRONG><a name="[20e]"></a>__rt_lib_init_return</STRONG> (Thumb, 0 bytes, Stack size unknown bytes, libinit2.o(.ARM.Collect$$libinit$$00000033))

<P><STRONG><a name="[20f]"></a>__rt_lib_init_signal_1</STRONG> (Thumb, 0 bytes, Stack size unknown bytes, libinit2.o(.ARM.Collect$$libinit$$0000001D))

<P><STRONG><a name="[210]"></a>__rt_lib_init_stdio_1</STRONG> (Thumb, 0 bytes, Stack size unknown bytes, libinit2.o(.ARM.Collect$$libinit$$00000025))

<P><STRONG><a name="[211]"></a>__rt_lib_init_user_alloc_1</STRONG> (Thumb, 0 bytes, Stack size unknown bytes, libinit2.o(.ARM.Collect$$libinit$$0000000C))

<P><STRONG><a name="[7c]"></a>__rt_lib_shutdown</STRONG> (Thumb, 0 bytes, Stack size unknown bytes, libshutdown.o(.ARM.Collect$$libshutdown$$00000000))
<BR><BR>[Called By]<UL><LI><a href="#[7b]">&gt;&gt;</a>&nbsp;&nbsp;&nbsp;__rt_exit_ls
</UL>

<P><STRONG><a name="[212]"></a>__rt_lib_shutdown_fp_trap_1</STRONG> (Thumb, 0 bytes, Stack size unknown bytes, libshutdown2.o(.ARM.Collect$$libshutdown$$00000006))

<P><STRONG><a name="[213]"></a>__rt_lib_shutdown_heap_1</STRONG> (Thumb, 0 bytes, Stack size unknown bytes, libshutdown2.o(.ARM.Collect$$libshutdown$$0000000E))

<P><STRONG><a name="[214]"></a>__rt_lib_shutdown_return</STRONG> (Thumb, 0 bytes, Stack size unknown bytes, libshutdown2.o(.ARM.Collect$$libshutdown$$0000000F))

<P><STRONG><a name="[215]"></a>__rt_lib_shutdown_signal_1</STRONG> (Thumb, 0 bytes, Stack size unknown bytes, libshutdown2.o(.ARM.Collect$$libshutdown$$00000009))

<P><STRONG><a name="[216]"></a>__rt_lib_shutdown_stdio_1</STRONG> (Thumb, 0 bytes, Stack size unknown bytes, libshutdown2.o(.ARM.Collect$$libshutdown$$00000003))

<P><STRONG><a name="[217]"></a>__rt_lib_shutdown_user_alloc_1</STRONG> (Thumb, 0 bytes, Stack size unknown bytes, libshutdown2.o(.ARM.Collect$$libshutdown$$0000000B))

<P><STRONG><a name="[72]"></a>__rt_entry</STRONG> (Thumb, 0 bytes, Stack size unknown bytes, __rtentry.o(.ARM.Collect$$rtentry$$00000000))
<BR><BR>[Called By]<UL><LI><a href="#[70]">&gt;&gt;</a>&nbsp;&nbsp;&nbsp;__main
<LI><a href="#[73]">&gt;&gt;</a>&nbsp;&nbsp;&nbsp;__scatterload_rt2
</UL>

<P><STRONG><a name="[218]"></a>__rt_entry_presh_1</STRONG> (Thumb, 0 bytes, Stack size unknown bytes, __rtentry2.o(.ARM.Collect$$rtentry$$00000002))

<P><STRONG><a name="[74]"></a>__rt_entry_sh</STRONG> (Thumb, 0 bytes, Stack size unknown bytes, __rtentry4.o(.ARM.Collect$$rtentry$$00000004))
<BR><BR>[Stack]<UL><LI>Max Depth = 8 + Unknown Stack Size
<LI>Call Chain = __rt_entry_sh &rArr; __user_setup_stackheap
</UL>
<BR>[Calls]<UL><LI><a href="#[75]">&gt;&gt;</a>&nbsp;&nbsp;&nbsp;__user_setup_stackheap
</UL>

<P><STRONG><a name="[76]"></a>__rt_entry_li</STRONG> (Thumb, 0 bytes, Stack size unknown bytes, __rtentry2.o(.ARM.Collect$$rtentry$$0000000A))
<BR><BR>[Calls]<UL><LI><a href="#[77]">&gt;&gt;</a>&nbsp;&nbsp;&nbsp;__rt_lib_init
</UL>

<P><STRONG><a name="[219]"></a>__rt_entry_postsh_1</STRONG> (Thumb, 0 bytes, Stack size unknown bytes, __rtentry2.o(.ARM.Collect$$rtentry$$00000009))

<P><STRONG><a name="[78]"></a>__rt_entry_main</STRONG> (Thumb, 0 bytes, Stack size unknown bytes, __rtentry2.o(.ARM.Collect$$rtentry$$0000000D))
<BR><BR>[Stack]<UL><LI>Max Depth = 96 + Unknown Stack Size
<LI>Call Chain = __rt_entry_main &rArr; main &rArr; tn_start_system &rArr; tn_task_create &rArr; task_to_runnable
</UL>
<BR>[Calls]<UL><LI><a href="#[79]">&gt;&gt;</a>&nbsp;&nbsp;&nbsp;main
<LI><a href="#[7a]">&gt;&gt;</a>&nbsp;&nbsp;&nbsp;exit
</UL>

<P><STRONG><a name="[21a]"></a>__rt_entry_postli_1</STRONG> (Thumb, 0 bytes, Stack size unknown bytes, __rtentry2.o(.ARM.Collect$$rtentry$$0000000C))

<P><STRONG><a name="[1cf]"></a>__rt_exit</STRONG> (Thumb, 0 bytes, Stack size unknown bytes, rtexit.o(.ARM.Collect$$rtexit$$00000000))
<BR><BR>[Called By]<UL><LI><a href="#[7a]">&gt;&gt;</a>&nbsp;&nbsp;&nbsp;exit
</UL>

<P><STRONG><a name="[7b]"></a>__rt_exit_ls</STRONG> (Thumb, 0 bytes, Stack size unknown bytes, rtexit2.o(.ARM.Collect$$rtexit$$00000003))
<BR><BR>[Calls]<UL><LI><a href="#[7c]">&gt;&gt;</a>&nbsp;&nbsp;&nbsp;__rt_lib_shutdown
</UL>

<P><STRONG><a name="[21b]"></a>__rt_exit_prels_1</STRONG> (Thumb, 0 bytes, Stack size unknown bytes, rtexit2.o(.ARM.Collect$$rtexit$$00000002))

<P><STRONG><a name="[7d]"></a>__rt_exit_exit</STRONG> (Thumb, 0 bytes, Stack size unknown bytes, rtexit2.o(.ARM.Collect$$rtexit$$00000004))
<BR><BR>[Calls]<UL><LI><a href="#[7e]">&gt;&gt;</a>&nbsp;&nbsp;&nbsp;_sys_exit
</UL>

<P><STRONG><a name="[87]"></a>tn_start_system</STRONG> (Thumb, 148 bytes, Stack size 24 bytes, tn.o(.text))
<BR><BR>[Stack]<UL><LI>Max Depth = 88 + Unknown Stack Size
<LI>Call Chain = tn_start_system &rArr; tn_task_create &rArr; task_to_runnable
</UL>
<BR>[Calls]<UL><LI><a href="#[89]">&gt;&gt;</a>&nbsp;&nbsp;&nbsp;tn_task_create
<LI><a href="#[8b]">&gt;&gt;</a>&nbsp;&nbsp;&nbsp;tn_start_exe
<LI><a href="#[8a]">&gt;&gt;</a>&nbsp;&nbsp;&nbsp;task_to_runnable
<LI><a href="#[88]">&gt;&gt;</a>&nbsp;&nbsp;&nbsp;queue_reset
</UL>
<BR>[Called By]<UL><LI><a href="#[79]">&gt;&gt;</a>&nbsp;&nbsp;&nbsp;main
</UL>

<P><STRONG><a name="[8c]"></a>tn_sys_tslice_ticks</STRONG> (Thumb, 66 bytes, Stack size 16 bytes, tn.o(.text), UNUSED)
<BR><BR>[Calls]<UL><LI><a href="#[8d]">&gt;&gt;</a>&nbsp;&nbsp;&nbsp;tn_inside_int
<LI><a href="#[7f]">&gt;&gt;</a>&nbsp;&nbsp;&nbsp;tn_cpu_save_sr
<LI><a href="#[80]">&gt;&gt;</a>&nbsp;&nbsp;&nbsp;tn_cpu_restore_sr
</UL>

<P><STRONG><a name="[8e]"></a>tn_tick_int_processing</STRONG> (Thumb, 188 bytes, Stack size 24 bytes, tn.o(.text))
<BR><BR>[Stack]<UL><LI>Max Depth = 24 + Unknown Stack Size
<LI>Call Chain = tn_tick_int_processing
</UL>
<BR>[Calls]<UL><LI><a href="#[8d]">&gt;&gt;</a>&nbsp;&nbsp;&nbsp;tn_inside_int
<LI><a href="#[7f]">&gt;&gt;</a>&nbsp;&nbsp;&nbsp;tn_cpu_save_sr
<LI><a href="#[80]">&gt;&gt;</a>&nbsp;&nbsp;&nbsp;tn_cpu_restore_sr
<LI><a href="#[90]">&gt;&gt;</a>&nbsp;&nbsp;&nbsp;queue_remove_tail
<LI><a href="#[83]">&gt;&gt;</a>&nbsp;&nbsp;&nbsp;queue_remove_entry
<LI><a href="#[92]">&gt;&gt;</a>&nbsp;&nbsp;&nbsp;queue_add_tail
<LI><a href="#[91]">&gt;&gt;</a>&nbsp;&nbsp;&nbsp;queue_add_head
<LI><a href="#[8f]">&gt;&gt;</a>&nbsp;&nbsp;&nbsp;is_queue_empty
</UL>
<BR>[Called By]<UL><LI><a href="#[c]">&gt;&gt;</a>&nbsp;&nbsp;&nbsp;SysTick_Handler
</UL>

<P><STRONG><a name="[93]"></a>tn_mutex_create</STRONG> (Thumb, 98 bytes, Stack size 16 bytes, tn_mutex.o(.text), UNUSED)
<BR><BR>[Calls]<UL><LI><a href="#[88]">&gt;&gt;</a>&nbsp;&nbsp;&nbsp;queue_reset
</UL>

<P><STRONG><a name="[95]"></a>find_max_blocked_priority</STRONG> (Thumb, 30 bytes, Stack size 12 bytes, tn_mutex.o(.text))
<BR><BR>[Stack]<UL><LI>Max Depth = 12<LI>Call Chain = find_max_blocked_priority
</UL>
<BR>[Called By]<UL><LI><a href="#[94]">&gt;&gt;</a>&nbsp;&nbsp;&nbsp;do_unlock_mutex
<LI><a href="#[84]">&gt;&gt;</a>&nbsp;&nbsp;&nbsp;task_wait_complete
</UL>

<P><STRONG><a name="[94]"></a>do_unlock_mutex</STRONG> (Thumb, 182 bytes, Stack size 24 bytes, tn_mutex.o(.text))
<BR><BR>[Stack]<UL><LI>Max Depth = 96<LI>Call Chain = do_unlock_mutex &rArr; task_wait_complete &rArr; set_current_priority &rArr; change_running_task_priority &rArr; find_next_task_to_run
</UL>
<BR>[Calls]<UL><LI><a href="#[96]">&gt;&gt;</a>&nbsp;&nbsp;&nbsp;change_running_task_priority
<LI><a href="#[95]">&gt;&gt;</a>&nbsp;&nbsp;&nbsp;find_max_blocked_priority
<LI><a href="#[97]">&gt;&gt;</a>&nbsp;&nbsp;&nbsp;queue_remove_head
<LI><a href="#[84]">&gt;&gt;</a>&nbsp;&nbsp;&nbsp;task_wait_complete
<LI><a href="#[83]">&gt;&gt;</a>&nbsp;&nbsp;&nbsp;queue_remove_entry
<LI><a href="#[92]">&gt;&gt;</a>&nbsp;&nbsp;&nbsp;queue_add_tail
<LI><a href="#[8f]">&gt;&gt;</a>&nbsp;&nbsp;&nbsp;is_queue_empty
</UL>
<BR>[Called By]<UL><LI><a href="#[ac]">&gt;&gt;</a>&nbsp;&nbsp;&nbsp;tn_task_terminate
<LI><a href="#[60]">&gt;&gt;</a>&nbsp;&nbsp;&nbsp;tn_task_exit
<LI><a href="#[9d]">&gt;&gt;</a>&nbsp;&nbsp;&nbsp;tn_mutex_unlock
<LI><a href="#[98]">&gt;&gt;</a>&nbsp;&nbsp;&nbsp;tn_mutex_delete
</UL>

<P><STRONG><a name="[98]"></a>tn_mutex_delete</STRONG> (Thumb, 160 bytes, Stack size 24 bytes, tn_mutex.o(.text), UNUSED)
<BR><BR>[Calls]<UL><LI><a href="#[94]">&gt;&gt;</a>&nbsp;&nbsp;&nbsp;do_unlock_mutex
<LI><a href="#[99]">&gt;&gt;</a>&nbsp;&nbsp;&nbsp;tn_chk_irq_disabled
<LI><a href="#[97]">&gt;&gt;</a>&nbsp;&nbsp;&nbsp;queue_remove_head
<LI><a href="#[86]">&gt;&gt;</a>&nbsp;&nbsp;&nbsp;tn_switch_context
<LI><a href="#[8d]">&gt;&gt;</a>&nbsp;&nbsp;&nbsp;tn_inside_int
<LI><a href="#[7f]">&gt;&gt;</a>&nbsp;&nbsp;&nbsp;tn_cpu_save_sr
<LI><a href="#[80]">&gt;&gt;</a>&nbsp;&nbsp;&nbsp;tn_cpu_restore_sr
<LI><a href="#[84]">&gt;&gt;</a>&nbsp;&nbsp;&nbsp;task_wait_complete
<LI><a href="#[88]">&gt;&gt;</a>&nbsp;&nbsp;&nbsp;queue_reset
<LI><a href="#[8f]">&gt;&gt;</a>&nbsp;&nbsp;&nbsp;is_queue_empty
</UL>

<P><STRONG><a name="[9a]"></a>tn_mutex_lock</STRONG> (Thumb, 290 bytes, Stack size 16 bytes, tn_mutex.o(.text), UNUSED)
<BR><BR>[Calls]<UL><LI><a href="#[9b]">&gt;&gt;</a>&nbsp;&nbsp;&nbsp;set_current_priority
<LI><a href="#[96]">&gt;&gt;</a>&nbsp;&nbsp;&nbsp;change_running_task_priority
<LI><a href="#[86]">&gt;&gt;</a>&nbsp;&nbsp;&nbsp;tn_switch_context
<LI><a href="#[8d]">&gt;&gt;</a>&nbsp;&nbsp;&nbsp;tn_inside_int
<LI><a href="#[7f]">&gt;&gt;</a>&nbsp;&nbsp;&nbsp;tn_cpu_save_sr
<LI><a href="#[80]">&gt;&gt;</a>&nbsp;&nbsp;&nbsp;tn_cpu_restore_sr
<LI><a href="#[85]">&gt;&gt;</a>&nbsp;&nbsp;&nbsp;task_curr_to_wait_action
<LI><a href="#[92]">&gt;&gt;</a>&nbsp;&nbsp;&nbsp;queue_add_tail
</UL>

<P><STRONG><a name="[9c]"></a>tn_mutex_lock_polling</STRONG> (Thumb, 160 bytes, Stack size 16 bytes, tn_mutex.o(.text), UNUSED)
<BR><BR>[Calls]<UL><LI><a href="#[96]">&gt;&gt;</a>&nbsp;&nbsp;&nbsp;change_running_task_priority
<LI><a href="#[8d]">&gt;&gt;</a>&nbsp;&nbsp;&nbsp;tn_inside_int
<LI><a href="#[7f]">&gt;&gt;</a>&nbsp;&nbsp;&nbsp;tn_cpu_save_sr
<LI><a href="#[80]">&gt;&gt;</a>&nbsp;&nbsp;&nbsp;tn_cpu_restore_sr
<LI><a href="#[92]">&gt;&gt;</a>&nbsp;&nbsp;&nbsp;queue_add_tail
</UL>

<P><STRONG><a name="[9d]"></a>tn_mutex_unlock</STRONG> (Thumb, 86 bytes, Stack size 16 bytes, tn_mutex.o(.text), UNUSED)
<BR><BR>[Calls]<UL><LI><a href="#[94]">&gt;&gt;</a>&nbsp;&nbsp;&nbsp;do_unlock_mutex
<LI><a href="#[86]">&gt;&gt;</a>&nbsp;&nbsp;&nbsp;tn_switch_context
<LI><a href="#[8d]">&gt;&gt;</a>&nbsp;&nbsp;&nbsp;tn_inside_int
<LI><a href="#[7f]">&gt;&gt;</a>&nbsp;&nbsp;&nbsp;tn_cpu_save_sr
<LI><a href="#[80]">&gt;&gt;</a>&nbsp;&nbsp;&nbsp;tn_cpu_restore_sr
</UL>

<P><STRONG><a name="[8a]"></a>task_to_runnable</STRONG> (Thumb, 56 bytes, Stack size 16 bytes, tn_tasks.o(.text))
<BR><BR>[Stack]<UL><LI>Max Depth = 16<LI>Call Chain = task_to_runnable
</UL>
<BR>[Calls]<UL><LI><a href="#[92]">&gt;&gt;</a>&nbsp;&nbsp;&nbsp;queue_add_tail
</UL>
<BR>[Called By]<UL><LI><a href="#[ac]">&gt;&gt;</a>&nbsp;&nbsp;&nbsp;tn_task_terminate
<LI><a href="#[60]">&gt;&gt;</a>&nbsp;&nbsp;&nbsp;tn_task_exit
<LI><a href="#[a8]">&gt;&gt;</a>&nbsp;&nbsp;&nbsp;tn_task_iactivate
<LI><a href="#[a7]">&gt;&gt;</a>&nbsp;&nbsp;&nbsp;tn_task_activate
<LI><a href="#[a3]">&gt;&gt;</a>&nbsp;&nbsp;&nbsp;tn_task_resume
<LI><a href="#[89]">&gt;&gt;</a>&nbsp;&nbsp;&nbsp;tn_task_create
<LI><a href="#[84]">&gt;&gt;</a>&nbsp;&nbsp;&nbsp;task_wait_complete
<LI><a href="#[87]">&gt;&gt;</a>&nbsp;&nbsp;&nbsp;tn_start_system
</UL>

<P><STRONG><a name="[9e]"></a>task_set_dormant_state</STRONG> (Thumb, 72 bytes, Stack size 8 bytes, tn_tasks.o(.text))
<BR><BR>[Stack]<UL><LI>Max Depth = 8<LI>Call Chain = task_set_dormant_state
</UL>
<BR>[Calls]<UL><LI><a href="#[88]">&gt;&gt;</a>&nbsp;&nbsp;&nbsp;queue_reset
</UL>
<BR>[Called By]<UL><LI><a href="#[ac]">&gt;&gt;</a>&nbsp;&nbsp;&nbsp;tn_task_terminate
<LI><a href="#[60]">&gt;&gt;</a>&nbsp;&nbsp;&nbsp;tn_task_exit
<LI><a href="#[89]">&gt;&gt;</a>&nbsp;&nbsp;&nbsp;tn_task_create
</UL>

<P><STRONG><a name="[89]"></a>tn_task_create</STRONG> (Thumb, 234 bytes, Stack size 48 bytes, tn_tasks.o(.text))
<BR><BR>[Stack]<UL><LI>Max Depth = 64 + Unknown Stack Size
<LI>Call Chain = tn_task_create &rArr; task_to_runnable
</UL>
<BR>[Calls]<UL><LI><a href="#[9f]">&gt;&gt;</a>&nbsp;&nbsp;&nbsp;tn_stack_init
<LI><a href="#[9e]">&gt;&gt;</a>&nbsp;&nbsp;&nbsp;task_set_dormant_state
<LI><a href="#[8d]">&gt;&gt;</a>&nbsp;&nbsp;&nbsp;tn_inside_int
<LI><a href="#[7f]">&gt;&gt;</a>&nbsp;&nbsp;&nbsp;tn_cpu_save_sr
<LI><a href="#[80]">&gt;&gt;</a>&nbsp;&nbsp;&nbsp;tn_cpu_restore_sr
<LI><a href="#[8a]">&gt;&gt;</a>&nbsp;&nbsp;&nbsp;task_to_runnable
<LI><a href="#[92]">&gt;&gt;</a>&nbsp;&nbsp;&nbsp;queue_add_tail
</UL>
<BR>[Called By]<UL><LI><a href="#[87]">&gt;&gt;</a>&nbsp;&nbsp;&nbsp;tn_start_system
<LI><a href="#[173]">&gt;&gt;</a>&nbsp;&nbsp;&nbsp;uart_task_create
<LI><a href="#[172]">&gt;&gt;</a>&nbsp;&nbsp;&nbsp;appGUI_task_create
</UL>

<P><STRONG><a name="[a1]"></a>find_next_task_to_run</STRONG> (Thumb, 48 bytes, Stack size 8 bytes, tn_tasks.o(.text))
<BR><BR>[Stack]<UL><LI>Max Depth = 8<LI>Call Chain = find_next_task_to_run
</UL>
<BR>[Called By]<UL><LI><a href="#[a0]">&gt;&gt;</a>&nbsp;&nbsp;&nbsp;task_to_non_runnable
<LI><a href="#[96]">&gt;&gt;</a>&nbsp;&nbsp;&nbsp;change_running_task_priority
</UL>

<P><STRONG><a name="[a0]"></a>task_to_non_runnable</STRONG> (Thumb, 64 bytes, Stack size 16 bytes, tn_tasks.o(.text))
<BR><BR>[Stack]<UL><LI>Max Depth = 24<LI>Call Chain = task_to_non_runnable &rArr; find_next_task_to_run
</UL>
<BR>[Calls]<UL><LI><a href="#[a1]">&gt;&gt;</a>&nbsp;&nbsp;&nbsp;find_next_task_to_run
<LI><a href="#[83]">&gt;&gt;</a>&nbsp;&nbsp;&nbsp;queue_remove_entry
<LI><a href="#[8f]">&gt;&gt;</a>&nbsp;&nbsp;&nbsp;is_queue_empty
</UL>
<BR>[Called By]<UL><LI><a href="#[ac]">&gt;&gt;</a>&nbsp;&nbsp;&nbsp;tn_task_terminate
<LI><a href="#[60]">&gt;&gt;</a>&nbsp;&nbsp;&nbsp;tn_task_exit
<LI><a href="#[a2]">&gt;&gt;</a>&nbsp;&nbsp;&nbsp;tn_task_suspend
<LI><a href="#[85]">&gt;&gt;</a>&nbsp;&nbsp;&nbsp;task_curr_to_wait_action
</UL>

<P><STRONG><a name="[a2]"></a>tn_task_suspend</STRONG> (Thumb, 122 bytes, Stack size 16 bytes, tn_tasks.o(.text), UNUSED)
<BR><BR>[Calls]<UL><LI><a href="#[a0]">&gt;&gt;</a>&nbsp;&nbsp;&nbsp;task_to_non_runnable
<LI><a href="#[86]">&gt;&gt;</a>&nbsp;&nbsp;&nbsp;tn_switch_context
<LI><a href="#[8d]">&gt;&gt;</a>&nbsp;&nbsp;&nbsp;tn_inside_int
<LI><a href="#[7f]">&gt;&gt;</a>&nbsp;&nbsp;&nbsp;tn_cpu_save_sr
<LI><a href="#[80]">&gt;&gt;</a>&nbsp;&nbsp;&nbsp;tn_cpu_restore_sr
</UL>

<P><STRONG><a name="[a3]"></a>tn_task_resume</STRONG> (Thumb, 110 bytes, Stack size 16 bytes, tn_tasks.o(.text), UNUSED)
<BR><BR>[Calls]<UL><LI><a href="#[86]">&gt;&gt;</a>&nbsp;&nbsp;&nbsp;tn_switch_context
<LI><a href="#[8d]">&gt;&gt;</a>&nbsp;&nbsp;&nbsp;tn_inside_int
<LI><a href="#[7f]">&gt;&gt;</a>&nbsp;&nbsp;&nbsp;tn_cpu_save_sr
<LI><a href="#[80]">&gt;&gt;</a>&nbsp;&nbsp;&nbsp;tn_cpu_restore_sr
<LI><a href="#[8a]">&gt;&gt;</a>&nbsp;&nbsp;&nbsp;task_to_runnable
</UL>

<P><STRONG><a name="[85]"></a>task_curr_to_wait_action</STRONG> (Thumb, 86 bytes, Stack size 16 bytes, tn_tasks.o(.text))
<BR><BR>[Stack]<UL><LI>Max Depth = 40<LI>Call Chain = task_curr_to_wait_action &rArr; task_to_non_runnable &rArr; find_next_task_to_run
</UL>
<BR>[Calls]<UL><LI><a href="#[a0]">&gt;&gt;</a>&nbsp;&nbsp;&nbsp;task_to_non_runnable
<LI><a href="#[88]">&gt;&gt;</a>&nbsp;&nbsp;&nbsp;queue_reset
<LI><a href="#[92]">&gt;&gt;</a>&nbsp;&nbsp;&nbsp;queue_add_tail
</UL>
<BR>[Called By]<UL><LI><a href="#[a4]">&gt;&gt;</a>&nbsp;&nbsp;&nbsp;tn_task_sleep
<LI><a href="#[9a]">&gt;&gt;</a>&nbsp;&nbsp;&nbsp;tn_mutex_lock
<LI><a href="#[5e]">&gt;&gt;</a>&nbsp;&nbsp;&nbsp;tn_timer_task_func
</UL>

<P><STRONG><a name="[a4]"></a>tn_task_sleep</STRONG> (Thumb, 92 bytes, Stack size 16 bytes, tn_tasks.o(.text))
<BR><BR>[Stack]<UL><LI>Max Depth = 56 + Unknown Stack Size
<LI>Call Chain = tn_task_sleep &rArr; task_curr_to_wait_action &rArr; task_to_non_runnable &rArr; find_next_task_to_run
</UL>
<BR>[Calls]<UL><LI><a href="#[86]">&gt;&gt;</a>&nbsp;&nbsp;&nbsp;tn_switch_context
<LI><a href="#[8d]">&gt;&gt;</a>&nbsp;&nbsp;&nbsp;tn_inside_int
<LI><a href="#[7f]">&gt;&gt;</a>&nbsp;&nbsp;&nbsp;tn_cpu_save_sr
<LI><a href="#[80]">&gt;&gt;</a>&nbsp;&nbsp;&nbsp;tn_cpu_restore_sr
<LI><a href="#[85]">&gt;&gt;</a>&nbsp;&nbsp;&nbsp;task_curr_to_wait_action
</UL>
<BR>[Called By]<UL><LI><a href="#[1a8]">&gt;&gt;</a>&nbsp;&nbsp;&nbsp;task_appGUI_func
<LI><a href="#[1a6]">&gt;&gt;</a>&nbsp;&nbsp;&nbsp;task_uart_func
</UL>

<P><STRONG><a name="[96]"></a>change_running_task_priority</STRONG> (Thumb, 76 bytes, Stack size 16 bytes, tn_tasks.o(.text))
<BR><BR>[Stack]<UL><LI>Max Depth = 24<LI>Call Chain = change_running_task_priority &rArr; find_next_task_to_run
</UL>
<BR>[Calls]<UL><LI><a href="#[a1]">&gt;&gt;</a>&nbsp;&nbsp;&nbsp;find_next_task_to_run
<LI><a href="#[83]">&gt;&gt;</a>&nbsp;&nbsp;&nbsp;queue_remove_entry
<LI><a href="#[92]">&gt;&gt;</a>&nbsp;&nbsp;&nbsp;queue_add_tail
<LI><a href="#[8f]">&gt;&gt;</a>&nbsp;&nbsp;&nbsp;is_queue_empty
</UL>
<BR>[Called By]<UL><LI><a href="#[ae]">&gt;&gt;</a>&nbsp;&nbsp;&nbsp;tn_task_change_priority
<LI><a href="#[9b]">&gt;&gt;</a>&nbsp;&nbsp;&nbsp;set_current_priority
<LI><a href="#[9c]">&gt;&gt;</a>&nbsp;&nbsp;&nbsp;tn_mutex_lock_polling
<LI><a href="#[9a]">&gt;&gt;</a>&nbsp;&nbsp;&nbsp;tn_mutex_lock
<LI><a href="#[94]">&gt;&gt;</a>&nbsp;&nbsp;&nbsp;do_unlock_mutex
</UL>

<P><STRONG><a name="[9b]"></a>set_current_priority</STRONG> (Thumb, 102 bytes, Stack size 16 bytes, tn_tasks.o(.text))
<BR><BR>[Stack]<UL><LI>Max Depth = 40<LI>Call Chain = set_current_priority &rArr; change_running_task_priority &rArr; find_next_task_to_run
</UL>
<BR>[Calls]<UL><LI><a href="#[96]">&gt;&gt;</a>&nbsp;&nbsp;&nbsp;change_running_task_priority
</UL>
<BR>[Called By]<UL><LI><a href="#[9a]">&gt;&gt;</a>&nbsp;&nbsp;&nbsp;tn_mutex_lock
<LI><a href="#[84]">&gt;&gt;</a>&nbsp;&nbsp;&nbsp;task_wait_complete
</UL>

<P><STRONG><a name="[84]"></a>task_wait_complete</STRONG> (Thumb, 150 bytes, Stack size 32 bytes, tn_tasks.o(.text))
<BR><BR>[Stack]<UL><LI>Max Depth = 72<LI>Call Chain = task_wait_complete &rArr; set_current_priority &rArr; change_running_task_priority &rArr; find_next_task_to_run
</UL>
<BR>[Calls]<UL><LI><a href="#[9b]">&gt;&gt;</a>&nbsp;&nbsp;&nbsp;set_current_priority
<LI><a href="#[95]">&gt;&gt;</a>&nbsp;&nbsp;&nbsp;find_max_blocked_priority
<LI><a href="#[8a]">&gt;&gt;</a>&nbsp;&nbsp;&nbsp;task_to_runnable
<LI><a href="#[83]">&gt;&gt;</a>&nbsp;&nbsp;&nbsp;queue_remove_entry
</UL>
<BR>[Called By]<UL><LI><a href="#[aa]">&gt;&gt;</a>&nbsp;&nbsp;&nbsp;tn_task_irelease_wait
<LI><a href="#[a9]">&gt;&gt;</a>&nbsp;&nbsp;&nbsp;tn_task_release_wait
<LI><a href="#[a6]">&gt;&gt;</a>&nbsp;&nbsp;&nbsp;tn_task_iwakeup
<LI><a href="#[a5]">&gt;&gt;</a>&nbsp;&nbsp;&nbsp;tn_task_wakeup
<LI><a href="#[98]">&gt;&gt;</a>&nbsp;&nbsp;&nbsp;tn_mutex_delete
<LI><a href="#[94]">&gt;&gt;</a>&nbsp;&nbsp;&nbsp;do_unlock_mutex
<LI><a href="#[5e]">&gt;&gt;</a>&nbsp;&nbsp;&nbsp;tn_timer_task_func
</UL>

<P><STRONG><a name="[a5]"></a>tn_task_wakeup</STRONG> (Thumb, 138 bytes, Stack size 16 bytes, tn_tasks.o(.text), UNUSED)
<BR><BR>[Calls]<UL><LI><a href="#[86]">&gt;&gt;</a>&nbsp;&nbsp;&nbsp;tn_switch_context
<LI><a href="#[8d]">&gt;&gt;</a>&nbsp;&nbsp;&nbsp;tn_inside_int
<LI><a href="#[7f]">&gt;&gt;</a>&nbsp;&nbsp;&nbsp;tn_cpu_save_sr
<LI><a href="#[80]">&gt;&gt;</a>&nbsp;&nbsp;&nbsp;tn_cpu_restore_sr
<LI><a href="#[84]">&gt;&gt;</a>&nbsp;&nbsp;&nbsp;task_wait_complete
</UL>

<P><STRONG><a name="[a6]"></a>tn_task_iwakeup</STRONG> (Thumb, 134 bytes, Stack size 16 bytes, tn_tasks.o(.text), UNUSED)
<BR><BR>[Calls]<UL><LI><a href="#[8d]">&gt;&gt;</a>&nbsp;&nbsp;&nbsp;tn_inside_int
<LI><a href="#[7f]">&gt;&gt;</a>&nbsp;&nbsp;&nbsp;tn_cpu_save_sr
<LI><a href="#[80]">&gt;&gt;</a>&nbsp;&nbsp;&nbsp;tn_cpu_restore_sr
<LI><a href="#[84]">&gt;&gt;</a>&nbsp;&nbsp;&nbsp;task_wait_complete
</UL>

<P><STRONG><a name="[a7]"></a>tn_task_activate</STRONG> (Thumb, 98 bytes, Stack size 16 bytes, tn_tasks.o(.text), UNUSED)
<BR><BR>[Calls]<UL><LI><a href="#[86]">&gt;&gt;</a>&nbsp;&nbsp;&nbsp;tn_switch_context
<LI><a href="#[8d]">&gt;&gt;</a>&nbsp;&nbsp;&nbsp;tn_inside_int
<LI><a href="#[7f]">&gt;&gt;</a>&nbsp;&nbsp;&nbsp;tn_cpu_save_sr
<LI><a href="#[80]">&gt;&gt;</a>&nbsp;&nbsp;&nbsp;tn_cpu_restore_sr
<LI><a href="#[8a]">&gt;&gt;</a>&nbsp;&nbsp;&nbsp;task_to_runnable
</UL>

<P><STRONG><a name="[a8]"></a>tn_task_iactivate</STRONG> (Thumb, 94 bytes, Stack size 16 bytes, tn_tasks.o(.text), UNUSED)
<BR><BR>[Calls]<UL><LI><a href="#[8d]">&gt;&gt;</a>&nbsp;&nbsp;&nbsp;tn_inside_int
<LI><a href="#[7f]">&gt;&gt;</a>&nbsp;&nbsp;&nbsp;tn_cpu_save_sr
<LI><a href="#[80]">&gt;&gt;</a>&nbsp;&nbsp;&nbsp;tn_cpu_restore_sr
<LI><a href="#[8a]">&gt;&gt;</a>&nbsp;&nbsp;&nbsp;task_to_runnable
</UL>

<P><STRONG><a name="[a9]"></a>tn_task_release_wait</STRONG> (Thumb, 100 bytes, Stack size 16 bytes, tn_tasks.o(.text), UNUSED)
<BR><BR>[Calls]<UL><LI><a href="#[86]">&gt;&gt;</a>&nbsp;&nbsp;&nbsp;tn_switch_context
<LI><a href="#[8d]">&gt;&gt;</a>&nbsp;&nbsp;&nbsp;tn_inside_int
<LI><a href="#[7f]">&gt;&gt;</a>&nbsp;&nbsp;&nbsp;tn_cpu_save_sr
<LI><a href="#[80]">&gt;&gt;</a>&nbsp;&nbsp;&nbsp;tn_cpu_restore_sr
<LI><a href="#[84]">&gt;&gt;</a>&nbsp;&nbsp;&nbsp;task_wait_complete
<LI><a href="#[83]">&gt;&gt;</a>&nbsp;&nbsp;&nbsp;queue_remove_entry
</UL>

<P><STRONG><a name="[aa]"></a>tn_task_irelease_wait</STRONG> (Thumb, 84 bytes, Stack size 16 bytes, tn_tasks.o(.text), UNUSED)
<BR><BR>[Calls]<UL><LI><a href="#[8d]">&gt;&gt;</a>&nbsp;&nbsp;&nbsp;tn_inside_int
<LI><a href="#[7f]">&gt;&gt;</a>&nbsp;&nbsp;&nbsp;tn_cpu_save_sr
<LI><a href="#[80]">&gt;&gt;</a>&nbsp;&nbsp;&nbsp;tn_cpu_restore_sr
<LI><a href="#[84]">&gt;&gt;</a>&nbsp;&nbsp;&nbsp;task_wait_complete
<LI><a href="#[83]">&gt;&gt;</a>&nbsp;&nbsp;&nbsp;queue_remove_entry
</UL>

<P><STRONG><a name="[60]"></a>tn_task_exit</STRONG> (Thumb, 158 bytes, Stack size 88 bytes, tn_tasks.o(.text))
<BR><BR>[Stack]<UL><LI>Max Depth = 184 + Unknown Stack Size
<LI>Call Chain = tn_task_exit &rArr; do_unlock_mutex &rArr; task_wait_complete &rArr; set_current_priority &rArr; change_running_task_priority &rArr; find_next_task_to_run
</UL>
<BR>[Calls]<UL><LI><a href="#[ab]">&gt;&gt;</a>&nbsp;&nbsp;&nbsp;tn_switch_context_exit
<LI><a href="#[9f]">&gt;&gt;</a>&nbsp;&nbsp;&nbsp;tn_stack_init
<LI><a href="#[a0]">&gt;&gt;</a>&nbsp;&nbsp;&nbsp;task_to_non_runnable
<LI><a href="#[9e]">&gt;&gt;</a>&nbsp;&nbsp;&nbsp;task_set_dormant_state
<LI><a href="#[94]">&gt;&gt;</a>&nbsp;&nbsp;&nbsp;do_unlock_mutex
<LI><a href="#[97]">&gt;&gt;</a>&nbsp;&nbsp;&nbsp;queue_remove_head
<LI><a href="#[8d]">&gt;&gt;</a>&nbsp;&nbsp;&nbsp;tn_inside_int
<LI><a href="#[7f]">&gt;&gt;</a>&nbsp;&nbsp;&nbsp;tn_cpu_save_sr
<LI><a href="#[8a]">&gt;&gt;</a>&nbsp;&nbsp;&nbsp;task_to_runnable
<LI><a href="#[83]">&gt;&gt;</a>&nbsp;&nbsp;&nbsp;queue_remove_entry
<LI><a href="#[8f]">&gt;&gt;</a>&nbsp;&nbsp;&nbsp;is_queue_empty
</UL>
<BR>[Address Reference Count : 1]<UL><LI> tn_port_cm3.o(.text)
</UL>
<P><STRONG><a name="[ac]"></a>tn_task_terminate</STRONG> (Thumb, 244 bytes, Stack size 96 bytes, tn_tasks.o(.text), UNUSED)
<BR><BR>[Calls]<UL><LI><a href="#[9f]">&gt;&gt;</a>&nbsp;&nbsp;&nbsp;tn_stack_init
<LI><a href="#[a0]">&gt;&gt;</a>&nbsp;&nbsp;&nbsp;task_to_non_runnable
<LI><a href="#[9e]">&gt;&gt;</a>&nbsp;&nbsp;&nbsp;task_set_dormant_state
<LI><a href="#[94]">&gt;&gt;</a>&nbsp;&nbsp;&nbsp;do_unlock_mutex
<LI><a href="#[97]">&gt;&gt;</a>&nbsp;&nbsp;&nbsp;queue_remove_head
<LI><a href="#[86]">&gt;&gt;</a>&nbsp;&nbsp;&nbsp;tn_switch_context
<LI><a href="#[8d]">&gt;&gt;</a>&nbsp;&nbsp;&nbsp;tn_inside_int
<LI><a href="#[7f]">&gt;&gt;</a>&nbsp;&nbsp;&nbsp;tn_cpu_save_sr
<LI><a href="#[80]">&gt;&gt;</a>&nbsp;&nbsp;&nbsp;tn_cpu_restore_sr
<LI><a href="#[8a]">&gt;&gt;</a>&nbsp;&nbsp;&nbsp;task_to_runnable
<LI><a href="#[83]">&gt;&gt;</a>&nbsp;&nbsp;&nbsp;queue_remove_entry
<LI><a href="#[8f]">&gt;&gt;</a>&nbsp;&nbsp;&nbsp;is_queue_empty
</UL>

<P><STRONG><a name="[ad]"></a>tn_task_delete</STRONG> (Thumb, 88 bytes, Stack size 16 bytes, tn_tasks.o(.text), UNUSED)
<BR><BR>[Calls]<UL><LI><a href="#[8d]">&gt;&gt;</a>&nbsp;&nbsp;&nbsp;tn_inside_int
<LI><a href="#[7f]">&gt;&gt;</a>&nbsp;&nbsp;&nbsp;tn_cpu_save_sr
<LI><a href="#[80]">&gt;&gt;</a>&nbsp;&nbsp;&nbsp;tn_cpu_restore_sr
<LI><a href="#[83]">&gt;&gt;</a>&nbsp;&nbsp;&nbsp;queue_remove_entry
</UL>

<P><STRONG><a name="[ae]"></a>tn_task_change_priority</STRONG> (Thumb, 122 bytes, Stack size 24 bytes, tn_tasks.o(.text), UNUSED)
<BR><BR>[Calls]<UL><LI><a href="#[96]">&gt;&gt;</a>&nbsp;&nbsp;&nbsp;change_running_task_priority
<LI><a href="#[86]">&gt;&gt;</a>&nbsp;&nbsp;&nbsp;tn_switch_context
<LI><a href="#[8d]">&gt;&gt;</a>&nbsp;&nbsp;&nbsp;tn_inside_int
<LI><a href="#[7f]">&gt;&gt;</a>&nbsp;&nbsp;&nbsp;tn_cpu_save_sr
<LI><a href="#[80]">&gt;&gt;</a>&nbsp;&nbsp;&nbsp;tn_cpu_restore_sr
</UL>

<P><STRONG><a name="[88]"></a>queue_reset</STRONG> (Thumb, 6 bytes, Stack size 0 bytes, tn_utils.o(.text))
<BR><BR>[Called By]<UL><LI><a href="#[9e]">&gt;&gt;</a>&nbsp;&nbsp;&nbsp;task_set_dormant_state
<LI><a href="#[98]">&gt;&gt;</a>&nbsp;&nbsp;&nbsp;tn_mutex_delete
<LI><a href="#[93]">&gt;&gt;</a>&nbsp;&nbsp;&nbsp;tn_mutex_create
<LI><a href="#[85]">&gt;&gt;</a>&nbsp;&nbsp;&nbsp;task_curr_to_wait_action
<LI><a href="#[87]">&gt;&gt;</a>&nbsp;&nbsp;&nbsp;tn_start_system
</UL>

<P><STRONG><a name="[8f]"></a>is_queue_empty</STRONG> (Thumb, 22 bytes, Stack size 0 bytes, tn_utils.o(.text))
<BR><BR>[Called By]<UL><LI><a href="#[ac]">&gt;&gt;</a>&nbsp;&nbsp;&nbsp;tn_task_terminate
<LI><a href="#[60]">&gt;&gt;</a>&nbsp;&nbsp;&nbsp;tn_task_exit
<LI><a href="#[a0]">&gt;&gt;</a>&nbsp;&nbsp;&nbsp;task_to_non_runnable
<LI><a href="#[96]">&gt;&gt;</a>&nbsp;&nbsp;&nbsp;change_running_task_priority
<LI><a href="#[98]">&gt;&gt;</a>&nbsp;&nbsp;&nbsp;tn_mutex_delete
<LI><a href="#[94]">&gt;&gt;</a>&nbsp;&nbsp;&nbsp;do_unlock_mutex
<LI><a href="#[8e]">&gt;&gt;</a>&nbsp;&nbsp;&nbsp;tn_tick_int_processing
</UL>

<P><STRONG><a name="[91]"></a>queue_add_head</STRONG> (Thumb, 14 bytes, Stack size 0 bytes, tn_utils.o(.text))
<BR><BR>[Called By]<UL><LI><a href="#[8e]">&gt;&gt;</a>&nbsp;&nbsp;&nbsp;tn_tick_int_processing
</UL>

<P><STRONG><a name="[92]"></a>queue_add_tail</STRONG> (Thumb, 14 bytes, Stack size 0 bytes, tn_utils.o(.text))
<BR><BR>[Called By]<UL><LI><a href="#[96]">&gt;&gt;</a>&nbsp;&nbsp;&nbsp;change_running_task_priority
<LI><a href="#[9c]">&gt;&gt;</a>&nbsp;&nbsp;&nbsp;tn_mutex_lock_polling
<LI><a href="#[9a]">&gt;&gt;</a>&nbsp;&nbsp;&nbsp;tn_mutex_lock
<LI><a href="#[94]">&gt;&gt;</a>&nbsp;&nbsp;&nbsp;do_unlock_mutex
<LI><a href="#[89]">&gt;&gt;</a>&nbsp;&nbsp;&nbsp;tn_task_create
<LI><a href="#[8a]">&gt;&gt;</a>&nbsp;&nbsp;&nbsp;task_to_runnable
<LI><a href="#[85]">&gt;&gt;</a>&nbsp;&nbsp;&nbsp;task_curr_to_wait_action
<LI><a href="#[8e]">&gt;&gt;</a>&nbsp;&nbsp;&nbsp;tn_tick_int_processing
</UL>

<P><STRONG><a name="[97]"></a>queue_remove_head</STRONG> (Thumb, 28 bytes, Stack size 0 bytes, tn_utils.o(.text))
<BR><BR>[Called By]<UL><LI><a href="#[ac]">&gt;&gt;</a>&nbsp;&nbsp;&nbsp;tn_task_terminate
<LI><a href="#[60]">&gt;&gt;</a>&nbsp;&nbsp;&nbsp;tn_task_exit
<LI><a href="#[98]">&gt;&gt;</a>&nbsp;&nbsp;&nbsp;tn_mutex_delete
<LI><a href="#[94]">&gt;&gt;</a>&nbsp;&nbsp;&nbsp;do_unlock_mutex
</UL>

<P><STRONG><a name="[90]"></a>queue_remove_tail</STRONG> (Thumb, 26 bytes, Stack size 0 bytes, tn_utils.o(.text))
<BR><BR>[Called By]<UL><LI><a href="#[8e]">&gt;&gt;</a>&nbsp;&nbsp;&nbsp;tn_tick_int_processing
</UL>

<P><STRONG><a name="[83]"></a>queue_remove_entry</STRONG> (Thumb, 14 bytes, Stack size 0 bytes, tn_utils.o(.text))
<BR><BR>[Called By]<UL><LI><a href="#[ad]">&gt;&gt;</a>&nbsp;&nbsp;&nbsp;tn_task_delete
<LI><a href="#[ac]">&gt;&gt;</a>&nbsp;&nbsp;&nbsp;tn_task_terminate
<LI><a href="#[60]">&gt;&gt;</a>&nbsp;&nbsp;&nbsp;tn_task_exit
<LI><a href="#[aa]">&gt;&gt;</a>&nbsp;&nbsp;&nbsp;tn_task_irelease_wait
<LI><a href="#[a9]">&gt;&gt;</a>&nbsp;&nbsp;&nbsp;tn_task_release_wait
<LI><a href="#[a0]">&gt;&gt;</a>&nbsp;&nbsp;&nbsp;task_to_non_runnable
<LI><a href="#[96]">&gt;&gt;</a>&nbsp;&nbsp;&nbsp;change_running_task_priority
<LI><a href="#[94]">&gt;&gt;</a>&nbsp;&nbsp;&nbsp;do_unlock_mutex
<LI><a href="#[84]">&gt;&gt;</a>&nbsp;&nbsp;&nbsp;task_wait_complete
<LI><a href="#[8e]">&gt;&gt;</a>&nbsp;&nbsp;&nbsp;tn_tick_int_processing
<LI><a href="#[5e]">&gt;&gt;</a>&nbsp;&nbsp;&nbsp;tn_timer_task_func
</UL>

<P><STRONG><a name="[21c]"></a>queue_contains_entry</STRONG> (Thumb, 26 bytes, Stack size 0 bytes, tn_utils.o(.text), UNUSED)

<P><STRONG><a name="[21d]"></a>dque_fifo_write</STRONG> (Thumb, 94 bytes, Stack size 8 bytes, tn_utils.o(.text), UNUSED)

<P><STRONG><a name="[21e]"></a>dque_fifo_read</STRONG> (Thumb, 70 bytes, Stack size 0 bytes, tn_utils.o(.text), UNUSED)

<P><STRONG><a name="[9f]"></a>tn_stack_init</STRONG> (Thumb, 130 bytes, Stack size 8 bytes, tn_port_cm3.o(.text))
<BR><BR>[Stack]<UL><LI>Max Depth = 8<LI>Call Chain = tn_stack_init
</UL>
<BR>[Called By]<UL><LI><a href="#[ac]">&gt;&gt;</a>&nbsp;&nbsp;&nbsp;tn_task_terminate
<LI><a href="#[60]">&gt;&gt;</a>&nbsp;&nbsp;&nbsp;tn_task_exit
<LI><a href="#[89]">&gt;&gt;</a>&nbsp;&nbsp;&nbsp;tn_task_create
</UL>

<P><STRONG><a name="[8b]"></a>tn_start_exe</STRONG> (Thumb, 0 bytes, Stack size unknown bytes, tn_port_cm3_armcc.o(.text))
<BR><BR>[Called By]<UL><LI><a href="#[87]">&gt;&gt;</a>&nbsp;&nbsp;&nbsp;tn_start_system
</UL>

<P><STRONG><a name="[b]"></a>PendSV_Handler</STRONG> (Thumb, 0 bytes, Stack size unknown bytes, tn_port_cm3_armcc.o(.text))
<BR>[Address Reference Count : 1]<UL><LI> startup_stm32f2xx.o(RESET)
</UL>
<P><STRONG><a name="[ab]"></a>tn_switch_context_exit</STRONG> (Thumb, 0 bytes, Stack size unknown bytes, tn_port_cm3_armcc.o(.text))
<BR><BR>[Called By]<UL><LI><a href="#[60]">&gt;&gt;</a>&nbsp;&nbsp;&nbsp;tn_task_exit
</UL>

<P><STRONG><a name="[86]"></a>tn_switch_context</STRONG> (Thumb, 0 bytes, Stack size unknown bytes, tn_port_cm3_armcc.o(.text))
<BR><BR>[Called By]<UL><LI><a href="#[ae]">&gt;&gt;</a>&nbsp;&nbsp;&nbsp;tn_task_change_priority
<LI><a href="#[ac]">&gt;&gt;</a>&nbsp;&nbsp;&nbsp;tn_task_terminate
<LI><a href="#[a9]">&gt;&gt;</a>&nbsp;&nbsp;&nbsp;tn_task_release_wait
<LI><a href="#[a7]">&gt;&gt;</a>&nbsp;&nbsp;&nbsp;tn_task_activate
<LI><a href="#[a5]">&gt;&gt;</a>&nbsp;&nbsp;&nbsp;tn_task_wakeup
<LI><a href="#[a4]">&gt;&gt;</a>&nbsp;&nbsp;&nbsp;tn_task_sleep
<LI><a href="#[a3]">&gt;&gt;</a>&nbsp;&nbsp;&nbsp;tn_task_resume
<LI><a href="#[a2]">&gt;&gt;</a>&nbsp;&nbsp;&nbsp;tn_task_suspend
<LI><a href="#[9d]">&gt;&gt;</a>&nbsp;&nbsp;&nbsp;tn_mutex_unlock
<LI><a href="#[9a]">&gt;&gt;</a>&nbsp;&nbsp;&nbsp;tn_mutex_lock
<LI><a href="#[98]">&gt;&gt;</a>&nbsp;&nbsp;&nbsp;tn_mutex_delete
<LI><a href="#[5e]">&gt;&gt;</a>&nbsp;&nbsp;&nbsp;tn_timer_task_func
</UL>

<P><STRONG><a name="[15d]"></a>tn_int_exit</STRONG> (Thumb, 0 bytes, Stack size unknown bytes, tn_port_cm3_armcc.o(.text))
<BR><BR>[Called By]<UL><LI><a href="#[32]">&gt;&gt;</a>&nbsp;&nbsp;&nbsp;USART1_IRQHandler
<LI><a href="#[33]">&gt;&gt;</a>&nbsp;&nbsp;&nbsp;USART2_IRQHandler
<LI><a href="#[34]">&gt;&gt;</a>&nbsp;&nbsp;&nbsp;USART3_IRQHandler
<LI><a href="#[53]">&gt;&gt;</a>&nbsp;&nbsp;&nbsp;DMA2_Stream7_IRQHandler
<LI><a href="#[51]">&gt;&gt;</a>&nbsp;&nbsp;&nbsp;DMA2_Stream5_IRQHandler
<LI><a href="#[1e]">&gt;&gt;</a>&nbsp;&nbsp;&nbsp;DMA1_Stream6_IRQHandler
<LI><a href="#[1d]">&gt;&gt;</a>&nbsp;&nbsp;&nbsp;DMA1_Stream5_IRQHandler
<LI><a href="#[1b]">&gt;&gt;</a>&nbsp;&nbsp;&nbsp;DMA1_Stream3_IRQHandler
<LI><a href="#[19]">&gt;&gt;</a>&nbsp;&nbsp;&nbsp;DMA1_Stream1_IRQHandler
<LI><a href="#[c]">&gt;&gt;</a>&nbsp;&nbsp;&nbsp;SysTick_Handler
<LI><a href="#[174]">&gt;&gt;</a>&nbsp;&nbsp;&nbsp;tn_calc_performance
<LI><a href="#[25]">&gt;&gt;</a>&nbsp;&nbsp;&nbsp;TIM1_BRK_TIM9_IRQHandler
</UL>

<P><STRONG><a name="[7f]"></a>tn_cpu_save_sr</STRONG> (Thumb, 0 bytes, Stack size unknown bytes, tn_port_cm3_armcc.o(.text))
<BR><BR>[Called By]<UL><LI><a href="#[ae]">&gt;&gt;</a>&nbsp;&nbsp;&nbsp;tn_task_change_priority
<LI><a href="#[ad]">&gt;&gt;</a>&nbsp;&nbsp;&nbsp;tn_task_delete
<LI><a href="#[ac]">&gt;&gt;</a>&nbsp;&nbsp;&nbsp;tn_task_terminate
<LI><a href="#[60]">&gt;&gt;</a>&nbsp;&nbsp;&nbsp;tn_task_exit
<LI><a href="#[aa]">&gt;&gt;</a>&nbsp;&nbsp;&nbsp;tn_task_irelease_wait
<LI><a href="#[a9]">&gt;&gt;</a>&nbsp;&nbsp;&nbsp;tn_task_release_wait
<LI><a href="#[a8]">&gt;&gt;</a>&nbsp;&nbsp;&nbsp;tn_task_iactivate
<LI><a href="#[a7]">&gt;&gt;</a>&nbsp;&nbsp;&nbsp;tn_task_activate
<LI><a href="#[a6]">&gt;&gt;</a>&nbsp;&nbsp;&nbsp;tn_task_iwakeup
<LI><a href="#[a5]">&gt;&gt;</a>&nbsp;&nbsp;&nbsp;tn_task_wakeup
<LI><a href="#[a4]">&gt;&gt;</a>&nbsp;&nbsp;&nbsp;tn_task_sleep
<LI><a href="#[a3]">&gt;&gt;</a>&nbsp;&nbsp;&nbsp;tn_task_resume
<LI><a href="#[a2]">&gt;&gt;</a>&nbsp;&nbsp;&nbsp;tn_task_suspend
<LI><a href="#[9d]">&gt;&gt;</a>&nbsp;&nbsp;&nbsp;tn_mutex_unlock
<LI><a href="#[9c]">&gt;&gt;</a>&nbsp;&nbsp;&nbsp;tn_mutex_lock_polling
<LI><a href="#[9a]">&gt;&gt;</a>&nbsp;&nbsp;&nbsp;tn_mutex_lock
<LI><a href="#[98]">&gt;&gt;</a>&nbsp;&nbsp;&nbsp;tn_mutex_delete
<LI><a href="#[89]">&gt;&gt;</a>&nbsp;&nbsp;&nbsp;tn_task_create
<LI><a href="#[8e]">&gt;&gt;</a>&nbsp;&nbsp;&nbsp;tn_tick_int_processing
<LI><a href="#[8c]">&gt;&gt;</a>&nbsp;&nbsp;&nbsp;tn_sys_tslice_ticks
<LI><a href="#[5e]">&gt;&gt;</a>&nbsp;&nbsp;&nbsp;tn_timer_task_func
<LI><a href="#[5f]">&gt;&gt;</a>&nbsp;&nbsp;&nbsp;tn_idle_task_func
</UL>

<P><STRONG><a name="[80]"></a>tn_cpu_restore_sr</STRONG> (Thumb, 0 bytes, Stack size unknown bytes, tn_port_cm3_armcc.o(.text))
<BR><BR>[Called By]<UL><LI><a href="#[ae]">&gt;&gt;</a>&nbsp;&nbsp;&nbsp;tn_task_change_priority
<LI><a href="#[ad]">&gt;&gt;</a>&nbsp;&nbsp;&nbsp;tn_task_delete
<LI><a href="#[ac]">&gt;&gt;</a>&nbsp;&nbsp;&nbsp;tn_task_terminate
<LI><a href="#[aa]">&gt;&gt;</a>&nbsp;&nbsp;&nbsp;tn_task_irelease_wait
<LI><a href="#[a9]">&gt;&gt;</a>&nbsp;&nbsp;&nbsp;tn_task_release_wait
<LI><a href="#[a8]">&gt;&gt;</a>&nbsp;&nbsp;&nbsp;tn_task_iactivate
<LI><a href="#[a7]">&gt;&gt;</a>&nbsp;&nbsp;&nbsp;tn_task_activate
<LI><a href="#[a6]">&gt;&gt;</a>&nbsp;&nbsp;&nbsp;tn_task_iwakeup
<LI><a href="#[a5]">&gt;&gt;</a>&nbsp;&nbsp;&nbsp;tn_task_wakeup
<LI><a href="#[a4]">&gt;&gt;</a>&nbsp;&nbsp;&nbsp;tn_task_sleep
<LI><a href="#[a3]">&gt;&gt;</a>&nbsp;&nbsp;&nbsp;tn_task_resume
<LI><a href="#[a2]">&gt;&gt;</a>&nbsp;&nbsp;&nbsp;tn_task_suspend
<LI><a href="#[9d]">&gt;&gt;</a>&nbsp;&nbsp;&nbsp;tn_mutex_unlock
<LI><a href="#[9c]">&gt;&gt;</a>&nbsp;&nbsp;&nbsp;tn_mutex_lock_polling
<LI><a href="#[9a]">&gt;&gt;</a>&nbsp;&nbsp;&nbsp;tn_mutex_lock
<LI><a href="#[98]">&gt;&gt;</a>&nbsp;&nbsp;&nbsp;tn_mutex_delete
<LI><a href="#[89]">&gt;&gt;</a>&nbsp;&nbsp;&nbsp;tn_task_create
<LI><a href="#[8e]">&gt;&gt;</a>&nbsp;&nbsp;&nbsp;tn_tick_int_processing
<LI><a href="#[8c]">&gt;&gt;</a>&nbsp;&nbsp;&nbsp;tn_sys_tslice_ticks
<LI><a href="#[5e]">&gt;&gt;</a>&nbsp;&nbsp;&nbsp;tn_timer_task_func
<LI><a href="#[5f]">&gt;&gt;</a>&nbsp;&nbsp;&nbsp;tn_idle_task_func
</UL>

<P><STRONG><a name="[99]"></a>tn_chk_irq_disabled</STRONG> (Thumb, 0 bytes, Stack size unknown bytes, tn_port_cm3_armcc.o(.text), UNUSED)
<BR><BR>[Called By]<UL><LI><a href="#[98]">&gt;&gt;</a>&nbsp;&nbsp;&nbsp;tn_mutex_delete
</UL>

<P><STRONG><a name="[21f]"></a>ffs_asm</STRONG> (Thumb, 0 bytes, Stack size unknown bytes, tn_port_cm3_armcc.o(.text), UNUSED)

<P><STRONG><a name="[220]"></a>NVIC_PriorityGroupConfig</STRONG> (Thumb, 10 bytes, Stack size 0 bytes, misc.o(.text), UNUSED)

<P><STRONG><a name="[154]"></a>NVIC_Init</STRONG> (Thumb, 106 bytes, Stack size 16 bytes, misc.o(.text), UNUSED)
<BR><BR>[Called By]<UL><LI><a href="#[14f]">&gt;&gt;</a>&nbsp;&nbsp;&nbsp;Beeper_Init
<LI><a href="#[19d]">&gt;&gt;</a>&nbsp;&nbsp;&nbsp;NVIC_cfg
</UL>

<P><STRONG><a name="[221]"></a>NVIC_SetVectorTable</STRONG> (Thumb, 14 bytes, Stack size 0 bytes, misc.o(.text), UNUSED)

<P><STRONG><a name="[222]"></a>NVIC_SystemLPConfig</STRONG> (Thumb, 34 bytes, Stack size 0 bytes, misc.o(.text), UNUSED)

<P><STRONG><a name="[223]"></a>SysTick_CLKSourceConfig</STRONG> (Thumb, 40 bytes, Stack size 0 bytes, misc.o(.text), UNUSED)

<P><STRONG><a name="[224]"></a>DMA_DeInit</STRONG> (Thumb, 324 bytes, Stack size 0 bytes, stm32f2xx_dma.o(.text), UNUSED)

<P><STRONG><a name="[192]"></a>DMA_Init</STRONG> (Thumb, 82 bytes, Stack size 8 bytes, stm32f2xx_dma.o(.text), UNUSED)
<BR><BR>[Called By]<UL><LI><a href="#[191]">&gt;&gt;</a>&nbsp;&nbsp;&nbsp;ADC_cfg
</UL>

<P><STRONG><a name="[225]"></a>DMA_StructInit</STRONG> (Thumb, 34 bytes, Stack size 0 bytes, stm32f2xx_dma.o(.text), UNUSED)

<P><STRONG><a name="[176]"></a>DMA_Cmd</STRONG> (Thumb, 22 bytes, Stack size 0 bytes, stm32f2xx_dma.o(.text))
<BR><BR>[Called By]<UL><LI><a href="#[19]">&gt;&gt;</a>&nbsp;&nbsp;&nbsp;DMA1_Stream1_IRQHandler
<LI><a href="#[191]">&gt;&gt;</a>&nbsp;&nbsp;&nbsp;ADC_cfg
</UL>

<P><STRONG><a name="[226]"></a>DMA_PeriphIncOffsetSizeConfig</STRONG> (Thumb, 22 bytes, Stack size 0 bytes, stm32f2xx_dma.o(.text), UNUSED)

<P><STRONG><a name="[227]"></a>DMA_FlowControllerConfig</STRONG> (Thumb, 22 bytes, Stack size 0 bytes, stm32f2xx_dma.o(.text), UNUSED)

<P><STRONG><a name="[177]"></a>DMA_SetCurrDataCounter</STRONG> (Thumb, 4 bytes, Stack size 0 bytes, stm32f2xx_dma.o(.text))
<BR><BR>[Called By]<UL><LI><a href="#[19]">&gt;&gt;</a>&nbsp;&nbsp;&nbsp;DMA1_Stream1_IRQHandler
</UL>

<P><STRONG><a name="[1a7]"></a>DMA_GetCurrDataCounter</STRONG> (Thumb, 8 bytes, Stack size 0 bytes, stm32f2xx_dma.o(.text))
<BR><BR>[Called By]<UL><LI><a href="#[1a6]">&gt;&gt;</a>&nbsp;&nbsp;&nbsp;task_uart_func
</UL>

<P><STRONG><a name="[228]"></a>DMA_DoubleBufferModeConfig</STRONG> (Thumb, 24 bytes, Stack size 0 bytes, stm32f2xx_dma.o(.text), UNUSED)

<P><STRONG><a name="[229]"></a>DMA_DoubleBufferModeCmd</STRONG> (Thumb, 22 bytes, Stack size 0 bytes, stm32f2xx_dma.o(.text), UNUSED)

<P><STRONG><a name="[22a]"></a>DMA_MemoryTargetConfig</STRONG> (Thumb, 10 bytes, Stack size 0 bytes, stm32f2xx_dma.o(.text), UNUSED)

<P><STRONG><a name="[22b]"></a>DMA_GetCurrentMemoryTarget</STRONG> (Thumb, 20 bytes, Stack size 0 bytes, stm32f2xx_dma.o(.text), UNUSED)

<P><STRONG><a name="[22c]"></a>DMA_GetCmdStatus</STRONG> (Thumb, 20 bytes, Stack size 0 bytes, stm32f2xx_dma.o(.text), UNUSED)

<P><STRONG><a name="[22d]"></a>DMA_GetFIFOStatus</STRONG> (Thumb, 12 bytes, Stack size 0 bytes, stm32f2xx_dma.o(.text), UNUSED)

<P><STRONG><a name="[22e]"></a>DMA_GetFlagStatus</STRONG> (Thumb, 56 bytes, Stack size 12 bytes, stm32f2xx_dma.o(.text), UNUSED)

<P><STRONG><a name="[175]"></a>DMA_ClearFlag</STRONG> (Thumb, 40 bytes, Stack size 0 bytes, stm32f2xx_dma.o(.text))
<BR><BR>[Called By]<UL><LI><a href="#[53]">&gt;&gt;</a>&nbsp;&nbsp;&nbsp;DMA2_Stream7_IRQHandler
<LI><a href="#[51]">&gt;&gt;</a>&nbsp;&nbsp;&nbsp;DMA2_Stream5_IRQHandler
<LI><a href="#[1e]">&gt;&gt;</a>&nbsp;&nbsp;&nbsp;DMA1_Stream6_IRQHandler
<LI><a href="#[1d]">&gt;&gt;</a>&nbsp;&nbsp;&nbsp;DMA1_Stream5_IRQHandler
<LI><a href="#[1b]">&gt;&gt;</a>&nbsp;&nbsp;&nbsp;DMA1_Stream3_IRQHandler
<LI><a href="#[19]">&gt;&gt;</a>&nbsp;&nbsp;&nbsp;DMA1_Stream1_IRQHandler
</UL>

<P><STRONG><a name="[22f]"></a>DMA_ITConfig</STRONG> (Thumb, 58 bytes, Stack size 8 bytes, stm32f2xx_dma.o(.text), UNUSED)

<P><STRONG><a name="[230]"></a>DMA_GetITStatus</STRONG> (Thumb, 84 bytes, Stack size 16 bytes, stm32f2xx_dma.o(.text), UNUSED)

<P><STRONG><a name="[231]"></a>DMA_ClearITPendingBit</STRONG> (Thumb, 40 bytes, Stack size 0 bytes, stm32f2xx_dma.o(.text), UNUSED)

<P><STRONG><a name="[189]"></a>FLASH_SetLatency</STRONG> (Thumb, 6 bytes, Stack size 0 bytes, stm32f2xx_flash.o(.text))
<BR><BR>[Called By]<UL><LI><a href="#[184]">&gt;&gt;</a>&nbsp;&nbsp;&nbsp;RCC_Configuration
</UL>

<P><STRONG><a name="[188]"></a>FLASH_PrefetchBufferCmd</STRONG> (Thumb, 30 bytes, Stack size 0 bytes, stm32f2xx_flash.o(.text))
<BR><BR>[Called By]<UL><LI><a href="#[184]">&gt;&gt;</a>&nbsp;&nbsp;&nbsp;RCC_Configuration
</UL>

<P><STRONG><a name="[232]"></a>FLASH_InstructionCacheCmd</STRONG> (Thumb, 30 bytes, Stack size 0 bytes, stm32f2xx_flash.o(.text), UNUSED)

<P><STRONG><a name="[233]"></a>FLASH_DataCacheCmd</STRONG> (Thumb, 30 bytes, Stack size 0 bytes, stm32f2xx_flash.o(.text), UNUSED)

<P><STRONG><a name="[234]"></a>FLASH_InstructionCacheReset</STRONG> (Thumb, 14 bytes, Stack size 0 bytes, stm32f2xx_flash.o(.text), UNUSED)

<P><STRONG><a name="[235]"></a>FLASH_DataCacheReset</STRONG> (Thumb, 14 bytes, Stack size 0 bytes, stm32f2xx_flash.o(.text), UNUSED)

<P><STRONG><a name="[100]"></a>FLASH_Unlock</STRONG> (Thumb, 26 bytes, Stack size 0 bytes, stm32f2xx_flash.o(.text))
<BR><BR>[Called By]<UL><LI><a href="#[ff]">&gt;&gt;</a>&nbsp;&nbsp;&nbsp;EE_WriteBuf
</UL>

<P><STRONG><a name="[102]"></a>FLASH_Lock</STRONG> (Thumb, 18 bytes, Stack size 0 bytes, stm32f2xx_flash.o(.text))
<BR><BR>[Called By]<UL><LI><a href="#[ff]">&gt;&gt;</a>&nbsp;&nbsp;&nbsp;EE_WriteBuf
</UL>

<P><STRONG><a name="[b0]"></a>FLASH_GetStatus</STRONG> (Thumb, 74 bytes, Stack size 0 bytes, stm32f2xx_flash.o(.text))
<BR><BR>[Called By]<UL><LI><a href="#[af]">&gt;&gt;</a>&nbsp;&nbsp;&nbsp;FLASH_WaitForLastOperation
</UL>

<P><STRONG><a name="[af]"></a>FLASH_WaitForLastOperation</STRONG> (Thumb, 34 bytes, Stack size 8 bytes, stm32f2xx_flash.o(.text))
<BR><BR>[Stack]<UL><LI>Max Depth = 8<LI>Call Chain = FLASH_WaitForLastOperation
</UL>
<BR>[Calls]<UL><LI><a href="#[b0]">&gt;&gt;</a>&nbsp;&nbsp;&nbsp;FLASH_GetStatus
</UL>
<BR>[Called By]<UL><LI><a href="#[ba]">&gt;&gt;</a>&nbsp;&nbsp;&nbsp;FLASH_OB_Launch
<LI><a href="#[b9]">&gt;&gt;</a>&nbsp;&nbsp;&nbsp;FLASH_OB_UserConfig
<LI><a href="#[b8]">&gt;&gt;</a>&nbsp;&nbsp;&nbsp;FLASH_OB_RDPConfig
<LI><a href="#[b7]">&gt;&gt;</a>&nbsp;&nbsp;&nbsp;FLASH_OB_WRPConfig
<LI><a href="#[b6]">&gt;&gt;</a>&nbsp;&nbsp;&nbsp;FLASH_ProgramByte
<LI><a href="#[b5]">&gt;&gt;</a>&nbsp;&nbsp;&nbsp;FLASH_ProgramHalfWord
<LI><a href="#[b4]">&gt;&gt;</a>&nbsp;&nbsp;&nbsp;FLASH_ProgramWord
<LI><a href="#[b3]">&gt;&gt;</a>&nbsp;&nbsp;&nbsp;FLASH_ProgramDoubleWord
<LI><a href="#[b2]">&gt;&gt;</a>&nbsp;&nbsp;&nbsp;FLASH_EraseAllSectors
<LI><a href="#[b1]">&gt;&gt;</a>&nbsp;&nbsp;&nbsp;FLASH_EraseSector
</UL>

<P><STRONG><a name="[b1]"></a>FLASH_EraseSector</STRONG> (Thumb, 140 bytes, Stack size 16 bytes, stm32f2xx_flash.o(.text))
<BR><BR>[Stack]<UL><LI>Max Depth = 24<LI>Call Chain = FLASH_EraseSector &rArr; FLASH_WaitForLastOperation
</UL>
<BR>[Calls]<UL><LI><a href="#[af]">&gt;&gt;</a>&nbsp;&nbsp;&nbsp;FLASH_WaitForLastOperation
</UL>
<BR>[Called By]<UL><LI><a href="#[ff]">&gt;&gt;</a>&nbsp;&nbsp;&nbsp;EE_WriteBuf
</UL>

<P><STRONG><a name="[b2]"></a>FLASH_EraseAllSectors</STRONG> (Thumb, 112 bytes, Stack size 12 bytes, stm32f2xx_flash.o(.text), UNUSED)
<BR><BR>[Calls]<UL><LI><a href="#[af]">&gt;&gt;</a>&nbsp;&nbsp;&nbsp;FLASH_WaitForLastOperation
</UL>

<P><STRONG><a name="[b3]"></a>FLASH_ProgramDoubleWord</STRONG> (Thumb, 86 bytes, Stack size 16 bytes, stm32f2xx_flash.o(.text), UNUSED)
<BR><BR>[Calls]<UL><LI><a href="#[af]">&gt;&gt;</a>&nbsp;&nbsp;&nbsp;FLASH_WaitForLastOperation
</UL>

<P><STRONG><a name="[b4]"></a>FLASH_ProgramWord</STRONG> (Thumb, 82 bytes, Stack size 12 bytes, stm32f2xx_flash.o(.text), UNUSED)
<BR><BR>[Calls]<UL><LI><a href="#[af]">&gt;&gt;</a>&nbsp;&nbsp;&nbsp;FLASH_WaitForLastOperation
</UL>

<P><STRONG><a name="[b5]"></a>FLASH_ProgramHalfWord</STRONG> (Thumb, 82 bytes, Stack size 12 bytes, stm32f2xx_flash.o(.text))
<BR><BR>[Stack]<UL><LI>Max Depth = 20<LI>Call Chain = FLASH_ProgramHalfWord &rArr; FLASH_WaitForLastOperation
</UL>
<BR>[Calls]<UL><LI><a href="#[af]">&gt;&gt;</a>&nbsp;&nbsp;&nbsp;FLASH_WaitForLastOperation
</UL>
<BR>[Called By]<UL><LI><a href="#[ff]">&gt;&gt;</a>&nbsp;&nbsp;&nbsp;EE_WriteBuf
</UL>

<P><STRONG><a name="[b6]"></a>FLASH_ProgramByte</STRONG> (Thumb, 78 bytes, Stack size 12 bytes, stm32f2xx_flash.o(.text), UNUSED)
<BR><BR>[Calls]<UL><LI><a href="#[af]">&gt;&gt;</a>&nbsp;&nbsp;&nbsp;FLASH_WaitForLastOperation
</UL>

<P><STRONG><a name="[236]"></a>FLASH_OB_Unlock</STRONG> (Thumb, 26 bytes, Stack size 0 bytes, stm32f2xx_flash.o(.text), UNUSED)

<P><STRONG><a name="[237]"></a>FLASH_OB_Lock</STRONG> (Thumb, 18 bytes, Stack size 0 bytes, stm32f2xx_flash.o(.text), UNUSED)

<P><STRONG><a name="[b7]"></a>FLASH_OB_WRPConfig</STRONG> (Thumb, 54 bytes, Stack size 12 bytes, stm32f2xx_flash.o(.text), UNUSED)
<BR><BR>[Calls]<UL><LI><a href="#[af]">&gt;&gt;</a>&nbsp;&nbsp;&nbsp;FLASH_WaitForLastOperation
</UL>

<P><STRONG><a name="[b8]"></a>FLASH_OB_RDPConfig</STRONG> (Thumb, 24 bytes, Stack size 8 bytes, stm32f2xx_flash.o(.text), UNUSED)
<BR><BR>[Calls]<UL><LI><a href="#[af]">&gt;&gt;</a>&nbsp;&nbsp;&nbsp;FLASH_WaitForLastOperation
</UL>

<P><STRONG><a name="[b9]"></a>FLASH_OB_UserConfig</STRONG> (Thumb, 68 bytes, Stack size 20 bytes, stm32f2xx_flash.o(.text), UNUSED)
<BR><BR>[Calls]<UL><LI><a href="#[af]">&gt;&gt;</a>&nbsp;&nbsp;&nbsp;FLASH_WaitForLastOperation
</UL>

<P><STRONG><a name="[238]"></a>FLASH_OB_BORConfig</STRONG> (Thumb, 22 bytes, Stack size 0 bytes, stm32f2xx_flash.o(.text), UNUSED)

<P><STRONG><a name="[ba]"></a>FLASH_OB_Launch</STRONG> (Thumb, 26 bytes, Stack size 4 bytes, stm32f2xx_flash.o(.text), UNUSED)
<BR><BR>[Calls]<UL><LI><a href="#[af]">&gt;&gt;</a>&nbsp;&nbsp;&nbsp;FLASH_WaitForLastOperation
</UL>

<P><STRONG><a name="[239]"></a>FLASH_OB_GetUser</STRONG> (Thumb, 10 bytes, Stack size 0 bytes, stm32f2xx_flash.o(.text), UNUSED)

<P><STRONG><a name="[23a]"></a>FLASH_OB_GetWRP</STRONG> (Thumb, 8 bytes, Stack size 0 bytes, stm32f2xx_flash.o(.text), UNUSED)

<P><STRONG><a name="[23b]"></a>FLASH_OB_GetRDP</STRONG> (Thumb, 20 bytes, Stack size 0 bytes, stm32f2xx_flash.o(.text), UNUSED)

<P><STRONG><a name="[23c]"></a>FLASH_OB_GetBOR</STRONG> (Thumb, 10 bytes, Stack size 0 bytes, stm32f2xx_flash.o(.text), UNUSED)

<P><STRONG><a name="[23d]"></a>FLASH_ITConfig</STRONG> (Thumb, 34 bytes, Stack size 0 bytes, stm32f2xx_flash.o(.text), UNUSED)

<P><STRONG><a name="[23e]"></a>FLASH_GetFlagStatus</STRONG> (Thumb, 22 bytes, Stack size 0 bytes, stm32f2xx_flash.o(.text), UNUSED)

<P><STRONG><a name="[101]"></a>FLASH_ClearFlag</STRONG> (Thumb, 8 bytes, Stack size 0 bytes, stm32f2xx_flash.o(.text))
<BR><BR>[Called By]<UL><LI><a href="#[ff]">&gt;&gt;</a>&nbsp;&nbsp;&nbsp;EE_WriteBuf
</UL>

<P><STRONG><a name="[23f]"></a>FSMC_NORSRAMDeInit</STRONG> (Thumb, 54 bytes, Stack size 0 bytes, stm32f2xx_fsmc.o(.text), UNUSED)

<P><STRONG><a name="[162]"></a>FSMC_NORSRAMInit</STRONG> (Thumb, 230 bytes, Stack size 0 bytes, stm32f2xx_fsmc.o(.text))
<BR><BR>[Called By]<UL><LI><a href="#[ef]">&gt;&gt;</a>&nbsp;&nbsp;&nbsp;LCD_FSMCConfig
</UL>

<P><STRONG><a name="[240]"></a>FSMC_NORSRAMStructInit</STRONG> (Thumb, 114 bytes, Stack size 0 bytes, stm32f2xx_fsmc.o(.text), UNUSED)

<P><STRONG><a name="[163]"></a>FSMC_NORSRAMCmd</STRONG> (Thumb, 46 bytes, Stack size 0 bytes, stm32f2xx_fsmc.o(.text))
<BR><BR>[Called By]<UL><LI><a href="#[ef]">&gt;&gt;</a>&nbsp;&nbsp;&nbsp;LCD_FSMCConfig
</UL>

<P><STRONG><a name="[241]"></a>FSMC_NANDDeInit</STRONG> (Thumb, 62 bytes, Stack size 0 bytes, stm32f2xx_fsmc.o(.text), UNUSED)

<P><STRONG><a name="[242]"></a>FSMC_NANDInit</STRONG> (Thumb, 132 bytes, Stack size 12 bytes, stm32f2xx_fsmc.o(.text), UNUSED)

<P><STRONG><a name="[243]"></a>FSMC_NANDStructInit</STRONG> (Thumb, 54 bytes, Stack size 0 bytes, stm32f2xx_fsmc.o(.text), UNUSED)

<P><STRONG><a name="[244]"></a>FSMC_NANDCmd</STRONG> (Thumb, 86 bytes, Stack size 0 bytes, stm32f2xx_fsmc.o(.text), UNUSED)

<P><STRONG><a name="[245]"></a>FSMC_NANDECCCmd</STRONG> (Thumb, 86 bytes, Stack size 0 bytes, stm32f2xx_fsmc.o(.text), UNUSED)

<P><STRONG><a name="[246]"></a>FSMC_GetECC</STRONG> (Thumb, 24 bytes, Stack size 0 bytes, stm32f2xx_fsmc.o(.text), UNUSED)

<P><STRONG><a name="[247]"></a>FSMC_PCCARDDeInit</STRONG> (Thumb, 36 bytes, Stack size 0 bytes, stm32f2xx_fsmc.o(.text), UNUSED)

<P><STRONG><a name="[248]"></a>FSMC_PCCARDInit</STRONG> (Thumb, 130 bytes, Stack size 0 bytes, stm32f2xx_fsmc.o(.text), UNUSED)

<P><STRONG><a name="[249]"></a>FSMC_PCCARDStructInit</STRONG> (Thumb, 60 bytes, Stack size 0 bytes, stm32f2xx_fsmc.o(.text), UNUSED)

<P><STRONG><a name="[24a]"></a>FSMC_PCCARDCmd</STRONG> (Thumb, 44 bytes, Stack size 0 bytes, stm32f2xx_fsmc.o(.text), UNUSED)

<P><STRONG><a name="[24b]"></a>FSMC_ITConfig</STRONG> (Thumb, 128 bytes, Stack size 8 bytes, stm32f2xx_fsmc.o(.text), UNUSED)

<P><STRONG><a name="[24c]"></a>FSMC_GetFlagStatus</STRONG> (Thumb, 54 bytes, Stack size 8 bytes, stm32f2xx_fsmc.o(.text), UNUSED)

<P><STRONG><a name="[24d]"></a>FSMC_ClearFlag</STRONG> (Thumb, 62 bytes, Stack size 0 bytes, stm32f2xx_fsmc.o(.text), UNUSED)

<P><STRONG><a name="[24e]"></a>FSMC_GetITStatus</STRONG> (Thumb, 72 bytes, Stack size 16 bytes, stm32f2xx_fsmc.o(.text), UNUSED)

<P><STRONG><a name="[24f]"></a>FSMC_ClearITPendingBit</STRONG> (Thumb, 66 bytes, Stack size 0 bytes, stm32f2xx_fsmc.o(.text), UNUSED)

<P><STRONG><a name="[bb]"></a>GPIO_DeInit</STRONG> (Thumb, 220 bytes, Stack size 8 bytes, stm32f2xx_gpio.o(.text), UNUSED)
<BR><BR>[Calls]<UL><LI><a href="#[bc]">&gt;&gt;</a>&nbsp;&nbsp;&nbsp;RCC_AHB1PeriphResetCmd
</UL>

<P><STRONG><a name="[153]"></a>GPIO_Init</STRONG> (Thumb, 144 bytes, Stack size 20 bytes, stm32f2xx_gpio.o(.text))
<BR><BR>[Stack]<UL><LI>Max Depth = 20<LI>Call Chain = GPIO_Init
</UL>
<BR>[Called By]<UL><LI><a href="#[164]">&gt;&gt;</a>&nbsp;&nbsp;&nbsp;TP_SPI_Config
<LI><a href="#[14f]">&gt;&gt;</a>&nbsp;&nbsp;&nbsp;Beeper_Init
<LI><a href="#[ee]">&gt;&gt;</a>&nbsp;&nbsp;&nbsp;LCD_CtrlLinesConfig
<LI><a href="#[19b]">&gt;&gt;</a>&nbsp;&nbsp;&nbsp;GPIO_Configuration
<LI><a href="#[191]">&gt;&gt;</a>&nbsp;&nbsp;&nbsp;ADC_cfg
</UL>

<P><STRONG><a name="[250]"></a>GPIO_StructInit</STRONG> (Thumb, 18 bytes, Stack size 0 bytes, stm32f2xx_gpio.o(.text), UNUSED)

<P><STRONG><a name="[251]"></a>GPIO_PinLockConfig</STRONG> (Thumb, 34 bytes, Stack size 8 bytes, stm32f2xx_gpio.o(.text), UNUSED)

<P><STRONG><a name="[16b]"></a>GPIO_ReadInputDataBit</STRONG> (Thumb, 18 bytes, Stack size 0 bytes, stm32f2xx_gpio.o(.text))
<BR><BR>[Called By]<UL><LI><a href="#[144]">&gt;&gt;</a>&nbsp;&nbsp;&nbsp;touchGetY
<LI><a href="#[143]">&gt;&gt;</a>&nbsp;&nbsp;&nbsp;touchGetX
<LI><a href="#[142]">&gt;&gt;</a>&nbsp;&nbsp;&nbsp;getTouchState
</UL>

<P><STRONG><a name="[252]"></a>GPIO_ReadInputData</STRONG> (Thumb, 8 bytes, Stack size 0 bytes, stm32f2xx_gpio.o(.text), UNUSED)

<P><STRONG><a name="[253]"></a>GPIO_ReadOutputDataBit</STRONG> (Thumb, 18 bytes, Stack size 0 bytes, stm32f2xx_gpio.o(.text), UNUSED)

<P><STRONG><a name="[254]"></a>GPIO_ReadOutputData</STRONG> (Thumb, 8 bytes, Stack size 0 bytes, stm32f2xx_gpio.o(.text), UNUSED)

<P><STRONG><a name="[15e]"></a>GPIO_SetBits</STRONG> (Thumb, 4 bytes, Stack size 0 bytes, stm32f2xx_gpio.o(.text))
<BR><BR>[Called By]<UL><LI><a href="#[164]">&gt;&gt;</a>&nbsp;&nbsp;&nbsp;TP_SPI_Config
<LI><a href="#[144]">&gt;&gt;</a>&nbsp;&nbsp;&nbsp;touchGetY
<LI><a href="#[143]">&gt;&gt;</a>&nbsp;&nbsp;&nbsp;touchGetX
<LI><a href="#[f0]">&gt;&gt;</a>&nbsp;&nbsp;&nbsp;LCD_Reset_Off
<LI><a href="#[ee]">&gt;&gt;</a>&nbsp;&nbsp;&nbsp;LCD_CtrlLinesConfig
</UL>

<P><STRONG><a name="[152]"></a>GPIO_ResetBits</STRONG> (Thumb, 4 bytes, Stack size 0 bytes, stm32f2xx_gpio.o(.text))
<BR><BR>[Called By]<UL><LI><a href="#[25]">&gt;&gt;</a>&nbsp;&nbsp;&nbsp;TIM1_BRK_TIM9_IRQHandler
<LI><a href="#[14f]">&gt;&gt;</a>&nbsp;&nbsp;&nbsp;Beeper_Init
<LI><a href="#[144]">&gt;&gt;</a>&nbsp;&nbsp;&nbsp;touchGetY
<LI><a href="#[143]">&gt;&gt;</a>&nbsp;&nbsp;&nbsp;touchGetX
<LI><a href="#[f2]">&gt;&gt;</a>&nbsp;&nbsp;&nbsp;LCD_Reset_On
</UL>

<P><STRONG><a name="[255]"></a>GPIO_WriteBit</STRONG> (Thumb, 10 bytes, Stack size 0 bytes, stm32f2xx_gpio.o(.text), UNUSED)

<P><STRONG><a name="[19c]"></a>GPIO_Write</STRONG> (Thumb, 4 bytes, Stack size 0 bytes, stm32f2xx_gpio.o(.text), UNUSED)
<BR><BR>[Called By]<UL><LI><a href="#[19b]">&gt;&gt;</a>&nbsp;&nbsp;&nbsp;GPIO_Configuration
</UL>

<P><STRONG><a name="[15c]"></a>GPIO_ToggleBits</STRONG> (Thumb, 8 bytes, Stack size 0 bytes, stm32f2xx_gpio.o(.text))
<BR><BR>[Called By]<UL><LI><a href="#[25]">&gt;&gt;</a>&nbsp;&nbsp;&nbsp;TIM1_BRK_TIM9_IRQHandler
</UL>

<P><STRONG><a name="[160]"></a>GPIO_PinAFConfig</STRONG> (Thumb, 70 bytes, Stack size 20 bytes, stm32f2xx_gpio.o(.text))
<BR><BR>[Stack]<UL><LI>Max Depth = 20<LI>Call Chain = GPIO_PinAFConfig
</UL>
<BR>[Called By]<UL><LI><a href="#[164]">&gt;&gt;</a>&nbsp;&nbsp;&nbsp;TP_SPI_Config
<LI><a href="#[ee]">&gt;&gt;</a>&nbsp;&nbsp;&nbsp;LCD_CtrlLinesConfig
</UL>

<P><STRONG><a name="[1a1]"></a>IWDG_WriteAccessCmd</STRONG> (Thumb, 6 bytes, Stack size 0 bytes, stm32f2xx_iwdg.o(.text), UNUSED)
<BR><BR>[Called By]<UL><LI><a href="#[1a0]">&gt;&gt;</a>&nbsp;&nbsp;&nbsp;iwdg_init
</UL>

<P><STRONG><a name="[1a2]"></a>IWDG_SetPrescaler</STRONG> (Thumb, 6 bytes, Stack size 0 bytes, stm32f2xx_iwdg.o(.text), UNUSED)
<BR><BR>[Called By]<UL><LI><a href="#[1a0]">&gt;&gt;</a>&nbsp;&nbsp;&nbsp;iwdg_init
</UL>

<P><STRONG><a name="[1a3]"></a>IWDG_SetReload</STRONG> (Thumb, 6 bytes, Stack size 0 bytes, stm32f2xx_iwdg.o(.text), UNUSED)
<BR><BR>[Called By]<UL><LI><a href="#[1a0]">&gt;&gt;</a>&nbsp;&nbsp;&nbsp;iwdg_init
</UL>

<P><STRONG><a name="[1a4]"></a>IWDG_ReloadCounter</STRONG> (Thumb, 10 bytes, Stack size 0 bytes, stm32f2xx_iwdg.o(.text), UNUSED)
<BR><BR>[Called By]<UL><LI><a href="#[1a0]">&gt;&gt;</a>&nbsp;&nbsp;&nbsp;iwdg_init
</UL>

<P><STRONG><a name="[1a5]"></a>IWDG_Enable</STRONG> (Thumb, 10 bytes, Stack size 0 bytes, stm32f2xx_iwdg.o(.text), UNUSED)
<BR><BR>[Called By]<UL><LI><a href="#[1a0]">&gt;&gt;</a>&nbsp;&nbsp;&nbsp;iwdg_init
</UL>

<P><STRONG><a name="[256]"></a>IWDG_GetFlagStatus</STRONG> (Thumb, 20 bytes, Stack size 0 bytes, stm32f2xx_iwdg.o(.text), UNUSED)

<P><STRONG><a name="[185]"></a>RCC_DeInit</STRONG> (Thumb, 60 bytes, Stack size 0 bytes, stm32f2xx_rcc.o(.text))
<BR><BR>[Called By]<UL><LI><a href="#[184]">&gt;&gt;</a>&nbsp;&nbsp;&nbsp;RCC_Configuration
</UL>

<P><STRONG><a name="[187]"></a>RCC_HSEConfig</STRONG> (Thumb, 14 bytes, Stack size 0 bytes, stm32f2xx_rcc.o(.text))
<BR><BR>[Called By]<UL><LI><a href="#[184]">&gt;&gt;</a>&nbsp;&nbsp;&nbsp;RCC_Configuration
</UL>

<P><STRONG><a name="[be]"></a>RCC_GetFlagStatus</STRONG> (Thumb, 60 bytes, Stack size 8 bytes, stm32f2xx_rcc.o(.text))
<BR><BR>[Stack]<UL><LI>Max Depth = 8<LI>Call Chain = RCC_GetFlagStatus
</UL>
<BR>[Called By]<UL><LI><a href="#[bd]">&gt;&gt;</a>&nbsp;&nbsp;&nbsp;RCC_WaitForHSEStartUp
<LI><a href="#[184]">&gt;&gt;</a>&nbsp;&nbsp;&nbsp;RCC_Configuration
<LI><a href="#[17c]">&gt;&gt;</a>&nbsp;&nbsp;&nbsp;RTC_cfg
</UL>

<P><STRONG><a name="[bd]"></a>RCC_WaitForHSEStartUp</STRONG> (Thumb, 56 bytes, Stack size 16 bytes, stm32f2xx_rcc.o(.text), UNUSED)
<BR><BR>[Calls]<UL><LI><a href="#[be]">&gt;&gt;</a>&nbsp;&nbsp;&nbsp;RCC_GetFlagStatus
</UL>

<P><STRONG><a name="[257]"></a>RCC_AdjustHSICalibrationValue</STRONG> (Thumb, 20 bytes, Stack size 0 bytes, stm32f2xx_rcc.o(.text), UNUSED)

<P><STRONG><a name="[186]"></a>RCC_HSICmd</STRONG> (Thumb, 6 bytes, Stack size 0 bytes, stm32f2xx_rcc.o(.text))
<BR><BR>[Called By]<UL><LI><a href="#[184]">&gt;&gt;</a>&nbsp;&nbsp;&nbsp;RCC_Configuration
</UL>

<P><STRONG><a name="[17f]"></a>RCC_LSEConfig</STRONG> (Thumb, 46 bytes, Stack size 0 bytes, stm32f2xx_rcc.o(.text))
<BR><BR>[Called By]<UL><LI><a href="#[17c]">&gt;&gt;</a>&nbsp;&nbsp;&nbsp;RTC_cfg
</UL>

<P><STRONG><a name="[258]"></a>RCC_LSICmd</STRONG> (Thumb, 6 bytes, Stack size 0 bytes, stm32f2xx_rcc.o(.text), UNUSED)

<P><STRONG><a name="[18e]"></a>RCC_PLLConfig</STRONG> (Thumb, 32 bytes, Stack size 16 bytes, stm32f2xx_rcc.o(.text))
<BR><BR>[Stack]<UL><LI>Max Depth = 16<LI>Call Chain = RCC_PLLConfig
</UL>
<BR>[Called By]<UL><LI><a href="#[184]">&gt;&gt;</a>&nbsp;&nbsp;&nbsp;RCC_Configuration
</UL>

<P><STRONG><a name="[18a]"></a>RCC_PLLCmd</STRONG> (Thumb, 6 bytes, Stack size 0 bytes, stm32f2xx_rcc.o(.text))
<BR><BR>[Called By]<UL><LI><a href="#[184]">&gt;&gt;</a>&nbsp;&nbsp;&nbsp;RCC_Configuration
</UL>

<P><STRONG><a name="[259]"></a>RCC_PLLI2SConfig</STRONG> (Thumb, 14 bytes, Stack size 0 bytes, stm32f2xx_rcc.o(.text), UNUSED)

<P><STRONG><a name="[25a]"></a>RCC_PLLI2SCmd</STRONG> (Thumb, 6 bytes, Stack size 0 bytes, stm32f2xx_rcc.o(.text), UNUSED)

<P><STRONG><a name="[25b]"></a>RCC_ClockSecuritySystemCmd</STRONG> (Thumb, 6 bytes, Stack size 0 bytes, stm32f2xx_rcc.o(.text), UNUSED)

<P><STRONG><a name="[25c]"></a>RCC_MCO1Config</STRONG> (Thumb, 28 bytes, Stack size 0 bytes, stm32f2xx_rcc.o(.text), UNUSED)

<P><STRONG><a name="[25d]"></a>RCC_MCO2Config</STRONG> (Thumb, 28 bytes, Stack size 0 bytes, stm32f2xx_rcc.o(.text), UNUSED)

<P><STRONG><a name="[18f]"></a>RCC_SYSCLKConfig</STRONG> (Thumb, 20 bytes, Stack size 0 bytes, stm32f2xx_rcc.o(.text))
<BR><BR>[Called By]<UL><LI><a href="#[184]">&gt;&gt;</a>&nbsp;&nbsp;&nbsp;RCC_Configuration
</UL>

<P><STRONG><a name="[190]"></a>RCC_GetSYSCLKSource</STRONG> (Thumb, 12 bytes, Stack size 0 bytes, stm32f2xx_rcc.o(.text))
<BR><BR>[Called By]<UL><LI><a href="#[184]">&gt;&gt;</a>&nbsp;&nbsp;&nbsp;RCC_Configuration
</UL>

<P><STRONG><a name="[18b]"></a>RCC_HCLKConfig</STRONG> (Thumb, 20 bytes, Stack size 0 bytes, stm32f2xx_rcc.o(.text))
<BR><BR>[Called By]<UL><LI><a href="#[184]">&gt;&gt;</a>&nbsp;&nbsp;&nbsp;RCC_Configuration
</UL>

<P><STRONG><a name="[18c]"></a>RCC_PCLK1Config</STRONG> (Thumb, 20 bytes, Stack size 0 bytes, stm32f2xx_rcc.o(.text))
<BR><BR>[Called By]<UL><LI><a href="#[184]">&gt;&gt;</a>&nbsp;&nbsp;&nbsp;RCC_Configuration
</UL>

<P><STRONG><a name="[18d]"></a>RCC_PCLK2Config</STRONG> (Thumb, 22 bytes, Stack size 0 bytes, stm32f2xx_rcc.o(.text))
<BR><BR>[Called By]<UL><LI><a href="#[184]">&gt;&gt;</a>&nbsp;&nbsp;&nbsp;RCC_Configuration
</UL>

<P><STRONG><a name="[d4]"></a>RCC_GetClocksFreq</STRONG> (Thumb, 222 bytes, Stack size 20 bytes, stm32f2xx_rcc.o(.text))
<BR><BR>[Stack]<UL><LI>Max Depth = 20<LI>Call Chain = RCC_GetClocksFreq
</UL>
<BR>[Called By]<UL><LI><a href="#[d3]">&gt;&gt;</a>&nbsp;&nbsp;&nbsp;USART_Init
<LI><a href="#[191]">&gt;&gt;</a>&nbsp;&nbsp;&nbsp;ADC_cfg
<LI><a href="#[17b]">&gt;&gt;</a>&nbsp;&nbsp;&nbsp;SysTick_cfg
</UL>

<P><STRONG><a name="[180]"></a>RCC_RTCCLKConfig</STRONG> (Thumb, 54 bytes, Stack size 0 bytes, stm32f2xx_rcc.o(.text))
<BR><BR>[Called By]<UL><LI><a href="#[17c]">&gt;&gt;</a>&nbsp;&nbsp;&nbsp;RTC_cfg
</UL>

<P><STRONG><a name="[181]"></a>RCC_RTCCLKCmd</STRONG> (Thumb, 8 bytes, Stack size 0 bytes, stm32f2xx_rcc.o(.text))
<BR><BR>[Called By]<UL><LI><a href="#[17c]">&gt;&gt;</a>&nbsp;&nbsp;&nbsp;RTC_cfg
</UL>

<P><STRONG><a name="[25e]"></a>RCC_BackupResetCmd</STRONG> (Thumb, 8 bytes, Stack size 0 bytes, stm32f2xx_rcc.o(.text), UNUSED)

<P><STRONG><a name="[25f]"></a>RCC_I2SCLKConfig</STRONG> (Thumb, 6 bytes, Stack size 0 bytes, stm32f2xx_rcc.o(.text), UNUSED)

<P><STRONG><a name="[151]"></a>RCC_AHB1PeriphClockCmd</STRONG> (Thumb, 34 bytes, Stack size 0 bytes, stm32f2xx_rcc.o(.text))
<BR><BR>[Called By]<UL><LI><a href="#[164]">&gt;&gt;</a>&nbsp;&nbsp;&nbsp;TP_SPI_Config
<LI><a href="#[14f]">&gt;&gt;</a>&nbsp;&nbsp;&nbsp;Beeper_Init
<LI><a href="#[ee]">&gt;&gt;</a>&nbsp;&nbsp;&nbsp;LCD_CtrlLinesConfig
<LI><a href="#[19b]">&gt;&gt;</a>&nbsp;&nbsp;&nbsp;GPIO_Configuration
<LI><a href="#[191]">&gt;&gt;</a>&nbsp;&nbsp;&nbsp;ADC_cfg
<LI><a href="#[184]">&gt;&gt;</a>&nbsp;&nbsp;&nbsp;RCC_Configuration
</UL>

<P><STRONG><a name="[260]"></a>RCC_AHB2PeriphClockCmd</STRONG> (Thumb, 34 bytes, Stack size 0 bytes, stm32f2xx_rcc.o(.text), UNUSED)

<P><STRONG><a name="[161]"></a>RCC_AHB3PeriphClockCmd</STRONG> (Thumb, 34 bytes, Stack size 0 bytes, stm32f2xx_rcc.o(.text))
<BR><BR>[Called By]<UL><LI><a href="#[ef]">&gt;&gt;</a>&nbsp;&nbsp;&nbsp;LCD_FSMCConfig
<LI><a href="#[184]">&gt;&gt;</a>&nbsp;&nbsp;&nbsp;RCC_Configuration
</UL>

[...]
<LI><a href="#[1d0]">&gt;&gt;</a>&nbsp;&nbsp;&nbsp;__ieee754_rem_pio2
<LI><a href="#[1db]">&gt;&gt;</a>&nbsp;&nbsp;&nbsp;__mathlib_dbl_invalid
<LI><a href="#[1da]">&gt;&gt;</a>&nbsp;&nbsp;&nbsp;__mathlib_dbl_infnan
<LI><a href="#[1d5]">&gt;&gt;</a>&nbsp;&nbsp;&nbsp;__kernel_cos
<LI><a href="#[1cc]">&gt;&gt;</a>&nbsp;&nbsp;&nbsp;__set_errno
</UL>
<BR>[Called By]<UL><LI><a href="#[1b8]">&gt;&gt;</a>&nbsp;&nbsp;&nbsp;plotDataCalculate
</UL>

<P><STRONG><a name="[1c3]"></a>__aeabi_d2f</STRONG> (Thumb, 0 bytes, Stack size 32 bytes, d2f.o(x$fpl$d2f))
<BR><BR>[Stack]<UL><LI>Max Depth = 32<LI>Call Chain = __aeabi_d2f
</UL>
<BR>[Called By]<UL><LI><a href="#[1c4]">&gt;&gt;</a>&nbsp;&nbsp;&nbsp;plotUp
<LI><a href="#[1c2]">&gt;&gt;</a>&nbsp;&nbsp;&nbsp;plotDown
</UL>

<P><STRONG><a name="[1dc]"></a>_d2f</STRONG> (Thumb, 98 bytes, Stack size 32 bytes, d2f.o(x$fpl$d2f), UNUSED)
<BR><BR>[Calls]<UL><LI><a href="#[1dd]">&gt;&gt;</a>&nbsp;&nbsp;&nbsp;__fpl_fretinf
<LI><a href="#[1de]">&gt;&gt;</a>&nbsp;&nbsp;&nbsp;__fpl_dnaninf
</UL>

<P><STRONG><a name="[1c0]"></a>__aeabi_dadd</STRONG> (Thumb, 0 bytes, Stack size 16 bytes, daddsub_clz.o(x$fpl$dadd))
<BR><BR>[Stack]<UL><LI>Max Depth = 16<LI>Call Chain = __aeabi_dadd
</UL>
<BR>[Called By]<UL><LI><a href="#[1d6]">&gt;&gt;</a>&nbsp;&nbsp;&nbsp;__kernel_poly
<LI><a href="#[1d7]">&gt;&gt;</a>&nbsp;&nbsp;&nbsp;__kernel_sin
<LI><a href="#[1d0]">&gt;&gt;</a>&nbsp;&nbsp;&nbsp;__ieee754_rem_pio2
<LI><a href="#[1b8]">&gt;&gt;</a>&nbsp;&nbsp;&nbsp;plotDataCalculate
</UL>

<P><STRONG><a name="[1df]"></a>_dadd</STRONG> (Thumb, 332 bytes, Stack size 16 bytes, daddsub_clz.o(x$fpl$dadd), UNUSED)
<BR><BR>[Calls]<UL><LI><a href="#[1e1]">&gt;&gt;</a>&nbsp;&nbsp;&nbsp;__fpl_dretinf
<LI><a href="#[1de]">&gt;&gt;</a>&nbsp;&nbsp;&nbsp;__fpl_dnaninf
<LI><a href="#[1e0]">&gt;&gt;</a>&nbsp;&nbsp;&nbsp;_dsub1
</UL>

<P><STRONG><a name="[1e2]"></a>__fpl_dcheck_NaN1</STRONG> (Thumb, 10 bytes, Stack size 0 bytes, dcheck1.o(x$fpl$dcheck1))
<BR><BR>[Calls]<UL><LI><a href="#[1e3]">&gt;&gt;</a>&nbsp;&nbsp;&nbsp;__fpl_return_NaN
</UL>
<BR>[Called By]<UL><LI><a href="#[1d4]">&gt;&gt;</a>&nbsp;&nbsp;&nbsp;__ARM_scalbn
</UL>

<P><STRONG><a name="[1e8]"></a>__fpl_dcmp_Inf</STRONG> (Thumb, 24 bytes, Stack size 0 bytes, dcmpi.o(x$fpl$dcmpinf), UNUSED)
<BR><BR>[Called By]<UL><LI><a href="#[1e7]">&gt;&gt;</a>&nbsp;&nbsp;&nbsp;_dcmple
</UL>

<P><STRONG><a name="[1bc]"></a>__aeabi_ddiv</STRONG> (Thumb, 0 bytes, Stack size 32 bytes, ddiv.o(x$fpl$ddiv))
<BR><BR>[Stack]<UL><LI>Max Depth = 32<LI>Call Chain = __aeabi_ddiv
</UL>
<BR>[Called By]<UL><LI><a href="#[1db]">&gt;&gt;</a>&nbsp;&nbsp;&nbsp;__mathlib_dbl_invalid
<LI><a href="#[1c2]">&gt;&gt;</a>&nbsp;&nbsp;&nbsp;plotDown
<LI><a href="#[1b8]">&gt;&gt;</a>&nbsp;&nbsp;&nbsp;plotDataCalculate
</UL>

<P><STRONG><a name="[1e4]"></a>_ddiv</STRONG> (Thumb, 552 bytes, Stack size 32 bytes, ddiv.o(x$fpl$ddiv), UNUSED)
<BR><BR>[Calls]<UL><LI><a href="#[1e1]">&gt;&gt;</a>&nbsp;&nbsp;&nbsp;__fpl_dretinf
<LI><a href="#[1de]">&gt;&gt;</a>&nbsp;&nbsp;&nbsp;__fpl_dnaninf
</UL>

<P><STRONG><a name="[1d2]"></a>__aeabi_d2iz</STRONG> (Thumb, 0 bytes, Stack size 32 bytes, dfix.o(x$fpl$dfix))
<BR><BR>[Stack]<UL><LI>Max Depth = 32<LI>Call Chain = __aeabi_d2iz
</UL>
<BR>[Called By]<UL><LI><a href="#[1d0]">&gt;&gt;</a>&nbsp;&nbsp;&nbsp;__ieee754_rem_pio2
<LI><a href="#[1d5]">&gt;&gt;</a>&nbsp;&nbsp;&nbsp;__kernel_cos
</UL>

<P><STRONG><a name="[1e5]"></a>_dfix</STRONG> (Thumb, 94 bytes, Stack size 32 bytes, dfix.o(x$fpl$dfix), UNUSED)
<BR><BR>[Calls]<UL><LI><a href="#[1de]">&gt;&gt;</a>&nbsp;&nbsp;&nbsp;__fpl_dnaninf
</UL>

<P><STRONG><a name="[1c1]"></a>__aeabi_d2uiz</STRONG> (Thumb, 0 bytes, Stack size 32 bytes, dfixu.o(x$fpl$dfixu))
<BR><BR>[Stack]<UL><LI>Max Depth = 32<LI>Call Chain = __aeabi_d2uiz
</UL>
<BR>[Called By]<UL><LI><a href="#[1b8]">&gt;&gt;</a>&nbsp;&nbsp;&nbsp;plotDataCalculate
</UL>

<P><STRONG><a name="[1e6]"></a>_dfixu</STRONG> (Thumb, 90 bytes, Stack size 32 bytes, dfixu.o(x$fpl$dfixu), UNUSED)
<BR><BR>[Calls]<UL><LI><a href="#[1de]">&gt;&gt;</a>&nbsp;&nbsp;&nbsp;__fpl_dnaninf
</UL>

<P><STRONG><a name="[119]"></a>__aeabi_i2d</STRONG> (Thumb, 0 bytes, Stack size 0 bytes, dflt_clz.o(x$fpl$dflt))
<BR><BR>[Called By]<UL><LI><a href="#[117]">&gt;&gt;</a>&nbsp;&nbsp;&nbsp;LCD_FillPolyLine
<LI><a href="#[1d0]">&gt;&gt;</a>&nbsp;&nbsp;&nbsp;__ieee754_rem_pio2
<LI><a href="#[1b8]">&gt;&gt;</a>&nbsp;&nbsp;&nbsp;plotDataCalculate
</UL>

<P><STRONG><a name="[335]"></a>_dflt</STRONG> (Thumb, 46 bytes, Stack size 0 bytes, dflt_clz.o(x$fpl$dflt), UNUSED)

<P><STRONG><a name="[118]"></a>__aeabi_ui2d</STRONG> (Thumb, 0 bytes, Stack size 0 bytes, dflt_clz.o(x$fpl$dfltu))
<BR><BR>[Called By]<UL><LI><a href="#[117]">&gt;&gt;</a>&nbsp;&nbsp;&nbsp;LCD_FillPolyLine
<LI><a href="#[1d0]">&gt;&gt;</a>&nbsp;&nbsp;&nbsp;__ieee754_rem_pio2
<LI><a href="#[1b8]">&gt;&gt;</a>&nbsp;&nbsp;&nbsp;plotDataCalculate
</UL>

<P><STRONG><a name="[336]"></a>_dfltu</STRONG> (Thumb, 38 bytes, Stack size 0 bytes, dflt_clz.o(x$fpl$dfltu), UNUSED)

<P><STRONG><a name="[11a]"></a>__aeabi_cdcmple</STRONG> (Thumb, 0 bytes, Stack size 32 bytes, dleqf.o(x$fpl$dleqf), UNUSED)
<BR><BR>[Called By]<UL><LI><a href="#[117]">&gt;&gt;</a>&nbsp;&nbsp;&nbsp;LCD_FillPolyLine
</UL>

<P><STRONG><a name="[1e7]"></a>_dcmple</STRONG> (Thumb, 120 bytes, Stack size 32 bytes, dleqf.o(x$fpl$dleqf), UNUSED)
<BR><BR>[Calls]<UL><LI><a href="#[1de]">&gt;&gt;</a>&nbsp;&nbsp;&nbsp;__fpl_dnaninf
<LI><a href="#[1e8]">&gt;&gt;</a>&nbsp;&nbsp;&nbsp;__fpl_dcmp_Inf
</UL>

<P><STRONG><a name="[1eb]"></a>__fpl_dcmple_InfNaN</STRONG> (Thumb, 0 bytes, Stack size unknown bytes, dleqf.o(x$fpl$dleqf), UNUSED)
<BR><BR>[Called By]<UL><LI><a href="#[1ea]">&gt;&gt;</a>&nbsp;&nbsp;&nbsp;_drcmple
</UL>

<P><STRONG><a name="[1bb]"></a>__aeabi_dmul</STRONG> (Thumb, 0 bytes, Stack size 32 bytes, dmul.o(x$fpl$dmul))
<BR><BR>[Stack]<UL><LI>Max Depth = 32<LI>Call Chain = __aeabi_dmul
</UL>
<BR>[Called By]<UL><LI><a href="#[1d6]">&gt;&gt;</a>&nbsp;&nbsp;&nbsp;__kernel_poly
<LI><a href="#[1d7]">&gt;&gt;</a>&nbsp;&nbsp;&nbsp;__kernel_sin
<LI><a href="#[1d0]">&gt;&gt;</a>&nbsp;&nbsp;&nbsp;__ieee754_rem_pio2
<LI><a href="#[1d5]">&gt;&gt;</a>&nbsp;&nbsp;&nbsp;__kernel_cos
<LI><a href="#[1c4]">&gt;&gt;</a>&nbsp;&nbsp;&nbsp;plotUp
<LI><a href="#[1b8]">&gt;&gt;</a>&nbsp;&nbsp;&nbsp;plotDataCalculate
</UL>

<P><STRONG><a name="[1e9]"></a>_dmul</STRONG> (Thumb, 332 bytes, Stack size 32 bytes, dmul.o(x$fpl$dmul), UNUSED)
<BR><BR>[Calls]<UL><LI><a href="#[1e1]">&gt;&gt;</a>&nbsp;&nbsp;&nbsp;__fpl_dretinf
<LI><a href="#[1de]">&gt;&gt;</a>&nbsp;&nbsp;&nbsp;__fpl_dnaninf
</UL>

<P><STRONG><a name="[1de]"></a>__fpl_dnaninf</STRONG> (Thumb, 156 bytes, Stack size 16 bytes, dnaninf.o(x$fpl$dnaninf), UNUSED)
<BR><BR>[Called By]<UL><LI><a href="#[1e5]">&gt;&gt;</a>&nbsp;&nbsp;&nbsp;_dfix
<LI><a href="#[1e9]">&gt;&gt;</a>&nbsp;&nbsp;&nbsp;_dmul
<LI><a href="#[1e7]">&gt;&gt;</a>&nbsp;&nbsp;&nbsp;_dcmple
<LI><a href="#[1e6]">&gt;&gt;</a>&nbsp;&nbsp;&nbsp;_dfixu
<LI><a href="#[1e4]">&gt;&gt;</a>&nbsp;&nbsp;&nbsp;_ddiv
<LI><a href="#[1ee]">&gt;&gt;</a>&nbsp;&nbsp;&nbsp;_dsub
<LI><a href="#[1df]">&gt;&gt;</a>&nbsp;&nbsp;&nbsp;_dadd
<LI><a href="#[1dc]">&gt;&gt;</a>&nbsp;&nbsp;&nbsp;_d2f
</UL>

<P><STRONG><a name="[1e1]"></a>__fpl_dretinf</STRONG> (Thumb, 12 bytes, Stack size 0 bytes, dretinf.o(x$fpl$dretinf), UNUSED)
<BR><BR>[Called By]<UL><LI><a href="#[1ef]">&gt;&gt;</a>&nbsp;&nbsp;&nbsp;_f2d
<LI><a href="#[1e9]">&gt;&gt;</a>&nbsp;&nbsp;&nbsp;_dmul
<LI><a href="#[1e4]">&gt;&gt;</a>&nbsp;&nbsp;&nbsp;_ddiv
<LI><a href="#[1df]">&gt;&gt;</a>&nbsp;&nbsp;&nbsp;_dadd
</UL>

<P><STRONG><a name="[11b]"></a>__aeabi_cdrcmple</STRONG> (Thumb, 0 bytes, Stack size 16 bytes, drleqf.o(x$fpl$drleqf), UNUSED)
<BR><BR>[Called By]<UL><LI><a href="#[117]">&gt;&gt;</a>&nbsp;&nbsp;&nbsp;LCD_FillPolyLine
</UL>

<P><STRONG><a name="[1ea]"></a>_drcmple</STRONG> (Thumb, 108 bytes, Stack size 16 bytes, drleqf.o(x$fpl$drleqf), UNUSED)
<BR><BR>[Calls]<UL><LI><a href="#[1eb]">&gt;&gt;</a>&nbsp;&nbsp;&nbsp;__fpl_dcmple_InfNaN
</UL>

<P><STRONG><a name="[1d3]"></a>__aeabi_drsub</STRONG> (Thumb, 0 bytes, Stack size 8 bytes, daddsub_clz.o(x$fpl$drsb))
<BR><BR>[Stack]<UL><LI>Max Depth = 8<LI>Call Chain = __aeabi_drsub
</UL>
<BR>[Called By]<UL><LI><a href="#[1d7]">&gt;&gt;</a>&nbsp;&nbsp;&nbsp;__kernel_sin
<LI><a href="#[1d0]">&gt;&gt;</a>&nbsp;&nbsp;&nbsp;__ieee754_rem_pio2
<LI><a href="#[1d5]">&gt;&gt;</a>&nbsp;&nbsp;&nbsp;__kernel_cos
</UL>

<P><STRONG><a name="[1ec]"></a>_drsb</STRONG> (Thumb, 22 bytes, Stack size 8 bytes, daddsub_clz.o(x$fpl$drsb), UNUSED)
<BR><BR>[Calls]<UL><LI><a href="#[1e0]">&gt;&gt;</a>&nbsp;&nbsp;&nbsp;_dsub1
<LI><a href="#[1ed]">&gt;&gt;</a>&nbsp;&nbsp;&nbsp;_dadd1
</UL>

<P><STRONG><a name="[1d1]"></a>__aeabi_dsub</STRONG> (Thumb, 0 bytes, Stack size 32 bytes, daddsub_clz.o(x$fpl$dsub))
<BR><BR>[Stack]<UL><LI>Max Depth = 32<LI>Call Chain = __aeabi_dsub
</UL>
<BR>[Called By]<UL><LI><a href="#[1d7]">&gt;&gt;</a>&nbsp;&nbsp;&nbsp;__kernel_sin
<LI><a href="#[1d0]">&gt;&gt;</a>&nbsp;&nbsp;&nbsp;__ieee754_rem_pio2
<LI><a href="#[1d5]">&gt;&gt;</a>&nbsp;&nbsp;&nbsp;__kernel_cos
</UL>

<P><STRONG><a name="[1ee]"></a>_dsub</STRONG> (Thumb, 464 bytes, Stack size 32 bytes, daddsub_clz.o(x$fpl$dsub), UNUSED)
<BR><BR>[Calls]<UL><LI><a href="#[1de]">&gt;&gt;</a>&nbsp;&nbsp;&nbsp;__fpl_dnaninf
<LI><a href="#[1ed]">&gt;&gt;</a>&nbsp;&nbsp;&nbsp;_dadd1
</UL>

<P><STRONG><a name="[1ba]"></a>__aeabi_f2d</STRONG> (Thumb, 0 bytes, Stack size 16 bytes, f2d.o(x$fpl$f2d))
<BR><BR>[Stack]<UL><LI>Max Depth = 16<LI>Call Chain = __aeabi_f2d
</UL>
<BR>[Called By]<UL><LI><a href="#[1c4]">&gt;&gt;</a>&nbsp;&nbsp;&nbsp;plotUp
<LI><a href="#[1c2]">&gt;&gt;</a>&nbsp;&nbsp;&nbsp;plotDown
<LI><a href="#[1b8]">&gt;&gt;</a>&nbsp;&nbsp;&nbsp;plotDataCalculate
</UL>

<P><STRONG><a name="[1ef]"></a>_f2d</STRONG> (Thumb, 86 bytes, Stack size 16 bytes, f2d.o(x$fpl$f2d), UNUSED)
<BR><BR>[Calls]<UL><LI><a href="#[1f0]">&gt;&gt;</a>&nbsp;&nbsp;&nbsp;__fpl_fnaninf
<LI><a href="#[1e1]">&gt;&gt;</a>&nbsp;&nbsp;&nbsp;__fpl_dretinf
</UL>

<P><STRONG><a name="[337]"></a>__aeabi_fadd</STRONG> (Thumb, 0 bytes, Stack size 16 bytes, faddsub_clz.o(x$fpl$fadd), UNUSED)

<P><STRONG><a name="[1f1]"></a>_fadd</STRONG> (Thumb, 196 bytes, Stack size 16 bytes, faddsub_clz.o(x$fpl$fadd), UNUSED)
<BR><BR>[Calls]<UL><LI><a href="#[1dd]">&gt;&gt;</a>&nbsp;&nbsp;&nbsp;__fpl_fretinf
<LI><a href="#[1f0]">&gt;&gt;</a>&nbsp;&nbsp;&nbsp;__fpl_fnaninf
<LI><a href="#[1f2]">&gt;&gt;</a>&nbsp;&nbsp;&nbsp;_fsub1
</UL>

<P><STRONG><a name="[1c8]"></a>__aeabi_fdiv</STRONG> (Thumb, 0 bytes, Stack size 16 bytes, fdiv.o(x$fpl$fdiv))
<BR><BR>[Stack]<UL><LI>Max Depth = 16<LI>Call Chain = __aeabi_fdiv
</UL>
<BR>[Called By]<UL><LI><a href="#[1c7]">&gt;&gt;</a>&nbsp;&nbsp;&nbsp;plotLeft
</UL>

<P><STRONG><a name="[1f3]"></a>_fdiv</STRONG> (Thumb, 384 bytes, Stack size 16 bytes, fdiv.o(x$fpl$fdiv), UNUSED)
<BR><BR>[Calls]<UL><LI><a href="#[1dd]">&gt;&gt;</a>&nbsp;&nbsp;&nbsp;__fpl_fretinf
<LI><a href="#[1f0]">&gt;&gt;</a>&nbsp;&nbsp;&nbsp;__fpl_fnaninf
</UL>

<P><STRONG><a name="[1b9]"></a>__aeabi_ui2f</STRONG> (Thumb, 0 bytes, Stack size 0 bytes, fflt_clz.o(x$fpl$ffltu))
<BR><BR>[Called By]<UL><LI><a href="#[1b8]">&gt;&gt;</a>&nbsp;&nbsp;&nbsp;plotDataCalculate
</UL>

<P><STRONG><a name="[338]"></a>_ffltu</STRONG> (Thumb, 38 bytes, Stack size 0 bytes, fflt_clz.o(x$fpl$ffltu), UNUSED)

<P><STRONG><a name="[1be]"></a>__aeabi_fmul</STRONG> (Thumb, 0 bytes, Stack size 16 bytes, fmul.o(x$fpl$fmul))
<BR><BR>[Stack]<UL><LI>Max Depth = 16<LI>Call Chain = __aeabi_fmul
</UL>
<BR>[Called By]<UL><LI><a href="#[1c6]">&gt;&gt;</a>&nbsp;&nbsp;&nbsp;plotRight
<LI><a href="#[1b8]">&gt;&gt;</a>&nbsp;&nbsp;&nbsp;plotDataCalculate
</UL>

<P><STRONG><a name="[1f4]"></a>_fmul</STRONG> (Thumb, 258 bytes, Stack size 16 bytes, fmul.o(x$fpl$fmul), UNUSED)
<BR><BR>[Calls]<UL><LI><a href="#[1dd]">&gt;&gt;</a>&nbsp;&nbsp;&nbsp;__fpl_fretinf
<LI><a href="#[1f0]">&gt;&gt;</a>&nbsp;&nbsp;&nbsp;__fpl_fnaninf
</UL>

<P><STRONG><a name="[1f0]"></a>__fpl_fnaninf</STRONG> (Thumb, 140 bytes, Stack size 8 bytes, fnaninf.o(x$fpl$fnaninf), UNUSED)
<BR><BR>[Called By]<UL><LI><a href="#[1f4]">&gt;&gt;</a>&nbsp;&nbsp;&nbsp;_fmul
<LI><a href="#[1f3]">&gt;&gt;</a>&nbsp;&nbsp;&nbsp;_fdiv
<LI><a href="#[1f5]">&gt;&gt;</a>&nbsp;&nbsp;&nbsp;_fsub
<LI><a href="#[1f1]">&gt;&gt;</a>&nbsp;&nbsp;&nbsp;_fadd
<LI><a href="#[1ef]">&gt;&gt;</a>&nbsp;&nbsp;&nbsp;_f2d
</UL>

<P><STRONG><a name="[1dd]"></a>__fpl_fretinf</STRONG> (Thumb, 10 bytes, Stack size 0 bytes, fretinf.o(x$fpl$fretinf), UNUSED)
<BR><BR>[Called By]<UL><LI><a href="#[1f4]">&gt;&gt;</a>&nbsp;&nbsp;&nbsp;_fmul
<LI><a href="#[1f3]">&gt;&gt;</a>&nbsp;&nbsp;&nbsp;_fdiv
<LI><a href="#[1f1]">&gt;&gt;</a>&nbsp;&nbsp;&nbsp;_fadd
<LI><a href="#[1dc]">&gt;&gt;</a>&nbsp;&nbsp;&nbsp;_d2f
</UL>

<P><STRONG><a name="[1bf]"></a>__aeabi_fsub</STRONG> (Thumb, 0 bytes, Stack size 16 bytes, faddsub_clz.o(x$fpl$fsub))
<BR><BR>[Stack]<UL><LI>Max Depth = 16<LI>Call Chain = __aeabi_fsub
</UL>
<BR>[Called By]<UL><LI><a href="#[1b8]">&gt;&gt;</a>&nbsp;&nbsp;&nbsp;plotDataCalculate
</UL>

<P><STRONG><a name="[1f5]"></a>_fsub</STRONG> (Thumb, 234 bytes, Stack size 16 bytes, faddsub_clz.o(x$fpl$fsub), UNUSED)
<BR><BR>[Calls]<UL><LI><a href="#[1f0]">&gt;&gt;</a>&nbsp;&nbsp;&nbsp;__fpl_fnaninf
<LI><a href="#[1f6]">&gt;&gt;</a>&nbsp;&nbsp;&nbsp;_fadd1
</UL>

<P><STRONG><a name="[1e3]"></a>__fpl_return_NaN</STRONG> (Thumb, 100 bytes, Stack size 0 bytes, retnan.o(x$fpl$retnan))
<BR><BR>[Calls]<UL><LI><a href="#[1f7]">&gt;&gt;</a>&nbsp;&nbsp;&nbsp;__fpl_cmpreturn
</UL>
<BR>[Called By]<UL><LI><a href="#[1e2]">&gt;&gt;</a>&nbsp;&nbsp;&nbsp;__fpl_dcheck_NaN1
</UL>

<P><STRONG><a name="[1d4]"></a>__ARM_scalbn</STRONG> (Thumb, 92 bytes, Stack size 0 bytes, scalbn.o(x$fpl$scalbn))
<BR><BR>[Calls]<UL><LI><a href="#[1e2]">&gt;&gt;</a>&nbsp;&nbsp;&nbsp;__fpl_dcheck_NaN1
</UL>
<BR>[Called By]<UL><LI><a href="#[1d7]">&gt;&gt;</a>&nbsp;&nbsp;&nbsp;__kernel_sin
<LI><a href="#[1d0]">&gt;&gt;</a>&nbsp;&nbsp;&nbsp;__ieee754_rem_pio2
<LI><a href="#[1d9]">&gt;&gt;</a>&nbsp;&nbsp;&nbsp;__mathlib_dbl_underflow
<LI><a href="#[1da]">&gt;&gt;</a>&nbsp;&nbsp;&nbsp;__mathlib_dbl_infnan
<LI><a href="#[1d5]">&gt;&gt;</a>&nbsp;&nbsp;&nbsp;__kernel_cos
</UL>

<P><STRONG><a name="[1f7]"></a>__fpl_cmpreturn</STRONG> (Thumb, 48 bytes, Stack size 0 bytes, trapv.o(x$fpl$trapveneer))
<BR><BR>[Called By]<UL><LI><a href="#[1e3]">&gt;&gt;</a>&nbsp;&nbsp;&nbsp;__fpl_return_NaN
</UL>
<P>
<H3>
Local Symbols
</H3>
<P><STRONG><a name="[5f]"></a>tn_idle_task_func</STRONG> (Thumb, 28 bytes, Stack size 0 bytes, tn.o(.text))
<BR><BR>[Calls]<UL><LI><a href="#[7f]">&gt;&gt;</a>&nbsp;&nbsp;&nbsp;tn_cpu_save_sr
<LI><a href="#[80]">&gt;&gt;</a>&nbsp;&nbsp;&nbsp;tn_cpu_restore_sr
</UL>
<BR>[Address Reference Count : 1]<UL><LI> tn.o(.text)
</UL>
<P><STRONG><a name="[5e]"></a>tn_timer_task_func</STRONG> (Thumb, 98 bytes, Stack size 0 bytes, tn.o(.text))
<BR><BR>[Stack]<UL><LI>Max Depth = 88 + Unknown Stack Size
<LI>Call Chain = tn_timer_task_func &rArr; tn_app_init &rArr; uart_task_create &rArr; tn_task_create &rArr; task_to_runnable
</UL>
<BR>[Calls]<UL><LI><a href="#[86]">&gt;&gt;</a>&nbsp;&nbsp;&nbsp;tn_switch_context
<LI><a href="#[7f]">&gt;&gt;</a>&nbsp;&nbsp;&nbsp;tn_cpu_save_sr
<LI><a href="#[80]">&gt;&gt;</a>&nbsp;&nbsp;&nbsp;tn_cpu_restore_sr
<LI><a href="#[82]">&gt;&gt;</a>&nbsp;&nbsp;&nbsp;tn_cpu_int_enable
<LI><a href="#[81]">&gt;&gt;</a>&nbsp;&nbsp;&nbsp;tn_app_init
<LI><a href="#[84]">&gt;&gt;</a>&nbsp;&nbsp;&nbsp;task_wait_complete
<LI><a href="#[85]">&gt;&gt;</a>&nbsp;&nbsp;&nbsp;task_curr_to_wait_action
<LI><a href="#[83]">&gt;&gt;</a>&nbsp;&nbsp;&nbsp;queue_remove_entry
</UL>
<BR>[Address Reference Count : 1]<UL><LI> tn.o(.text)
</UL>
<P><STRONG><a name="[c9]"></a>TI4_Config</STRONG> (Thumb, 80 bytes, Stack size 20 bytes, stm32f2xx_tim.o(.text), UNUSED)
<BR><BR>[Called By]<UL><LI><a href="#[c2]">&gt;&gt;</a>&nbsp;&nbsp;&nbsp;TIM_ICInit
</UL>

<P><STRONG><a name="[c7]"></a>TI3_Config</STRONG> (Thumb, 72 bytes, Stack size 20 bytes, stm32f2xx_tim.o(.text), UNUSED)
<BR><BR>[Called By]<UL><LI><a href="#[c2]">&gt;&gt;</a>&nbsp;&nbsp;&nbsp;TIM_ICInit
</UL>

<P><STRONG><a name="[c5]"></a>TI2_Config</STRONG> (Thumb, 90 bytes, Stack size 20 bytes, stm32f2xx_tim.o(.text), UNUSED)
<BR><BR>[Called By]<UL><LI><a href="#[ce]">&gt;&gt;</a>&nbsp;&nbsp;&nbsp;TIM_TIxExternalClockConfig
<LI><a href="#[cb]">&gt;&gt;</a>&nbsp;&nbsp;&nbsp;TIM_PWMIConfig
<LI><a href="#[c2]">&gt;&gt;</a>&nbsp;&nbsp;&nbsp;TIM_ICInit
</UL>

<P><STRONG><a name="[c3]"></a>TI1_Config</STRONG> (Thumb, 58 bytes, Stack size 20 bytes, stm32f2xx_tim.o(.text), UNUSED)
<BR><BR>[Called By]<UL><LI><a href="#[ce]">&gt;&gt;</a>&nbsp;&nbsp;&nbsp;TIM_TIxExternalClockConfig
<LI><a href="#[cb]">&gt;&gt;</a>&nbsp;&nbsp;&nbsp;TIM_PWMIConfig
<LI><a href="#[c2]">&gt;&gt;</a>&nbsp;&nbsp;&nbsp;TIM_ICInit
</UL>

<P><STRONG><a name="[dd]"></a>RTC_ByteToBcd2</STRONG> (Thumb, 28 bytes, Stack size 0 bytes, stm32f2xx_rtc.o(.text))
<BR><BR>[Called By]<UL><LI><a href="#[e1]">&gt;&gt;</a>&nbsp;&nbsp;&nbsp;RTC_SetAlarm
<LI><a href="#[df]">&gt;&gt;</a>&nbsp;&nbsp;&nbsp;RTC_SetDate
<LI><a href="#[db]">&gt;&gt;</a>&nbsp;&nbsp;&nbsp;RTC_SetTime
</UL>

<P><STRONG><a name="[dc]"></a>RTC_Bcd2ToByte</STRONG> (Thumb, 22 bytes, Stack size 0 bytes, stm32f2xx_rtc.o(.text))
<BR><BR>[Called By]<UL><LI><a href="#[e5]">&gt;&gt;</a>&nbsp;&nbsp;&nbsp;RTC_GetTimeStamp
<LI><a href="#[e2]">&gt;&gt;</a>&nbsp;&nbsp;&nbsp;RTC_GetAlarm
<LI><a href="#[e1]">&gt;&gt;</a>&nbsp;&nbsp;&nbsp;RTC_SetAlarm
<LI><a href="#[e0]">&gt;&gt;</a>&nbsp;&nbsp;&nbsp;RTC_GetDate
<LI><a href="#[df]">&gt;&gt;</a>&nbsp;&nbsp;&nbsp;RTC_SetDate
<LI><a href="#[de]">&gt;&gt;</a>&nbsp;&nbsp;&nbsp;RTC_GetTime
<LI><a href="#[db]">&gt;&gt;</a>&nbsp;&nbsp;&nbsp;RTC_SetTime
</UL>

<P><STRONG><a name="[e9]"></a>SetSysClock</STRONG> (Thumb, 192 bytes, Stack size 12 bytes, system_stm32f2xx.o(.text))
<BR><BR>[Stack]<UL><LI>Max Depth = 12<LI>Call Chain = SetSysClock
</UL>
<BR>[Called By]<UL><LI><a href="#[61]">&gt;&gt;</a>&nbsp;&nbsp;&nbsp;SystemInit
</UL>

<P><STRONG><a name="[113]"></a>LCD_PolyLineRelativeClosed</STRONG> (Thumb, 118 bytes, Stack size 32 bytes, guiprimitives.o(.text), UNUSED)
<BR><BR>[Calls]<UL><LI><a href="#[111]">&gt;&gt;</a>&nbsp;&nbsp;&nbsp;LCD_DrawUniLine
</UL>
<BR>[Called By]<UL><LI><a href="#[116]">&gt;&gt;</a>&nbsp;&nbsp;&nbsp;LCD_ClosedPolyLineRelative
<LI><a href="#[115]">&gt;&gt;</a>&nbsp;&nbsp;&nbsp;LCD_PolyLineRelative
</UL>

<P><STRONG><a name="[174]"></a>tn_calc_performance</STRONG> (Thumb, 46 bytes, Stack size 8 bytes, tn_user.o(.text))
<BR><BR>[Stack]<UL><LI>Max Depth = 8 + Unknown Stack Size
<LI>Call Chain = tn_calc_performance
</UL>
<BR>[Calls]<UL><LI><a href="#[15d]">&gt;&gt;</a>&nbsp;&nbsp;&nbsp;tn_int_exit
</UL>
<BR>[Called By]<UL><LI><a href="#[c]">&gt;&gt;</a>&nbsp;&nbsp;&nbsp;SysTick_Handler
</UL>

<P><STRONG><a name="[1ed]"></a>_dadd1</STRONG> (Thumb, 0 bytes, Stack size unknown bytes, daddsub_clz.o(x$fpl$dadd), UNUSED)
<BR><BR>[Called By]<UL><LI><a href="#[1ee]">&gt;&gt;</a>&nbsp;&nbsp;&nbsp;_dsub
<LI><a href="#[1ec]">&gt;&gt;</a>&nbsp;&nbsp;&nbsp;_drsb
</UL>

<P><STRONG><a name="[1e0]"></a>_dsub1</STRONG> (Thumb, 0 bytes, Stack size unknown bytes, daddsub_clz.o(x$fpl$dsub), UNUSED)
<BR><BR>[Called By]<UL><LI><a href="#[1ec]">&gt;&gt;</a>&nbsp;&nbsp;&nbsp;_drsb
<LI><a href="#[1df]">&gt;&gt;</a>&nbsp;&nbsp;&nbsp;_dadd
</UL>

<P><STRONG><a name="[1f6]"></a>_fadd1</STRONG> (Thumb, 0 bytes, Stack size unknown bytes, faddsub_clz.o(x$fpl$fadd), UNUSED)
<BR><BR>[Called By]<UL><LI><a href="#[1f5]">&gt;&gt;</a>&nbsp;&nbsp;&nbsp;_fsub
</UL>

<P><STRONG><a name="[1f2]"></a>_fsub1</STRONG> (Thumb, 0 bytes, Stack size unknown bytes, faddsub_clz.o(x$fpl$fsub), UNUSED)
<BR><BR>[Called By]<UL><LI><a href="#[1f1]">&gt;&gt;</a>&nbsp;&nbsp;&nbsp;_fadd
</UL>
<P>
<H3>
Undefined Global Symbols
</H3><HR></body></html>
